Archive member included to satisfy reference by file (symbol)

c:/siliconlabs/simplicitystudio/v5/developer/toolchains/gnu_arm/10.2_2020q4/bin/../lib/gcc/arm-none-eabi/10.2.1/thumb/v7-m/nofp\libgcc.a(_arm_addsubsf3.o)
                              ./Drivers/vddcheck.o (__aeabi_fsub)
c:/siliconlabs/simplicitystudio/v5/developer/toolchains/gnu_arm/10.2_2020q4/bin/../lib/gcc/arm-none-eabi/10.2.1/thumb/v7-m/nofp\libgcc.a(_arm_muldivsf3.o)
                              ./Drivers/vddcheck.o (__aeabi_fdiv)
c:/siliconlabs/simplicitystudio/v5/developer/toolchains/gnu_arm/10.2_2020q4/bin/../lib/gcc/arm-none-eabi/10.2.1/thumb/v7-m/nofp\libgcc.a(_arm_fixunssfsi.o)
                              ./Drivers/vddcheck.o (__aeabi_f2uiz)
c:/siliconlabs/simplicitystudio/v5/developer/toolchains/gnu_arm/10.2_2020q4/bin/../lib/gcc/arm-none-eabi/10.2.1/thumb/v7-m/nofp\libgcc.a(_aeabi_ldivmod.o)
                              ./emlib/em_usart.o (__aeabi_ldivmod)
c:/siliconlabs/simplicitystudio/v5/developer/toolchains/gnu_arm/10.2_2020q4/bin/../lib/gcc/arm-none-eabi/10.2.1/thumb/v7-m/nofp\libgcc.a(_aeabi_uldivmod.o)
                              ./emlib/em_usart.o (__aeabi_uldivmod)
c:/siliconlabs/simplicitystudio/v5/developer/toolchains/gnu_arm/10.2_2020q4/bin/../lib/gcc/arm-none-eabi/10.2.1/thumb/v7-m/nofp\libgcc.a(_udivmoddi4.o)
                              c:/siliconlabs/simplicitystudio/v5/developer/toolchains/gnu_arm/10.2_2020q4/bin/../lib/gcc/arm-none-eabi/10.2.1/thumb/v7-m/nofp\libgcc.a(_aeabi_ldivmod.o) (__udivmoddi4)
c:/siliconlabs/simplicitystudio/v5/developer/toolchains/gnu_arm/10.2_2020q4/bin/../lib/gcc/arm-none-eabi/10.2.1/thumb/v7-m/nofp\libgcc.a(_dvmd_tls.o)
                              c:/siliconlabs/simplicitystudio/v5/developer/toolchains/gnu_arm/10.2_2020q4/bin/../lib/gcc/arm-none-eabi/10.2.1/thumb/v7-m/nofp\libgcc.a(_aeabi_ldivmod.o) (__aeabi_ldiv0)
c:/siliconlabs/simplicitystudio/v5/developer/toolchains/gnu_arm/10.2_2020q4/bin/../lib/gcc/arm-none-eabi/10.2.1/../../../../arm-none-eabi/lib/thumb/v7-m/nofp\libc_nano.a(lib_a-exit.o)
                              c:/siliconlabs/simplicitystudio/v5/developer/toolchains/gnu_arm/10.2_2020q4/bin/../lib/gcc/arm-none-eabi/10.2.1/../../../../arm-none-eabi/lib/thumb/v7-m/nofp/crt0.o (exit)
c:/siliconlabs/simplicitystudio/v5/developer/toolchains/gnu_arm/10.2_2020q4/bin/../lib/gcc/arm-none-eabi/10.2.1/../../../../arm-none-eabi/lib/thumb/v7-m/nofp\libc_nano.a(lib_a-impure.o)
                              c:/siliconlabs/simplicitystudio/v5/developer/toolchains/gnu_arm/10.2_2020q4/bin/../lib/gcc/arm-none-eabi/10.2.1/../../../../arm-none-eabi/lib/thumb/v7-m/nofp\libc_nano.a(lib_a-exit.o) (_global_impure_ptr)
c:/siliconlabs/simplicitystudio/v5/developer/toolchains/gnu_arm/10.2_2020q4/bin/../lib/gcc/arm-none-eabi/10.2.1/../../../../arm-none-eabi/lib/thumb/v7-m/nofp\libc_nano.a(lib_a-init.o)
                              c:/siliconlabs/simplicitystudio/v5/developer/toolchains/gnu_arm/10.2_2020q4/bin/../lib/gcc/arm-none-eabi/10.2.1/../../../../arm-none-eabi/lib/thumb/v7-m/nofp/crt0.o (__libc_init_array)
c:/siliconlabs/simplicitystudio/v5/developer/toolchains/gnu_arm/10.2_2020q4/bin/../lib/gcc/arm-none-eabi/10.2.1/../../../../arm-none-eabi/lib/thumb/v7-m/nofp\libc_nano.a(lib_a-memcpy-stub.o)
                              ./BSP/bsp_stk.o (memcpy)
c:/siliconlabs/simplicitystudio/v5/developer/toolchains/gnu_arm/10.2_2020q4/bin/../lib/gcc/arm-none-eabi/10.2.1/../../../../arm-none-eabi/lib/thumb/v7-m/nofp\libc_nano.a(lib_a-memset.o)
                              c:/siliconlabs/simplicitystudio/v5/developer/toolchains/gnu_arm/10.2_2020q4/bin/../lib/gcc/arm-none-eabi/10.2.1/../../../../arm-none-eabi/lib/thumb/v7-m/nofp/crt0.o (memset)
c:/siliconlabs/simplicitystudio/v5/developer/toolchains/gnu_arm/10.2_2020q4/bin/../lib/gcc/arm-none-eabi/10.2.1/../../../../arm-none-eabi/lib/thumb/v7-m/nofp\libc_nano.a(lib_a-setvbuf.o)
                              ./Main/retargetvirtual.o (setvbuf)
c:/siliconlabs/simplicitystudio/v5/developer/toolchains/gnu_arm/10.2_2020q4/bin/../lib/gcc/arm-none-eabi/10.2.1/../../../../arm-none-eabi/lib/thumb/v7-m/nofp\libc_nano.a(lib_a-strlen.o)
                              ./Drivers/segmentlcd.o (strlen)
c:/siliconlabs/simplicitystudio/v5/developer/toolchains/gnu_arm/10.2_2020q4/bin/../lib/gcc/arm-none-eabi/10.2.1/../../../../arm-none-eabi/lib/thumb/v7-m/nofp\libc_nano.a(lib_a-fflush.o)
                              c:/siliconlabs/simplicitystudio/v5/developer/toolchains/gnu_arm/10.2_2020q4/bin/../lib/gcc/arm-none-eabi/10.2.1/../../../../arm-none-eabi/lib/thumb/v7-m/nofp\libc_nano.a(lib_a-setvbuf.o) (_fflush_r)
c:/siliconlabs/simplicitystudio/v5/developer/toolchains/gnu_arm/10.2_2020q4/bin/../lib/gcc/arm-none-eabi/10.2.1/../../../../arm-none-eabi/lib/thumb/v7-m/nofp\libc_nano.a(lib_a-findfp.o)
[...]
Memory Configuration

Name             Origin             Length             Attributes
FLASH            0x00000000         0x00100000         xr
RAM              0x20000000         0x00020000         xrw
*default*        0x00000000         0xffffffff

Linker script and memory map

LOAD c:/siliconlabs/simplicitystudio/v5/developer/toolchains/gnu_arm/10.2_2020q4/bin/../lib/gcc/arm-none-eabi/10.2.1/thumb/v7-m/nofp/crti.o
LOAD c:/siliconlabs/simplicitystudio/v5/developer/toolchains/gnu_arm/10.2_2020q4/bin/../lib/gcc/arm-none-eabi/10.2.1/thumb/v7-m/nofp/crtbegin.o
LOAD c:/siliconlabs/simplicitystudio/v5/developer/toolchains/gnu_arm/10.2_2020q4/bin/../lib/gcc/arm-none-eabi/10.2.1/../../../../arm-none-eabi/lib/thumb/v7-m/nofp/crt0.o
LOAD ./BSP/bsp_bcc.o
LOAD ./BSP/bsp_stk.o
LOAD ./BSP/bsp_stk_leds.o
LOAD ./BSP/bsp_trace.o
LOAD ./CMSIS/EFM32GG/startup_efm32gg.o
LOAD ./CMSIS/EFM32GG/system_efm32gg.o
LOAD ./Drivers/retargetio.o
LOAD ./Drivers/segmentlcd.o
LOAD ./Drivers/vddcheck.o
LOAD ./Main/em_int.o
LOAD ./Main/lcd.o
LOAD ./Main/retargetvirtual.o
LOAD ./emlib/em_assert.o
LOAD ./emlib/em_cmu.o
LOAD ./emlib/em_core.o
LOAD ./emlib/em_ebi.o
LOAD ./emlib/em_emu.o
LOAD ./emlib/em_gpio.o
LOAD ./emlib/em_lcd.o
LOAD ./emlib/em_leuart.o
LOAD ./emlib/em_prs.o
LOAD ./emlib/em_rtc.o
LOAD ./emlib/em_system.o
LOAD ./emlib/em_timer.o
LOAD ./emlib/em_usart.o
LOAD ./emlib/em_vcmp.o
START GROUP
LOAD c:/siliconlabs/simplicitystudio/v5/developer/toolchains/gnu_arm/10.2_2020q4/bin/../lib/gcc/arm-none-eabi/10.2.1/thumb/v7-m/nofp\libgcc.a
LOAD c:/siliconlabs/simplicitystudio/v5/developer/toolchains/gnu_arm/10.2_2020q4/bin/../lib/gcc/arm-none-eabi/10.2.1/../../../../arm-none-eabi/lib/thumb/v7-m/nofp\libc_nano.a
LOAD c:/siliconlabs/simplicitystudio/v5/developer/toolchains/gnu_arm/10.2_2020q4/bin/../lib/gcc/arm-none-eabi/10.2.1/../../../../arm-none-eabi/lib/thumb/v7-m/nofp\libnosys.a
END GROUP
START GROUP
LOAD c:/siliconlabs/simplicitystudio/v5/developer/toolchains/gnu_arm/10.2_2020q4/bin/../lib/gcc/arm-none-eabi/10.2.1/thumb/v7-m/nofp\libgcc.a
LOAD c:/siliconlabs/simplicitystudio/v5/developer/toolchains/gnu_arm/10.2_2020q4/bin/../lib/gcc/arm-none-eabi/10.2.1/../../../../arm-none-eabi/lib/thumb/v7-m/nofp\libg_nano.a
LOAD c:/siliconlabs/simplicitystudio/v5/developer/toolchains/gnu_arm/10.2_2020q4/bin/../lib/gcc/arm-none-eabi/10.2.1/../../../../arm-none-eabi/lib/thumb/v7-m/nofp\libc_nano.a
END GROUP
START GROUP
LOAD c:/siliconlabs/simplicitystudio/v5/developer/toolchains/gnu_arm/10.2_2020q4/bin/../lib/gcc/arm-none-eabi/10.2.1/thumb/v7-m/nofp\libgcc.a
LOAD c:/siliconlabs/simplicitystudio/v5/developer/toolchains/gnu_arm/10.2_2020q4/bin/../lib/gcc/arm-none-eabi/10.2.1/../../../../arm-none-eabi/lib/thumb/v7-m/nofp\libc_nano.a
END GROUP
LOAD c:/siliconlabs/simplicitystudio/v5/developer/toolchains/gnu_arm/10.2_2020q4/bin/../lib/gcc/arm-none-eabi/10.2.1/thumb/v7-m/nofp/crtend.o
LOAD c:/siliconlabs/simplicitystudio/v5/developer/toolchains/gnu_arm/10.2_2020q4/bin/../lib/gcc/arm-none-eabi/10.2.1/thumb/v7-m/nofp/crtn.o

.text           0x00000000     0x3348
 *(.vectors)
 .vectors       0x00000000       0xdc ./CMSIS/EFM32GG/startup_efm32gg.o
                0x00000000                __Vectors
                0x000000dc                __Vectors_End = .
                0x000000dc                __Vectors_Size = (__Vectors_End - __Vectors)
                0x200000c8                __end__ = .
 *(.text*)
 .text          0x000000dc       0x40 c:/siliconlabs/simplicitystudio/v5/developer/toolchains/gnu_arm/10.2_2020q4/bin/../lib/gcc/arm-none-eabi/10.2.1/thumb/v7-m/nofp/crtbegin.o
 .text          0x0000011c       0x7c c:/siliconlabs/simplicitystudio/v5/developer/toolchains/gnu_arm/10.2_2020q4/bin/../lib/gcc/arm-none-eabi/10.2.1/../../../../arm-none-eabi/lib/thumb/v7-m/nofp/crt0.o
                0x0000011c                _stack_init
                0x00000124                _start
                0x00000124                _mainCRTStartup
 .text.BSP_LedsInit
                0x00000198       0x38 ./BSP/bsp_stk_leds.o
                0x00000198                BSP_LedsInit
 .text.BSP_LedSet
                0x000001d0       0x5c ./BSP/bsp_stk_leds.o
                0x000001d0                BSP_LedSet
 .text.BSP_TraceProfilerSetup
                0x0000022c       0xe0 ./BSP/bsp_trace.o
                0x0000022c                BSP_TraceProfilerSetup
 .text          0x0000030c       0x30 ./CMSIS/EFM32GG/startup_efm32gg.o
                0x0000030c                Reset_Handler
                0x00000338                DebugMon_Handler
                0x00000338                USART0_TX_IRQHandler
                0x00000338                I2C0_IRQHandler
                0x00000338                HardFault_Handler
                0x00000338                LEUART1_IRQHandler
                0x00000338                USART1_RX_IRQHandler
                0x00000338                PendSV_Handler
                0x00000338                NMI_Handler
                0x00000338                I2C1_IRQHandler
                0x00000338                USART1_TX_IRQHandler
                0x00000338                MSC_IRQHandler
                0x00000338                ADC0_IRQHandler
                0x00000338                UsageFault_Handler
                0x00000338                GPIO_EVEN_IRQHandler
                0x00000338                UART0_TX_IRQHandler
                0x00000338                UART1_TX_IRQHandler
                0x00000338                RTC_IRQHandler
                0x00000338                TIMER0_IRQHandler
                0x00000338                TIMER2_IRQHandler
                0x00000338                LCD_IRQHandler
                0x00000338                PCNT2_IRQHandler
                0x00000338                UART0_RX_IRQHandler
                0x00000338                LETIMER0_IRQHandler
                0x00000338                TIMER1_IRQHandler
                0x00000338                USART2_RX_IRQHandler
                0x00000338                Default_Handler
                0x00000338                EMU_IRQHandler
                0x00000338                PCNT0_IRQHandler
                0x00000338                sl_app_properties
                0x00000338                USB_IRQHandler
                0x00000338                BURTC_IRQHandler
                0x00000338                PCNT1_IRQHandler
                0x00000338                ACMP0_IRQHandler
                0x00000338                USART0_RX_IRQHandler
                0x00000338                MemManage_Handler
                0x00000338                SVC_Handler
                0x00000338                DAC0_IRQHandler
                0x00000338                UART1_RX_IRQHandler
                0x00000338                CMU_IRQHandler
                0x00000338                EBI_IRQHandler
                0x00000338                LESENSE_IRQHandler
                0x00000338                GPIO_ODD_IRQHandler
                0x00000338                AES_IRQHandler
                0x00000338                VCMP_IRQHandler
                0x00000338                DMA_IRQHandler
                0x00000338                BusFault_Handler
                0x00000338                USART2_TX_IRQHandler
 .text.SystemMaxCoreClockGet
                0x0000033c        0x8 ./CMSIS/EFM32GG/system_efm32gg.o
                0x0000033c                SystemMaxCoreClockGet
 .text.SystemHFClockGet
                0x00000344       0xd0 ./CMSIS/EFM32GG/system_efm32gg.o
                0x00000344                SystemHFClockGet
 .text.SystemCoreClockGet
                0x00000414       0x20 ./CMSIS/EFM32GG/system_efm32gg.o
                0x00000414                SystemCoreClockGet
 .text.SystemHFXOClockGet
                0x00000434        0xc ./CMSIS/EFM32GG/system_efm32gg.o
                0x00000434                SystemHFXOClockGet
 .text.SystemInit
                0x00000440       0x10 ./CMSIS/EFM32GG/system_efm32gg.o
                0x00000440                SystemInit
 .text.SystemLFRCOClockGet
                0x00000450        0x8 ./CMSIS/EFM32GG/system_efm32gg.o
                0x00000450                SystemLFRCOClockGet
 .text.SystemULFRCOClockGet
                0x00000458        0x8 ./CMSIS/EFM32GG/system_efm32gg.o
                0x00000458                SystemULFRCOClockGet
 .text.SystemLFXOClockGet
                0x00000460        0xc ./CMSIS/EFM32GG/system_efm32gg.o
                0x00000460                SystemLFXOClockGet
 .text._close   0x0000046c        0x4 ./Drivers/retargetio.o
                0x0000046c                _close
 .text._exit    0x00000470        0x4 ./Drivers/retargetio.o
                0x00000470                _exit
 .text._fstat   0x00000474        0xc ./Drivers/retargetio.o
                0x00000474                _fstat
 .text._lseek   0x00000480        0x4 ./Drivers/retargetio.o
                0x00000480                _lseek
 .text._read    0x00000484       0x2c ./Drivers/retargetio.o
                0x00000484                _read
 .text._write   0x000004b0       0x1c ./Drivers/retargetio.o
                0x000004b0                _write
 .text.SegmentLCD_AllOff
                0x000004cc       0xac ./Drivers/segmentlcd.o
                0x000004cc                SegmentLCD_AllOff
 .text.SegmentLCD_AlphaNumberOff
                0x00000578       0xa8 ./Drivers/segmentlcd.o
                0x00000578                SegmentLCD_AlphaNumberOff
 .text.SegmentLCD_Init
                0x00000620       0xac ./Drivers/segmentlcd.o
                0x00000620                SegmentLCD_Init
 .text.SegmentLCD_NumberOff
                0x000006cc       0x4c ./Drivers/segmentlcd.o
                0x000006cc                SegmentLCD_NumberOff
 .text.SegmentLCD_Number
                0x00000718       0xd8 ./Drivers/segmentlcd.o
                0x00000718                SegmentLCD_Number
 .text.SegmentLCD_Write
                0x000007f0       0x8c ./Drivers/segmentlcd.o
                0x000007f0                SegmentLCD_Write
 .text.TIMER3_IRQHandler
                0x0000087c       0x3c ./Main/lcd.o
                0x0000087c                TIMER3_IRQHandler
 .text.SysTick_Handler
                0x000008b8       0x10 ./Main/lcd.o
                0x000008b8                SysTick_Handler
 .text.startup.main
                0x000008c8      0x1ac ./Main/lcd.o
                0x000008c8                main
 .text.LEUART0_IRQHandler
                0x00000a74       0x58 ./Main/retargetvirtual.o
                0x00000a74                LEUART0_IRQHandler
 .text.RETARGET_SerialCrLf
                0x00000acc       0x10 ./Main/retargetvirtual.o
                0x00000acc                RETARGET_SerialCrLf
 .text.RETARGET_SerialInit
                0x00000adc       0xd4 ./Main/retargetvirtual.o
                0x00000adc                RETARGET_SerialInit
 .text.RETARGET_ReadChar
                0x00000bb0       0x78 ./Main/retargetvirtual.o
                0x00000bb0                RETARGET_ReadChar
 .text.RETARGET_WriteChar
                0x00000c28       0x5c ./Main/retargetvirtual.o
                0x00000c28                RETARGET_WriteChar
 .text.RETARGET_WriteString
                0x00000c84       0x78 ./Main/retargetvirtual.o
                0x00000c84                RETARGET_WriteString
 .text.assertEFM
                0x00000cfc        0x4 ./emlib/em_assert.o
                0x00000cfc                assertEFM
 .text.auxClkGet
                0x00000d00       0xa0 ./emlib/em_cmu.o
 .text.maxFreqHfle
                0x00000da0       0x6c ./emlib/em_cmu.o
 .text.flashWaitStateMax
                0x00000e0c       0x78 ./emlib/em_cmu.o
 .text.setHfLeConfig
                0x00000e84       0xa8 ./emlib/em_cmu.o
 .text.CMU_UpdateWaitStates
                0x00000f2c       0x74 ./emlib/em_cmu.o
                0x00000f2c                CMU_UpdateWaitStates
 .text.CMU_ClockDivGet
                0x00000fa0      0x118 ./emlib/em_cmu.o
                0x00000fa0                CMU_ClockDivGet
 .text.CMU_ClockDivSet
                0x000010b8      0x390 ./emlib/em_cmu.o
                0x000010b8                CMU_ClockDivSet
 .text.CMU_ClockEnable
                0x00001448       0xb4 ./emlib/em_cmu.o
                0x00001448                CMU_ClockEnable
 .text.CMU_ClockSelectGet
                0x000014fc       0xd4 ./emlib/em_cmu.o
                0x000014fc                CMU_ClockSelectGet
 .text.lfClkGet
                0x000015d0       0xe0 ./emlib/em_cmu.o
 .text.CMU_ClockFreqGet
                0x000016b0      0x1a0 ./emlib/em_cmu.o
                0x000016b0                CMU_ClockFreqGet
 .text.CMU_ClockSelectSet
                0x00001850      0x22c ./emlib/em_cmu.o
                0x00001850                CMU_ClockSelectSet
 .text.CMU_LCDClkFDIVSet
                0x00001a7c       0x34 ./emlib/em_cmu.o
                0x00001a7c                CMU_LCDClkFDIVSet
 .text.CORE_EnterCritical
                0x00001ab0        0x8 ./emlib/em_core.o
                0x00001ab0                CORE_EnterCritical
 .text.CORE_ExitCritical
                0x00001ab8        0x8 ./emlib/em_core.o
                0x00001ab8                CORE_ExitCritical
 .text.GPIO_PinModeSet
                0x00001ac0      0x1b4 ./emlib/em_gpio.o
                0x00001ac0                GPIO_PinModeSet
 .text.LCD_Init
                0x00001c74       0x54 ./emlib/em_lcd.o
                0x00001c74                LCD_Init
 .text.LCD_VLCDSelect
                0x00001cc8       0x1c ./emlib/em_lcd.o
                0x00001cc8                LCD_VLCDSelect
 .text.LCD_SegmentRangeEnable
                0x00001ce4       0x1c ./emlib/em_lcd.o
                0x00001ce4                LCD_SegmentRangeEnable
 .text.LCD_SegmentSet
                0x00001d00      0x224 ./emlib/em_lcd.o
                0x00001d00                LCD_SegmentSet
 .text.LCD_SegmentSetLow
                0x00001f24       0xc8 ./emlib/em_lcd.o
                0x00001f24                LCD_SegmentSetLow
 .text.LCD_SegmentSetHigh
                0x00001fec       0xc8 ./emlib/em_lcd.o
                0x00001fec                LCD_SegmentSetHigh
 .text.LCD_VBoostSet
                0x000020b4       0x14 ./emlib/em_lcd.o
                0x000020b4                LCD_VBoostSet
 .text.LEUART_BaudrateSet
                0x000020c8       0x88 ./emlib/em_leuart.o
                0x000020c8                LEUART_BaudrateSet
 .text.LEUART_Enable
                0x00002150       0x44 ./emlib/em_leuart.o
                0x00002150                LEUART_Enable
 .text.LEUART_Init
                0x00002194       0x68 ./emlib/em_leuart.o
                0x00002194                LEUART_Init
 .text.LEUART_Rx
                0x000021fc        0xc ./emlib/em_leuart.o
                0x000021fc                LEUART_Rx
 .text.LEUART_Tx
                0x00002208       0x18 ./emlib/em_leuart.o
                0x00002208                LEUART_Tx
 .text.SYSTEM_ChipRevisionGet
                0x00002220       0x50 ./emlib/em_system.o
                0x00002220                SYSTEM_ChipRevisionGet
 .text.TIMER_Init
                0x00002270       0xd4 ./emlib/em_timer.o
                0x00002270                TIMER_Init
 .text.TIMER_InitCC
                0x00002344       0x94 ./emlib/em_timer.o
                0x00002344                TIMER_InitCC
 .text.exit     0x000023d8       0x28 c:/siliconlabs/simplicitystudio/v5/developer/toolchains/gnu_arm/10.2_2020q4/bin/../lib/gcc/arm-none-eabi/10.2.1/../../../../arm-none-eabi/lib/thumb/v7-m/nofp\libc_nano.a(lib_a-exit.o)
                0x000023d8                exit
 .text.__libc_init_array
                0x00002400       0x48 c:/siliconlabs/simplicitystudio/v5/developer/toolchains/gnu_arm/10.2_2020q4/bin/../lib/gcc/arm-none-eabi/10.2.1/../../../../arm-none-eabi/lib/thumb/v7-m/nofp\libc_nano.a(lib_a-init.o)
                0x00002400                __libc_init_array
 .text.memset   0x00002448       0x10 c:/siliconlabs/simplicitystudio/v5/developer/toolchains/gnu_arm/10.2_2020q4/bin/../lib/gcc/arm-none-eabi/10.2.1/../../../../arm-none-eabi/lib/thumb/v7-m/nofp\libc_nano.a(lib_a-memset.o)
                0x00002448                memset
 .text.setvbuf  0x00002458      0x18c c:/siliconlabs/simplicitystudio/v5/developer/toolchains/gnu_arm/10.2_2020q4/bin/../lib/gcc/arm-none-eabi/10.2.1/../../../../arm-none-eabi/lib/thumb/v7-m/nofp\libc_nano.a(lib_a-setvbuf.o)
                0x00002458                setvbuf
 .text          0x000025e4       0x10 c:/siliconlabs/simplicitystudio/v5/developer/toolchains/gnu_arm/10.2_2020q4/bin/../lib/gcc/arm-none-eabi/10.2.1/../../../../arm-none-eabi/lib/thumb/v7-m/nofp\libc_nano.a(lib_a-strlen.o)
                0x000025e4                strlen
 .text.__sflush_r
                0x000025f4      0x104 c:/siliconlabs/simplicitystudio/v5/developer/toolchains/gnu_arm/10.2_2020q4/bin/../lib/gcc/arm-none-eabi/10.2.1/../../../../arm-none-eabi/lib/thumb/v7-m/nofp\libc_nano.a(lib_a-fflush.o)
                0x000025f4                __sflush_r
 .text._fflush_r
                0x000026f8       0x78 c:/siliconlabs/simplicitystudio/v5/developer/toolchains/gnu_arm/10.2_2020q4/bin/../lib/gcc/arm-none-eabi/10.2.1/../../../../arm-none-eabi/lib/thumb/v7-m/nofp\libc_nano.a(lib_a-fflush.o)
                0x000026f8                _fflush_r
 .text.std      0x00002770       0x48 c:/siliconlabs/simplicitystudio/v5/developer/toolchains/gnu_arm/10.2_2020q4/bin/../lib/gcc/arm-none-eabi/10.2.1/../../../../arm-none-eabi/lib/thumb/v7-m/nofp\libc_nano.a(lib_a-findfp.o)
 .text._cleanup_r
                0x000027b8        0xc c:/siliconlabs/simplicitystudio/v5/developer/toolchains/gnu_arm/10.2_2020q4/bin/../lib/gcc/arm-none-eabi/10.2.1/../../../../arm-none-eabi/lib/thumb/v7-m/nofp\libc_nano.a(lib_a-findfp.o)
                0x000027b8                _cleanup_r
 .text.__sfmoreglue
                0x000027c4       0x2c c:/siliconlabs/simplicitystudio/v5/developer/toolchains/gnu_arm/10.2_2020q4/bin/../lib/gcc/arm-none-eabi/10.2.1/../../../../arm-none-eabi/lib/thumb/v7-m/nofp\libc_nano.a(lib_a-findfp.o)
                0x000027c4                __sfmoreglue
 .text.__sfp_lock_acquire
                0x000027f0        0xc c:/siliconlabs/simplicitystudio/v5/developer/toolchains/gnu_arm/10.2_2020q4/bin/../lib/gcc/arm-none-eabi/10.2.1/../../../../arm-none-eabi/lib/thumb/v7-m/nofp\libc_nano.a(lib_a-findfp.o)
                0x000027f0                __sfp_lock_acquire
 .text.__sfp_lock_release
                0x000027fc        0xc c:/siliconlabs/simplicitystudio/v5/developer/toolchains/gnu_arm/10.2_2020q4/bin/../lib/gcc/arm-none-eabi/10.2.1/../../../../arm-none-eabi/lib/thumb/v7-m/nofp\libc_nano.a(lib_a-findfp.o)
                0x000027fc                __sfp_lock_release
 .text.__sinit_lock_acquire
                0x00002808        0xc c:/siliconlabs/simplicitystudio/v5/developer/toolchains/gnu_arm/10.2_2020q4/bin/../lib/gcc/arm-none-eabi/10.2.1/../../../../arm-none-eabi/lib/thumb/v7-m/nofp\libc_nano.a(lib_a-findfp.o)
                0x00002808                __sinit_lock_acquire
 .text.__sinit_lock_release
                0x00002814        0xc c:/siliconlabs/simplicitystudio/v5/developer/toolchains/gnu_arm/10.2_2020q4/bin/../lib/gcc/arm-none-eabi/10.2.1/../../../../arm-none-eabi/lib/thumb/v7-m/nofp\libc_nano.a(lib_a-findfp.o)
                0x00002814                __sinit_lock_release
 .text.__sinit  0x00002820       0x70 c:/siliconlabs/simplicitystudio/v5/developer/toolchains/gnu_arm/10.2_2020q4/bin/../lib/gcc/arm-none-eabi/10.2.1/../../../../arm-none-eabi/lib/thumb/v7-m/nofp\libc_nano.a(lib_a-findfp.o)
                0x00002820                __sinit
 .text.__sfp    0x00002890       0x8c c:/siliconlabs/simplicitystudio/v5/developer/toolchains/gnu_arm/10.2_2020q4/bin/../lib/gcc/arm-none-eabi/10.2.1/../../../../arm-none-eabi/lib/thumb/v7-m/nofp\libc_nano.a(lib_a-findfp.o)
                0x00002890                __sfp
 .text._fwalk_reent
                0x0000291c       0x3e c:/siliconlabs/simplicitystudio/v5/developer/toolchains/gnu_arm/10.2_2020q4/bin/../lib/gcc/arm-none-eabi/10.2.1/../../../../arm-none-eabi/lib/thumb/v7-m/nofp\libc_nano.a(lib_a-fwalk.o)
                0x0000291c                _fwalk_reent
 .text.__retarget_lock_init_recursive
                0x0000295a        0x2 c:/siliconlabs/simplicitystudio/v5/developer/toolchains/gnu_arm/10.2_2020q4/bin/../lib/gcc/arm-none-eabi/10.2.1/../../../../arm-none-eabi/lib/thumb/v7-m/nofp\libc_nano.a(lib_a-lock.o)
                0x0000295a                __retarget_lock_init_recursive
 .text.__retarget_lock_acquire_recursive
                0x0000295c        0x2 c:/siliconlabs/simplicitystudio/v5/developer/toolchains/gnu_arm/10.2_2020q4/bin/../lib/gcc/arm-none-eabi/10.2.1/../../../../arm-none-eabi/lib/thumb/v7-m/nofp\libc_nano.a(lib_a-lock.o)
                0x0000295c                __retarget_lock_acquire_recursive
 .text.__retarget_lock_release_recursive
                0x0000295e        0x2 c:/siliconlabs/simplicitystudio/v5/developer/toolchains/gnu_arm/10.2_2020q4/bin/../lib/gcc/arm-none-eabi/10.2.1/../../../../arm-none-eabi/lib/thumb/v7-m/nofp\libc_nano.a(lib_a-lock.o)
                0x0000295e                __retarget_lock_release_recursive
 .text.__swhatbuf_r
                0x00002960       0x4a c:/siliconlabs/simplicitystudio/v5/developer/toolchains/gnu_arm/10.2_2020q4/bin/../lib/gcc/arm-none-eabi/10.2.1/../../../../arm-none-eabi/lib/thumb/v7-m/nofp\libc_nano.a(lib_a-makebuf.o)
                0x00002960                __swhatbuf_r
 *fill*         0x000029aa        0x2 
 .text.malloc   0x000029ac       0x10 c:/siliconlabs/simplicitystudio/v5/developer/toolchains/gnu_arm/10.2_2020q4/bin/../lib/gcc/arm-none-eabi/10.2.1/../../../../arm-none-eabi/lib/thumb/v7-m/nofp\libc_nano.a(lib_a-malloc.o)
                0x000029ac                malloc
 .text._free_r  0x000029bc       0x90 c:/siliconlabs/simplicitystudio/v5/developer/toolchains/gnu_arm/10.2_2020q4/bin/../lib/gcc/arm-none-eabi/10.2.1/../../../../arm-none-eabi/lib/thumb/v7-m/nofp\libc_nano.a(lib_a-nano-freer.o)
                0x000029bc                _free_r
 .text._malloc_r
                0x00002a4c       0xb4 c:/siliconlabs/simplicitystudio/v5/developer/toolchains/gnu_arm/10.2_2020q4/bin/../lib/gcc/arm-none-eabi/10.2.1/../../../../arm-none-eabi/lib/thumb/v7-m/nofp\libc_nano.a(lib_a-nano-mallocr.o)
                0x00002a4c                _malloc_r
 .text._sbrk_r  0x00002b00       0x20 c:/siliconlabs/simplicitystudio/v5/developer/toolchains/gnu_arm/10.2_2020q4/bin/../lib/gcc/arm-none-eabi/10.2.1/../../../../arm-none-eabi/lib/thumb/v7-m/nofp\libc_nano.a(lib_a-sbrkr.o)
                0x00002b00                _sbrk_r
 .text.__sread  0x00002b20       0x22 c:/siliconlabs/simplicitystudio/v5/developer/toolchains/gnu_arm/10.2_2020q4/bin/../lib/gcc/arm-none-eabi/10.2.1/../../../../arm-none-eabi/lib/thumb/v7-m/nofp\libc_nano.a(lib_a-stdio.o)
                0x00002b20                __sread
 .text.__swrite
                0x00002b42       0x38 c:/siliconlabs/simplicitystudio/v5/developer/toolchains/gnu_arm/10.2_2020q4/bin/../lib/gcc/arm-none-eabi/10.2.1/../../../../arm-none-eabi/lib/thumb/v7-m/nofp\libc_nano.a(lib_a-stdio.o)
                0x00002b42                __swrite
 .text.__sseek  0x00002b7a       0x24 c:/siliconlabs/simplicitystudio/v5/developer/toolchains/gnu_arm/10.2_2020q4/bin/../lib/gcc/arm-none-eabi/10.2.1/../../../../arm-none-eabi/lib/thumb/v7-m/nofp\libc_nano.a(lib_a-stdio.o)
                0x00002b7a                __sseek
 .text.__sclose
                0x00002b9e        0x8 c:/siliconlabs/simplicitystudio/v5/developer/toolchains/gnu_arm/10.2_2020q4/bin/../lib/gcc/arm-none-eabi/10.2.1/../../../../arm-none-eabi/lib/thumb/v7-m/nofp\libc_nano.a(lib_a-stdio.o)
                0x00002b9e                __sclose
 *fill*         0x00002ba6        0x2 
 .text._write_r
                0x00002ba8       0x24 c:/siliconlabs/simplicitystudio/v5/developer/toolchains/gnu_arm/10.2_2020q4/bin/../lib/gcc/arm-none-eabi/10.2.1/../../../../arm-none-eabi/lib/thumb/v7-m/nofp\libc_nano.a(lib_a-writer.o)
                0x00002ba8                _write_r
 .text._close_r
                0x00002bcc       0x20 c:/siliconlabs/simplicitystudio/v5/developer/toolchains/gnu_arm/10.2_2020q4/bin/../lib/gcc/arm-none-eabi/10.2.1/../../../../arm-none-eabi/lib/thumb/v7-m/nofp\libc_nano.a(lib_a-closer.o)
                0x00002bcc                _close_r
 .text._fstat_r
                0x00002bec       0x24 c:/siliconlabs/simplicitystudio/v5/developer/toolchains/gnu_arm/10.2_2020q4/bin/../lib/gcc/arm-none-eabi/10.2.1/../../../../arm-none-eabi/lib/thumb/v7-m/nofp\libc_nano.a(lib_a-fstatr.o)
                0x00002bec                _fstat_r
 .text._lseek_r
                0x00002c10       0x24 c:/siliconlabs/simplicitystudio/v5/developer/toolchains/gnu_arm/10.2_2020q4/bin/../lib/gcc/arm-none-eabi/10.2.1/../../../../arm-none-eabi/lib/thumb/v7-m/nofp\libc_nano.a(lib_a-lseekr.o)
                0x00002c10                _lseek_r
 .text.__malloc_lock
                0x00002c34        0xc c:/siliconlabs/simplicitystudio/v5/developer/toolchains/gnu_arm/10.2_2020q4/bin/../lib/gcc/arm-none-eabi/10.2.1/../../../../arm-none-eabi/lib/thumb/v7-m/nofp\libc_nano.a(lib_a-mlock.o)
                0x00002c34                __malloc_lock
 .text.__malloc_unlock
                0x00002c40        0xc c:/siliconlabs/simplicitystudio/v5/developer/toolchains/gnu_arm/10.2_2020q4/bin/../lib/gcc/arm-none-eabi/10.2.1/../../../../arm-none-eabi/lib/thumb/v7-m/nofp\libc_nano.a(lib_a-mlock.o)
                0x00002c40                __malloc_unlock
 .text._read_r  0x00002c4c       0x24 c:/siliconlabs/simplicitystudio/v5/developer/toolchains/gnu_arm/10.2_2020q4/bin/../lib/gcc/arm-none-eabi/10.2.1/../../../../arm-none-eabi/lib/thumb/v7-m/nofp\libc_nano.a(lib_a-readr.o)
                0x00002c4c                _read_r
 .text._sbrk    0x00002c70       0x1c c:/siliconlabs/simplicitystudio/v5/developer/toolchains/gnu_arm/10.2_2020q4/bin/../lib/gcc/arm-none-eabi/10.2.1/../../../../arm-none-eabi/lib/thumb/v7-m/nofp\libnosys.a(sbrk.o)
                0x00002c70                _sbrk
 *(.init)
 .init          0x00002c8c        0x4 c:/siliconlabs/simplicitystudio/v5/developer/toolchains/gnu_arm/10.2_2020q4/bin/../lib/gcc/arm-none-eabi/10.2.1/thumb/v7-m/nofp/crti.o
                0x00002c8c                _init
 .init          0x00002c90        0x8 c:/siliconlabs/simplicitystudio/v5/developer/toolchains/gnu_arm/10.2_2020q4/bin/../lib/gcc/arm-none-eabi/10.2.1/thumb/v7-m/nofp/crtn.o
 *(.fini)
 .fini          0x00002c98        0x4 c:/siliconlabs/simplicitystudio/v5/developer/toolchains/gnu_arm/10.2_2020q4/bin/../lib/gcc/arm-none-eabi/10.2.1/thumb/v7-m/nofp/crti.o
                0x00002c98                _fini
 .fini          0x00002c9c        0x8 c:/siliconlabs/simplicitystudio/v5/developer/toolchains/gnu_arm/10.2_2020q4/bin/../lib/gcc/arm-none-eabi/10.2.1/thumb/v7-m/nofp/crtn.o
 *crtbegin.o(.ctors)
 *crtbegin?.o(.ctors)
 *(EXCLUDE_FILE(*crtend.o *crtend?.o) .ctors)
 *(SORT_BY_NAME(.ctors.*))
 *(.ctors)
 *crtbegin.o(.dtors)
 *crtbegin?.o(.dtors)
 *(EXCLUDE_FILE(*crtend.o *crtend?.o) .dtors)
 *(SORT_BY_NAME(.dtors.*))
 *(.dtors)
 *(.rodata*)
 .rodata.BSP_LedsGet.str1.4
                0x00002ca4       0x4f ./BSP/bsp_stk_leds.o
 *fill*         0x00002cf3        0x1 
 .rodata.ledArray
                0x00002cf4       0x10 ./BSP/bsp_stk_leds.o
 .rodata.EFM_Display
                0x00002d04      0x1fe ./Drivers/segmentlcd.o
 *fill*         0x00002f02        0x2 
 .rodata.Segment_Alphabet
                0x00002f04       0xb8 ./Drivers/segmentlcd.o
 .rodata.Segment_Numbers
                0x00002fbc       0x22 ./Drivers/segmentlcd.o
 *fill*         0x00002fde        0x2 
 .rodata.lcdInit
                0x00002fe0       0x14 ./Drivers/segmentlcd.o
 .rodata.TIMER3_IRQHandler.str1.4
                0x00002ff4       0x50 ./Main/lcd.o
 .rodata        0x00003044       0x10 ./Main/retargetvirtual.o
 .rodata.auxClkGet.str1.4
                0x00003054       0x4e ./emlib/em_cmu.o
 *fill*         0x000030a2        0x2 
 .rodata.CMU_ClockDivSet.str1.4
                0x000030a4       0x4e ./emlib/em_cmu.o
 *fill*         0x000030f2        0x2 
 .rodata.CSWTCH.36
                0x000030f4        0x3 ./emlib/em_cmu.o
 *fill*         0x000030f7        0x1 
 .rodata.GPIO_DbgLocationSet.str1.4
                0x000030f8       0x4f ./emlib/em_gpio.o
 .rodata.GPIO_PinModeSet.str1.4
                0x00003147       0x4f ./emlib/em_gpio.o
 *fill*         0x00003147        0x1 
 .rodata.LCD_Init.str1.4
                0x00003148       0x4e ./emlib/em_lcd.o
 *fill*         0x00003196        0x2 
 .rodata.LCD_SegmentSet.str1.4
                0x00003198       0x4e ./emlib/em_lcd.o
 *fill*         0x000031e6        0x2 
 .rodata.LEUART_BaudrateGet.str1.4
                0x000031e8       0x51 ./emlib/em_leuart.o
 *fill*         0x00003239        0x3 
 .rodata.SYSTEM_ChipRevisionGet.str1.4
                0x0000323c       0x51 ./emlib/em_system.o
 *fill*         0x0000328d        0x3 
 .rodata.TIMER_Init.str1.4
                0x00003290       0x50 ./emlib/em_timer.o
 .rodata._global_impure_ptr
                0x000032e0        0x4 c:/siliconlabs/simplicitystudio/v5/developer/toolchains/gnu_arm/10.2_2020q4/bin/../lib/gcc/arm-none-eabi/10.2.1/../../../../arm-none-eabi/lib/thumb/v7-m/nofp\libc_nano.a(lib_a-impure.o)
                0x000032e0                _global_impure_ptr
 .rodata.__sf_fake_stderr
                0x000032e4       0x20 c:/siliconlabs/simplicitystudio/v5/developer/toolchains/gnu_arm/10.2_2020q4/bin/../lib/gcc/arm-none-eabi/10.2.1/../../../../arm-none-eabi/lib/thumb/v7-m/nofp\libc_nano.a(lib_a-findfp.o)
                0x000032e4                __sf_fake_stderr
 .rodata.__sf_fake_stdin
                0x00003304       0x20 c:/siliconlabs/simplicitystudio/v5/developer/toolchains/gnu_arm/10.2_2020q4/bin/../lib/gcc/arm-none-eabi/10.2.1/../../../../arm-none-eabi/lib/thumb/v7-m/nofp\libc_nano.a(lib_a-findfp.o)
                0x00003304                __sf_fake_stdin
 .rodata.__sf_fake_stdout
                0x00003324       0x20 c:/siliconlabs/simplicitystudio/v5/developer/toolchains/gnu_arm/10.2_2020q4/bin/../lib/gcc/arm-none-eabi/10.2.1/../../../../arm-none-eabi/lib/thumb/v7-m/nofp\libc_nano.a(lib_a-findfp.o)
                0x00003324                __sf_fake_stdout
 *(.eh_frame*)
 .eh_frame      0x00003344        0x0 c:/siliconlabs/simplicitystudio/v5/developer/toolchains/gnu_arm/10.2_2020q4/bin/../lib/gcc/arm-none-eabi/10.2.1/thumb/v7-m/nofp/crtbegin.o
 .eh_frame      0x00003344        0x4 c:/siliconlabs/simplicitystudio/v5/developer/toolchains/gnu_arm/10.2_2020q4/bin/../lib/gcc/arm-none-eabi/10.2.1/thumb/v7-m/nofp/crtend.o

.glue_7         0x00003348        0x0
 .glue_7        0x00003348        0x0 linker stubs

.glue_7t        0x00003348        0x0
 .glue_7t       0x00003348        0x0 linker stubs

.vfp11_veneer   0x00003348        0x0
 .vfp11_veneer  0x00003348        0x0 linker stubs

.v4_bx          0x00003348        0x0
 .v4_bx         0x00003348        0x0 linker stubs

.iplt           0x00003348        0x0
 .iplt          0x00003348        0x0 c:/siliconlabs/simplicitystudio/v5/developer/toolchains/gnu_arm/10.2_2020q4/bin/../lib/gcc/arm-none-eabi/10.2.1/thumb/v7-m/nofp/crtbegin.o

.ARM.extab
 *(.ARM.extab* .gnu.linkonce.armextab.*)
                0x00003348                __exidx_start = .

.ARM.exidx      0x00003348        0x8
 *(.ARM.exidx* .gnu.linkonce.armexidx.*)
 .ARM.exidx     0x00003348        0x8 c:/siliconlabs/simplicitystudio/v5/developer/toolchains/gnu_arm/10.2_2020q4/bin/../lib/gcc/arm-none-eabi/10.2.1/../../../../arm-none-eabi/lib/thumb/v7-m/nofp/crt0.o
                                 0x10 (size before relaxing)
                0x00003350                __exidx_end = .
                0x00003350                __etext = .

.rel.dyn        0x00003350        0x0
 .rel.iplt      0x00003350        0x0 c:/siliconlabs/simplicitystudio/v5/developer/toolchains/gnu_arm/10.2_2020q4/bin/../lib/gcc/arm-none-eabi/10.2.1/thumb/v7-m/nofp/crtbegin.o

.data           0x20000000       0x78 load address 0x00003350
                0x20000000                __data_start__ = .
 *(vtable)
 *(.data*)
 .data.SystemCoreClock
                0x20000000        0x4 ./CMSIS/EFM32GG/system_efm32gg.o
                0x20000000                SystemCoreClock
 .data.SystemHFXOClock
                0x20000004        0x4 ./CMSIS/EFM32GG/system_efm32gg.o
 .data.SystemLFXOClock
                0x20000008        0x4 ./CMSIS/EFM32GG/system_efm32gg.o
 .data._impure_ptr
                0x2000000c        0x4 c:/siliconlabs/simplicitystudio/v5/developer/toolchains/gnu_arm/10.2_2020q4/bin/../lib/gcc/arm-none-eabi/10.2.1/../../../../arm-none-eabi/lib/thumb/v7-m/nofp\libc_nano.a(lib_a-impure.o)
                0x2000000c                _impure_ptr
 .data.impure_data
                0x20000010       0x60 c:/siliconlabs/simplicitystudio/v5/developer/toolchains/gnu_arm/10.2_2020q4/bin/../lib/gcc/arm-none-eabi/10.2.1/../../../../arm-none-eabi/lib/thumb/v7-m/nofp\libc_nano.a(lib_a-impure.o)
                0x20000070                . = ALIGN (0x4)
 *(.ram)
                0x20000070                . = ALIGN (0x4)
                0x20000070                PROVIDE (__preinit_array_start = .)
 *(.preinit_array)
                0x20000070                PROVIDE (__preinit_array_end = .)
                0x20000070                . = ALIGN (0x4)
                0x20000070                PROVIDE (__init_array_start = .)
 *(SORT_BY_NAME(.init_array.*))
 *(.init_array)
 .init_array    0x20000070        0x4 c:/siliconlabs/simplicitystudio/v5/developer/toolchains/gnu_arm/10.2_2020q4/bin/../lib/gcc/arm-none-eabi/10.2.1/thumb/v7-m/nofp/crtbegin.o
                0x20000074                PROVIDE (__init_array_end = .)
                0x20000074                . = ALIGN (0x4)
                [!provide]                PROVIDE (__fini_array_start = .)
 *(SORT_BY_NAME(.fini_array.*))
 *(.fini_array)
 .fini_array    0x20000074        0x4 c:/siliconlabs/simplicitystudio/v5/developer/toolchains/gnu_arm/10.2_2020q4/bin/../lib/gcc/arm-none-eabi/10.2.1/thumb/v7-m/nofp/crtbegin.o
                [!provide]                PROVIDE (__fini_array_end = .)
 *(.jcr*)
                0x20000078                . = ALIGN (0x4)
                0x20000078                __data_end__ = .

.igot.plt       0x20000078        0x0 load address 0x000033c8
 .igot.plt      0x20000078        0x0 c:/siliconlabs/simplicitystudio/v5/developer/toolchains/gnu_arm/10.2_2020q4/bin/../lib/gcc/arm-none-eabi/10.2.1/thumb/v7-m/nofp/crtbegin.o

.bss            0x20000078       0x50 load address 0x000033c8
                0x20000078                . = ALIGN (0x4)
                0x20000078                __bss_start__ = .
 *(.bss*)
 .bss           0x20000078       0x1c c:/siliconlabs/simplicitystudio/v5/developer/toolchains/gnu_arm/10.2_2020q4/bin/../lib/gcc/arm-none-eabi/10.2.1/thumb/v7-m/nofp/crtbegin.o
 .bss.INT_LockCnt
                0x20000094        0x4 ./Main/em_int.o
                0x20000094                INT_LockCnt
 .bss.msTicks   0x20000098        0x4 ./Main/lcd.o
                0x20000098                msTicks
 .bss.LFtoCRLF  0x2000009c        0x1 ./Main/retargetvirtual.o
 .bss.initialized
                0x2000009d        0x1 ./Main/retargetvirtual.o
 *fill*         0x2000009e        0x2 
 .bss.rxBuffer  0x200000a0        0x8 ./Main/retargetvirtual.o
 .bss.rxCount   0x200000a8        0x4 ./Main/retargetvirtual.o
 .bss.rxReadIndex
                0x200000ac        0x4 ./Main/retargetvirtual.o
 .bss.rxWriteIndex
                0x200000b0        0x4 ./Main/retargetvirtual.o
 .bss.__lock___malloc_recursive_mutex
                0x200000b4        0x1 c:/siliconlabs/simplicitystudio/v5/developer/toolchains/gnu_arm/10.2_2020q4/bin/../lib/gcc/arm-none-eabi/10.2.1/../../../../arm-none-eabi/lib/thumb/v7-m/nofp\libc_nano.a(lib_a-lock.o)
                0x200000b4                __lock___malloc_recursive_mutex
 .bss.__lock___sfp_recursive_mutex
                0x200000b5        0x1 c:/siliconlabs/simplicitystudio/v5/developer/toolchains/gnu_arm/10.2_2020q4/bin/../lib/gcc/arm-none-eabi/10.2.1/../../../../arm-none-eabi/lib/thumb/v7-m/nofp\libc_nano.a(lib_a-lock.o)
                0x200000b5                __lock___sfp_recursive_mutex
 .bss.__lock___sinit_recursive_mutex
                0x200000b6        0x1 c:/siliconlabs/simplicitystudio/v5/developer/toolchains/gnu_arm/10.2_2020q4/bin/../lib/gcc/arm-none-eabi/10.2.1/../../../../arm-none-eabi/lib/thumb/v7-m/nofp\libc_nano.a(lib_a-lock.o)
                0x200000b6                __lock___sinit_recursive_mutex
 *fill*         0x200000b7        0x1 
 .bss.__malloc_free_list
                0x200000b8        0x4 c:/siliconlabs/simplicitystudio/v5/developer/toolchains/gnu_arm/10.2_2020q4/bin/../lib/gcc/arm-none-eabi/10.2.1/../../../../arm-none-eabi/lib/thumb/v7-m/nofp\libc_nano.a(lib_a-nano-mallocr.o)
                0x200000b8                __malloc_free_list
 .bss.__malloc_sbrk_start
                0x200000bc        0x4 c:/siliconlabs/simplicitystudio/v5/developer/toolchains/gnu_arm/10.2_2020q4/bin/../lib/gcc/arm-none-eabi/10.2.1/../../../../arm-none-eabi/lib/thumb/v7-m/nofp\libc_nano.a(lib_a-nano-mallocr.o)
                0x200000bc                __malloc_sbrk_start
 .bss.errno     0x200000c0        0x4 c:/siliconlabs/simplicitystudio/v5/developer/toolchains/gnu_arm/10.2_2020q4/bin/../lib/gcc/arm-none-eabi/10.2.1/../../../../arm-none-eabi/lib/thumb/v7-m/nofp\libc_nano.a(lib_a-reent.o)
                0x200000c0                errno
 .bss.heap_end.0
                0x200000c4        0x4 c:/siliconlabs/simplicitystudio/v5/developer/toolchains/gnu_arm/10.2_2020q4/bin/../lib/gcc/arm-none-eabi/10.2.1/../../../../arm-none-eabi/lib/thumb/v7-m/nofp\libnosys.a(sbrk.o)
 *(COMMON)
                0x200000c8                . = ALIGN (0x4)
                0x200000c8                __bss_end__ = .

.heap           0x200000c8      0xc00
                0x200000c8                __HeapBase = .
                0x200000c8                __end__ = .
                0x200000c8                end = __end__
                0x200000c8                _end = __end__
 *(.heap*)
 .heap          0x200000c8      0xc00 ./CMSIS/EFM32GG/startup_efm32gg.o
                0x20000cc8                __HeapLimit = .

.stack_dummy    0x200000c8      0x400
 *(.stack*)
 .stack         0x200000c8      0x400 ./CMSIS/EFM32GG/startup_efm32gg.o
                0x20020000                __StackTop = (ORIGIN (RAM) + LENGTH (RAM))
                0x2001fc00                __StackLimit = (__StackTop - SIZEOF (.stack_dummy))
                0x20020000                PROVIDE (__stack = __StackTop)
                0x00000001                ASSERT ((__StackLimit >= __HeapLimit), region RAM overflowed with stack)
                0x00000001                ASSERT ((LENGTH (FLASH) >= (__etext + SIZEOF (.data))), FLASH memory overflowed !)
OUTPUT(STK3700_lcd.axf elf32-littlearm)
LOAD linker stubs

.ARM.attributes
                0x00000000       0x29
 .ARM.attributes
                0x00000000       0x1d c:/siliconlabs/simplicitystudio/v5/developer/toolchains/gnu_arm/10.2_2020q4/bin/../lib/gcc/arm-none-eabi/10.2.1/thumb/v7-m/nofp/crti.o
 .ARM.attributes
                0x0000001d       0x2d c:/siliconlabs/simplicitystudio/v5/developer/toolchains/gnu_arm/10.2_2020q4/bin/../lib/gcc/arm-none-eabi/10.2.1/thumb/v7-m/nofp/crtbegin.o
 .ARM.attributes
                0x0000004a       0x1b c:/siliconlabs/simplicitystudio/v5/developer/toolchains/gnu_arm/10.2_2020q4/bin/../lib/gcc/arm-none-eabi/10.2.1/../../../../arm-none-eabi/lib/thumb/v7-m/nofp/crt0.o
 .ARM.attributes
                0x00000065       0x2d ./BSP/bsp_stk_leds.o
 .ARM.attributes
                0x00000092       0x2d ./BSP/bsp_trace.o
 .ARM.attributes
                0x000000bf       0x1b ./CMSIS/EFM32GG/startup_efm32gg.o
 .ARM.attributes
                0x000000da       0x2d ./CMSIS/EFM32GG/system_efm32gg.o
 .ARM.attributes
                0x00000107       0x2d ./Drivers/retargetio.o
 .ARM.attributes
                0x00000134       0x2d ./Drivers/segmentlcd.o
 .ARM.attributes
                0x00000161       0x33 ./Main/em_int.o
 .ARM.attributes
                0x00000194       0x2d ./Main/lcd.o
 .ARM.attributes
                0x000001c1       0x2d ./Main/retargetvirtual.o
 .ARM.attributes
                0x000001ee       0x2d ./emlib/em_assert.o
 .ARM.attributes
                0x0000021b       0x2d ./emlib/em_cmu.o
 .ARM.attributes
                0x00000248       0x2d ./emlib/em_core.o
 .ARM.attributes
                0x00000275       0x2d ./emlib/em_gpio.o
 .ARM.attributes
                0x000002a2       0x2d ./emlib/em_lcd.o
 .ARM.attributes
                0x000002cf       0x2d ./emlib/em_leuart.o
 .ARM.attributes
                0x000002fc       0x2d ./emlib/em_system.o
 .ARM.attributes
                0x00000329       0x2d ./emlib/em_timer.o
 .ARM.attributes
                0x00000356       0x2d c:/siliconlabs/simplicitystudio/v5/developer/toolchains/gnu_arm/10.2_2020q4/bin/../lib/gcc/arm-none-eabi/10.2.1/../../../../arm-none-eabi/lib/thumb/v7-m/nofp\libc_nano.a(lib_a-exit.o)
 .ARM.attributes
                0x00000383       0x2d c:/siliconlabs/simplicitystudio/v5/developer/toolchains/gnu_arm/10.2_2020q4/bin/../lib/gcc/arm-none-eabi/10.2.1/../../../../arm-none-eabi/lib/thumb/v7-m/nofp\libc_nano.a(lib_a-impure.o)
 .ARM.attributes
                0x000003b0       0x2d c:/siliconlabs/simplicitystudio/v5/developer/toolchains/gnu_arm/10.2_2020q4/bin/../lib/gcc/arm-none-eabi/10.2.1/../../../../arm-none-eabi/lib/thumb/v7-m/nofp\libc_nano.a(lib_a-init.o)
 .ARM.attributes
                0x000003dd       0x2d c:/siliconlabs/simplicitystudio/v5/developer/toolchains/gnu_arm/10.2_2020q4/bin/../lib/gcc/arm-none-eabi/10.2.1/../../../../arm-none-eabi/lib/thumb/v7-m/nofp\libc_nano.a(lib_a-memset.o)
 .ARM.attributes
                0x0000040a       0x2d c:/siliconlabs/simplicitystudio/v5/developer/toolchains/gnu_arm/10.2_2020q4/bin/../lib/gcc/arm-none-eabi/10.2.1/../../../../arm-none-eabi/lib/thumb/v7-m/nofp\libc_nano.a(lib_a-setvbuf.o)
 .ARM.attributes
                0x00000437       0x17 c:/siliconlabs/simplicitystudio/v5/developer/toolchains/gnu_arm/10.2_2020q4/bin/../lib/gcc/arm-none-eabi/10.2.1/../../../../arm-none-eabi/lib/thumb/v7-m/nofp\libc_nano.a(lib_a-strlen.o)
 .ARM.attributes
                0x0000044e       0x2d c:/siliconlabs/simplicitystudio/v5/developer/toolchains/gnu_arm/10.2_2020q4/bin/../lib/gcc/arm-none-eabi/10.2.1/../../../../arm-none-eabi/lib/thumb/v7-m/nofp\libc_nano.a(lib_a-fflush.o)
 .ARM.attributes
                0x0000047b       0x2d c:/siliconlabs/simplicitystudio/v5/developer/toolchains/gnu_arm/10.2_2020q4/bin/../lib/gcc/arm-none-eabi/10.2.1/../../../../arm-none-eabi/lib/thumb/v7-m/nofp\libc_nano.a(lib_a-findfp.o)
 .ARM.attributes
                0x000004a8       0x2d c:/siliconlabs/simplicitystudio/v5/developer/toolchains/gnu_arm/10.2_2020q4/bin/../lib/gcc/arm-none-eabi/10.2.1/../../../../arm-none-eabi/lib/thumb/v7-m/nofp\libc_nano.a(lib_a-fwalk.o)
 .ARM.attributes
                0x000004d5       0x2d c:/siliconlabs/simplicitystudio/v5/developer/toolchains/gnu_arm/10.2_2020q4/bin/../lib/gcc/arm-none-eabi/10.2.1/../../../../arm-none-eabi/lib/thumb/v7-m/nofp\libc_nano.a(lib_a-lock.o)
 .ARM.attributes
                0x00000502       0x2d c:/siliconlabs/simplicitystudio/v5/developer/toolchains/gnu_arm/10.2_2020q4/bin/../lib/gcc/arm-none-eabi/10.2.1/../../../../arm-none-eabi/lib/thumb/v7-m/nofp\libc_nano.a(lib_a-makebuf.o)
 .ARM.attributes
                0x0000052f       0x2d c:/siliconlabs/simplicitystudio/v5/developer/toolchains/gnu_arm/10.2_2020q4/bin/../lib/gcc/arm-none-eabi/10.2.1/../../../../arm-none-eabi/lib/thumb/v7-m/nofp\libc_nano.a(lib_a-malloc.o)
 .ARM.attributes
                0x0000055c       0x2d c:/siliconlabs/simplicitystudio/v5/developer/toolchains/gnu_arm/10.2_2020q4/bin/../lib/gcc/arm-none-eabi/10.2.1/../../../../arm-none-eabi/lib/thumb/v7-m/nofp\libc_nano.a(lib_a-nano-freer.o)
 .ARM.attributes
                0x00000589       0x2d c:/siliconlabs/simplicitystudio/v5/developer/toolchains/gnu_arm/10.2_2020q4/bin/../lib/gcc/arm-none-eabi/10.2.1/../../../../arm-none-eabi/lib/thumb/v7-m/nofp\libc_nano.a(lib_a-nano-mallocr.o)
 .ARM.attributes
                0x000005b6       0x2d c:/siliconlabs/simplicitystudio/v5/developer/toolchains/gnu_arm/10.2_2020q4/bin/../lib/gcc/arm-none-eabi/10.2.1/../../../../arm-none-eabi/lib/thumb/v7-m/nofp\libc_nano.a(lib_a-sbrkr.o)
 .ARM.attributes
                0x000005e3       0x2d c:/siliconlabs/simplicitystudio/v5/developer/toolchains/gnu_arm/10.2_2020q4/bin/../lib/gcc/arm-none-eabi/10.2.1/../../../../arm-none-eabi/lib/thumb/v7-m/nofp\libc_nano.a(lib_a-stdio.o)
 .ARM.attributes
                0x00000610       0x2d c:/siliconlabs/simplicitystudio/v5/developer/toolchains/gnu_arm/10.2_2020q4/bin/../lib/gcc/arm-none-eabi/10.2.1/../../../../arm-none-eabi/lib/thumb/v7-m/nofp\libc_nano.a(lib_a-writer.o)
 .ARM.attributes
                0x0000063d       0x2d c:/siliconlabs/simplicitystudio/v5/developer/toolchains/gnu_arm/10.2_2020q4/bin/../lib/gcc/arm-none-eabi/10.2.1/../../../../arm-none-eabi/lib/thumb/v7-m/nofp\libc_nano.a(lib_a-closer.o)
 .ARM.attributes
                0x0000066a       0x2d c:/siliconlabs/simplicitystudio/v5/developer/toolchains/gnu_arm/10.2_2020q4/bin/../lib/gcc/arm-none-eabi/10.2.1/../../../../arm-none-eabi/lib/thumb/v7-m/nofp\libc_nano.a(lib_a-fstatr.o)
 .ARM.attributes
                0x00000697       0x2d c:/siliconlabs/simplicitystudio/v5/developer/toolchains/gnu_arm/10.2_2020q4/bin/../lib/gcc/arm-none-eabi/10.2.1/../../../../arm-none-eabi/lib/thumb/v7-m/nofp\libc_nano.a(lib_a-lseekr.o)
 .ARM.attributes
                0x000006c4       0x2d c:/siliconlabs/simplicitystudio/v5/developer/toolchains/gnu_arm/10.2_2020q4/bin/../lib/gcc/arm-none-eabi/10.2.1/../../../../arm-none-eabi/lib/thumb/v7-m/nofp\libc_nano.a(lib_a-mlock.o)
 .ARM.attributes
                0x000006f1       0x2d c:/siliconlabs/simplicitystudio/v5/developer/toolchains/gnu_arm/10.2_2020q4/bin/../lib/gcc/arm-none-eabi/10.2.1/../../../../arm-none-eabi/lib/thumb/v7-m/nofp\libc_nano.a(lib_a-readr.o)
 .ARM.attributes
                0x0000071e       0x2d c:/siliconlabs/simplicitystudio/v5/developer/toolchains/gnu_arm/10.2_2020q4/bin/../lib/gcc/arm-none-eabi/10.2.1/../../../../arm-none-eabi/lib/thumb/v7-m/nofp\libc_nano.a(lib_a-reent.o)
 .ARM.attributes
                0x0000074b       0x2d c:/siliconlabs/simplicitystudio/v5/developer/toolchains/gnu_arm/10.2_2020q4/bin/../lib/gcc/arm-none-eabi/10.2.1/../../../../arm-none-eabi/lib/thumb/v7-m/nofp\libnosys.a(sbrk.o)
 .ARM.attributes
                0x00000778       0x2d c:/siliconlabs/simplicitystudio/v5/developer/toolchains/gnu_arm/10.2_2020q4/bin/../lib/gcc/arm-none-eabi/10.2.1/thumb/v7-m/nofp/crtend.o
 .ARM.attributes
                0x000007a5       0x1d c:/siliconlabs/simplicitystudio/v5/developer/toolchains/gnu_arm/10.2_2020q4/bin/../lib/gcc/arm-none-eabi/10.2.1/thumb/v7-m/nofp/crtn.o

.comment        0x00000000       0x4d
 .comment       0x00000000       0x4d ./BSP/bsp_stk_leds.o
                                 0x4e (size before relaxing)
 .comment       0x0000004d       0x4e ./BSP/bsp_trace.o
 .comment       0x0000004d       0x4e ./CMSIS/EFM32GG/system_efm32gg.o
 .comment       0x0000004d       0x4e ./Drivers/retargetio.o
 .comment       0x0000004d       0x4e ./Drivers/segmentlcd.o
 .comment       0x0000004d       0x4e ./Main/em_int.o
 .comment       0x0000004d       0x4e ./Main/lcd.o
 .comment       0x0000004d       0x4e ./Main/retargetvirtual.o
 .comment       0x0000004d       0x4e ./emlib/em_assert.o
 .comment       0x0000004d       0x4e ./emlib/em_cmu.o
 .comment       0x0000004d       0x4e ./emlib/em_core.o
 .comment       0x0000004d       0x4e ./emlib/em_gpio.o
 .comment       0x0000004d       0x4e ./emlib/em_lcd.o
 .comment       0x0000004d       0x4e ./emlib/em_leuart.o
 .comment       0x0000004d       0x4e ./emlib/em_system.o
 .comment       0x0000004d       0x4e ./emlib/em_timer.o

.debug_info     0x00000000     0xfa4b
 .debug_info    0x00000000      0xae5 ./BSP/bsp_stk_leds.o
 .debug_info    0x00000ae5      0xd56 ./BSP/bsp_trace.o
 .debug_info    0x0000183b       0x26 ./CMSIS/EFM32GG/startup_efm32gg.o
 .debug_info    0x00001861      0x87a ./CMSIS/EFM32GG/system_efm32gg.o
 .debug_info    0x000020db      0x54e ./Drivers/retargetio.o
 .debug_info    0x00002629     0x2234 ./Drivers/segmentlcd.o
 .debug_info    0x0000485d       0x9c ./Main/em_int.o
 .debug_info    0x000048f9     0x1888 ./Main/lcd.o
 .debug_info    0x00006181     0x1869 ./Main/retargetvirtual.o
 .debug_info    0x000079ea       0x8a ./emlib/em_assert.o
 .debug_info    0x00007a74     0x31e5 ./emlib/em_cmu.o
 .debug_info    0x0000ac59      0xfe3 ./emlib/em_core.o
 .debug_info    0x0000bc3c      0xc2d ./emlib/em_gpio.o
 .debug_info    0x0000c869     0x15a0 ./emlib/em_lcd.o
 .debug_info    0x0000de09      0xd56 ./emlib/em_leuart.o
 .debug_info    0x0000eb5f      0x311 ./emlib/em_system.o
 .debug_info    0x0000ee70      0xbdb ./emlib/em_timer.o

.debug_abbrev   0x00000000     0x2a2a
 .debug_abbrev  0x00000000      0x2b2 ./BSP/bsp_stk_leds.o
 .debug_abbrev  0x000002b2      0x1d4 ./BSP/bsp_trace.o
 .debug_abbrev  0x00000486       0x14 ./CMSIS/EFM32GG/startup_efm32gg.o
 .debug_abbrev  0x0000049a      0x27a ./CMSIS/EFM32GG/system_efm32gg.o
 .debug_abbrev  0x00000714      0x187 ./Drivers/retargetio.o
 .debug_abbrev  0x0000089b      0x372 ./Drivers/segmentlcd.o
 .debug_abbrev  0x00000c0d       0x5a ./Main/em_int.o
 .debug_abbrev  0x00000c67      0x388 ./Main/lcd.o
 .debug_abbrev  0x00000fef      0x432 ./Main/retargetvirtual.o
 .debug_abbrev  0x00001421       0x6f ./emlib/em_assert.o
 .debug_abbrev  0x00001490      0x488 ./emlib/em_cmu.o
 .debug_abbrev  0x00001918      0x353 ./emlib/em_core.o
 .debug_abbrev  0x00001c6b      0x2c2 ./emlib/em_gpio.o
 .debug_abbrev  0x00001f2d      0x393 ./emlib/em_lcd.o
 .debug_abbrev  0x000022c0      0x370 ./emlib/em_leuart.o
 .debug_abbrev  0x00002630      0x1a1 ./emlib/em_system.o
 .debug_abbrev  0x000027d1      0x259 ./emlib/em_timer.o

.debug_loc      0x00000000     0xaf6f
 .debug_loc     0x00000000      0x7e8 ./BSP/bsp_stk_leds.o
 .debug_loc     0x000007e8       0xe0 ./BSP/bsp_trace.o
 .debug_loc     0x000008c8      0x15a ./CMSIS/EFM32GG/system_efm32gg.o
 .debug_loc     0x00000a22      0x290 ./Drivers/retargetio.o
 .debug_loc     0x00000cb2     0x174d ./Drivers/segmentlcd.o
 .debug_loc     0x000023ff      0x3e7 ./Main/lcd.o
 .debug_loc     0x000027e6      0x276 ./Main/retargetvirtual.o
 .debug_loc     0x00002a5c       0x2a ./emlib/em_assert.o
 .debug_loc     0x00002a86     0x436e ./emlib/em_cmu.o
 .debug_loc     0x00006df4      0x9f4 ./emlib/em_core.o
 .debug_loc     0x000077e8      0xbe6 ./emlib/em_gpio.o
 .debug_loc     0x000083ce     0x1cec ./emlib/em_lcd.o
 .debug_loc     0x0000a0ba      0x89c ./emlib/em_leuart.o
 .debug_loc     0x0000a956      0x15c ./emlib/em_system.o
 .debug_loc     0x0000aab2      0x4bd ./emlib/em_timer.o

.debug_aranges  0x00000000      0x648
 .debug_aranges
                0x00000000       0x50 ./BSP/bsp_stk_leds.o
 .debug_aranges
                0x00000050       0x28 ./BSP/bsp_trace.o
 .debug_aranges
                0x00000078       0x20 ./CMSIS/EFM32GG/startup_efm32gg.o
 .debug_aranges
                0x00000098       0x68 ./CMSIS/EFM32GG/system_efm32gg.o
 .debug_aranges
                0x00000100       0x60 ./Drivers/retargetio.o
 .debug_aranges
                0x00000160       0xa0 ./Drivers/segmentlcd.o
 .debug_aranges
                0x00000200       0x18 ./Main/em_int.o
 .debug_aranges
                0x00000218       0x38 ./Main/lcd.o
 .debug_aranges
                0x00000250       0x48 ./Main/retargetvirtual.o
 .debug_aranges
                0x00000298       0x20 ./emlib/em_assert.o
 .debug_aranges
                0x000002b8      0x120 ./emlib/em_cmu.o
 .debug_aranges
                0x000003d8       0xb8 ./emlib/em_core.o
 .debug_aranges
                0x00000490       0x48 ./emlib/em_gpio.o
 .debug_aranges
                0x000004d8       0x88 ./emlib/em_lcd.o
 .debug_aranges
                0x00000560       0x80 ./emlib/em_leuart.o
 .debug_aranges
                0x000005e0       0x30 ./emlib/em_system.o
 .debug_aranges
                0x00000610       0x38 ./emlib/em_timer.o

.debug_ranges   0x00000000     0x15d8
 .debug_ranges  0x00000000      0x1b8 ./BSP/bsp_stk_leds.o
 .debug_ranges  0x000001b8       0x18 ./BSP/bsp_trace.o
 .debug_ranges  0x000001d0       0x88 ./CMSIS/EFM32GG/system_efm32gg.o
 .debug_ranges  0x00000258       0x50 ./Drivers/retargetio.o
 .debug_ranges  0x000002a8      0x110 ./Drivers/segmentlcd.o
 .debug_ranges  0x000003b8      0x1a0 ./Main/lcd.o
 .debug_ranges  0x00000558       0xf0 ./Main/retargetvirtual.o
 .debug_ranges  0x00000648       0x10 ./emlib/em_assert.o
 .debug_ranges  0x00000658      0x6a8 ./emlib/em_cmu.o
 .debug_ranges  0x00000d00      0x188 ./emlib/em_core.o
 .debug_ranges  0x00000e88      0x230 ./emlib/em_gpio.o
 .debug_ranges  0x000010b8      0x2b8 ./emlib/em_lcd.o
 .debug_ranges  0x00001370      0x100 ./emlib/em_leuart.o
 .debug_ranges  0x00001470       0x20 ./emlib/em_system.o
 .debug_ranges  0x00001490      0x148 ./emlib/em_timer.o

.debug_macro    0x00000000     0x3e24
 .debug_macro   0x00000000      0x316 ./BSP/bsp_stk_leds.o
 .debug_macro   0x00000316       0x56 ./BSP/bsp_stk_leds.o
 .debug_macro   0x0000036c       0x51 ./BSP/bsp_stk_leds.o
 .debug_macro   0x000003bd      0x317 ./BSP/bsp_trace.o
 .debug_macro   0x000006d4       0xb9 ./BSP/bsp_trace.o
 .debug_macro   0x0000078d       0x16 ./BSP/bsp_trace.o
 .debug_macro   0x000007a3      0x28e ./CMSIS/EFM32GG/system_efm32gg.o
 .debug_macro   0x00000a31      0x3e2 ./Drivers/retargetio.o
 .debug_macro   0x00000e13       0x10 ./Drivers/retargetio.o
 .debug_macro   0x00000e23       0x10 ./Drivers/retargetio.o
 .debug_macro   0x00000e33       0x10 ./Drivers/retargetio.o
 .debug_macro   0x00000e43       0x10 ./Drivers/retargetio.o
 .debug_macro   0x00000e53       0xb2 ./Drivers/retargetio.o
 .debug_macro   0x00000f05       0x2e ./Drivers/retargetio.o
 .debug_macro   0x00000f33      0x102 ./Drivers/retargetio.o
 .debug_macro   0x00001035       0x1c ./Drivers/retargetio.o
 .debug_macro   0x00001051       0x10 ./Drivers/retargetio.o
 .debug_macro   0x00001061       0x16 ./Drivers/retargetio.o
 .debug_macro   0x00001077      0x129 ./Drivers/retargetio.o
 .debug_macro   0x000011a0       0x16 ./Drivers/retargetio.o
 .debug_macro   0x000011b6       0x22 ./Drivers/retargetio.o
 .debug_macro   0x000011d8       0x16 ./Drivers/retargetio.o
 .debug_macro   0x000011ee      0x445 ./Drivers/segmentlcd.o
 .debug_macro   0x00001633       0x16 ./Drivers/segmentlcd.o
 .debug_macro   0x00001649       0x97 ./Drivers/segmentlcd.o
 .debug_macro   0x000016e0       0xf6 ./Drivers/segmentlcd.o
 .debug_macro   0x000017d6       0x23 ./Drivers/segmentlcd.o
 .debug_macro   0x000017f9      0x117 ./Drivers/segmentlcd.o
 .debug_macro   0x00001910       0x22 ./Drivers/segmentlcd.o
 .debug_macro   0x00001932      0x27a ./Main/em_int.o
 .debug_macro   0x00001bac      0x47c ./Main/lcd.o
 .debug_macro   0x00002028       0x78 ./Main/lcd.o
 .debug_macro   0x000020a0      0x102 ./Main/lcd.o
 .debug_macro   0x000021a2       0x64 ./Main/lcd.o
 .debug_macro   0x00002206       0xbe ./Main/lcd.o
 .debug_macro   0x000022c4       0x1f ./Main/lcd.o
 .debug_macro   0x000022e3       0x2e ./Main/lcd.o
 .debug_macro   0x00002311       0x85 ./Main/lcd.o
 .debug_macro   0x00002396      0x3eb ./Main/retargetvirtual.o
 .debug_macro   0x00002781       0x6a ./Main/retargetvirtual.o
 .debug_macro   0x000027eb       0x10 ./Main/retargetvirtual.o
 .debug_macro   0x000027fb       0x23 ./emlib/em_assert.o
 .debug_macro   0x0000281e      0x389 ./emlib/em_cmu.o
 .debug_macro   0x00002ba7       0x7c ./emlib/em_cmu.o
 .debug_macro   0x00002c23       0x17 ./emlib/em_cmu.o
 .debug_macro   0x00002c3a       0xee ./emlib/em_cmu.o
 .debug_macro   0x00002d28      0x2b2 ./emlib/em_core.o
 .debug_macro   0x00002fda      0x2bf ./emlib/em_gpio.o
 .debug_macro   0x00003299      0x2d9 ./emlib/em_lcd.o
 .debug_macro   0x00003572       0x1d ./emlib/em_lcd.o
 .debug_macro   0x0000358f      0x2e0 ./emlib/em_leuart.o
 .debug_macro   0x0000386f      0x2a1 ./emlib/em_system.o
 .debug_macro   0x00003b10      0x295 ./emlib/em_timer.o
 .debug_macro   0x00003da5       0x7f ./emlib/em_timer.o

.debug_line     0x00000000     0xe174
 .debug_line    0x00000000      0xcf6 ./BSP/bsp_stk_leds.o
 .debug_line    0x00000cf6      0x9d6 ./BSP/bsp_trace.o
 .debug_line    0x000016cc       0xbe ./CMSIS/EFM32GG/startup_efm32gg.o
 .debug_line    0x0000178a      0x9da ./CMSIS/EFM32GG/system_efm32gg.o
 .debug_line    0x00002164      0x9ff ./Drivers/retargetio.o
 .debug_line    0x00002b63     0x13c2 ./Drivers/segmentlcd.o
 .debug_line    0x00003f25      0x71a ./Main/em_int.o
 .debug_line    0x0000463f      0xe80 ./Main/lcd.o
 .debug_line    0x000054bf      0xce9 ./Main/retargetvirtual.o
 .debug_line    0x000061a8      0x172 ./emlib/em_assert.o
 .debug_line    0x0000631a     0x2be2 ./emlib/em_cmu.o
 .debug_line    0x00008efc      0xe02 ./emlib/em_core.o
 .debug_line    0x00009cfe      0xdb1 ./emlib/em_gpio.o
 .debug_line    0x0000aaaf     0x1306 ./emlib/em_lcd.o
 .debug_line    0x0000bdb5      0xe3b ./emlib/em_leuart.o
 .debug_line    0x0000cbf0      0x8d3 ./emlib/em_system.o
 .debug_line    0x0000d4c3      0xcb1 ./emlib/em_timer.o

.debug_str      0x00000000    0xdfe85
 .debug_str     0x00000000    0xd52a2 ./BSP/bsp_stk_leds.o
                              0xd58e9 (size before relaxing)
 .debug_str     0x000d52a2      0x3e6 ./BSP/bsp_trace.o
                              0xd5992 (size before relaxing)
 .debug_str     0x000d5688       0x81 ./CMSIS/EFM32GG/startup_efm32gg.o
                                 0xd5 (size before relaxing)
 .debug_str     0x000d5709      0x2ef ./CMSIS/EFM32GG/system_efm32gg.o
                              0xd2e9f (size before relaxing)
 .debug_str     0x000d59f8     0x38c9 ./Drivers/retargetio.o
                              0xd640a (size before relaxing)
 .debug_str     0x000d92c1     0x36b7 ./Drivers/segmentlcd.o
                              0xdb5bd (size before relaxing)
 .debug_str     0x000dc978       0x27 ./Main/em_int.o
                              0xd2a8f (size before relaxing)
 .debug_str     0x000dc99f      0xf97 ./Main/lcd.o
                              0xdc9ad (size before relaxing)
 .debug_str     0x000dd936      0x7f3 ./Main/retargetvirtual.o
                              0xd8bc7 (size before relaxing)
 .debug_str     0x000de129       0x51 ./emlib/em_assert.o
                               0x2d8d (size before relaxing)
 .debug_str     0x000de17a      0xed8 ./emlib/em_cmu.o
                              0xd77c5 (size before relaxing)
 .debug_str     0x000df052      0x31e ./emlib/em_core.o
                              0xd3c5d (size before relaxing)
 .debug_str     0x000df370      0x227 ./emlib/em_gpio.o
                              0xd41bc (size before relaxing)
 .debug_str     0x000df597      0x37b ./emlib/em_lcd.o
                              0xd483b (size before relaxing)
 .debug_str     0x000df912      0x165 ./emlib/em_leuart.o
                              0xd4ea0 (size before relaxing)
 .debug_str     0x000dfa77      0x1ab ./emlib/em_system.o
                              0xd3059 (size before relaxing)
 .debug_str     0x000dfc22      0x263 ./emlib/em_timer.o
                              0xd366f (size before relaxing)

.debug_frame    0x00000000     0x1784
 .debug_frame   0x00000000      0x11c ./BSP/bsp_stk_leds.o
 .debug_frame   0x0000011c       0x40 ./BSP/bsp_trace.o
 .debug_frame   0x0000015c       0xc8 ./CMSIS/EFM32GG/system_efm32gg.o
 .debug_frame   0x00000224       0xb8 ./Drivers/retargetio.o
 .debug_frame   0x000002dc      0x220 ./Drivers/segmentlcd.o
 .debug_frame   0x000004fc       0x6c ./Main/lcd.o
 .debug_frame   0x00000568       0xbc ./Main/retargetvirtual.o
 .debug_frame   0x00000624       0x20 ./emlib/em_assert.o
 .debug_frame   0x00000644      0x404 ./emlib/em_cmu.o
 .debug_frame   0x00000a48      0x238 ./emlib/em_core.o
 .debug_frame   0x00000c80       0xc4 ./emlib/em_gpio.o
 .debug_frame   0x00000d44      0x1b0 ./emlib/em_lcd.o
 .debug_frame   0x00000ef4      0x120 ./emlib/em_leuart.o
 .debug_frame   0x00001014       0x60 ./emlib/em_system.o
 .debug_frame   0x00001074       0x8c ./emlib/em_timer.o
 .debug_frame   0x00001100       0x28 c:/siliconlabs/simplicitystudio/v5/developer/toolchains/gnu_arm/10.2_2020q4/bin/../lib/gcc/arm-none-eabi/10.2.1/../../../../arm-none-eabi/lib/thumb/v7-m/nofp\libc_nano.a(lib_a-exit.o)
 .debug_frame   0x00001128       0x2c c:/siliconlabs/simplicitystudio/v5/developer/toolchains/gnu_arm/10.2_2020q4/bin/../lib/gcc/arm-none-eabi/10.2.1/../../../../arm-none-eabi/lib/thumb/v7-m/nofp\libc_nano.a(lib_a-init.o)
 .debug_frame   0x00001154       0x20 c:/siliconlabs/simplicitystudio/v5/developer/toolchains/gnu_arm/10.2_2020q4/bin/../lib/gcc/arm-none-eabi/10.2.1/../../../../arm-none-eabi/lib/thumb/v7-m/nofp\libc_nano.a(lib_a-memset.o)
 .debug_frame   0x00001174       0x38 c:/siliconlabs/simplicitystudio/v5/developer/toolchains/gnu_arm/10.2_2020q4/bin/../lib/gcc/arm-none-eabi/10.2.1/../../../../arm-none-eabi/lib/thumb/v7-m/nofp\libc_nano.a(lib_a-setvbuf.o)
 .debug_frame   0x000011ac       0x5c c:/siliconlabs/simplicitystudio/v5/developer/toolchains/gnu_arm/10.2_2020q4/bin/../lib/gcc/arm-none-eabi/10.2.1/../../../../arm-none-eabi/lib/thumb/v7-m/nofp\libc_nano.a(lib_a-fflush.o)
 .debug_frame   0x00001208      0x14c c:/siliconlabs/simplicitystudio/v5/developer/toolchains/gnu_arm/10.2_2020q4/bin/../lib/gcc/arm-none-eabi/10.2.1/../../../../arm-none-eabi/lib/thumb/v7-m/nofp\libc_nano.a(lib_a-findfp.o)
 .debug_frame   0x00001354       0x54 c:/siliconlabs/simplicitystudio/v5/developer/toolchains/gnu_arm/10.2_2020q4/bin/../lib/gcc/arm-none-eabi/10.2.1/../../../../arm-none-eabi/lib/thumb/v7-m/nofp\libc_nano.a(lib_a-fwalk.o)
 .debug_frame   0x000013a8       0xb0 c:/siliconlabs/simplicitystudio/v5/developer/toolchains/gnu_arm/10.2_2020q4/bin/../lib/gcc/arm-none-eabi/10.2.1/../../../../arm-none-eabi/lib/thumb/v7-m/nofp\libc_nano.a(lib_a-lock.o)
 .debug_frame   0x00001458       0x58 c:/siliconlabs/simplicitystudio/v5/developer/toolchains/gnu_arm/10.2_2020q4/bin/../lib/gcc/arm-none-eabi/10.2.1/../../../../arm-none-eabi/lib/thumb/v7-m/nofp\libc_nano.a(lib_a-makebuf.o)
 .debug_frame   0x000014b0       0x30 c:/siliconlabs/simplicitystudio/v5/developer/toolchains/gnu_arm/10.2_2020q4/bin/../lib/gcc/arm-none-eabi/10.2.1/../../../../arm-none-eabi/lib/thumb/v7-m/nofp\libc_nano.a(lib_a-malloc.o)
 .debug_frame   0x000014e0       0x38 c:/siliconlabs/simplicitystudio/v5/developer/toolchains/gnu_arm/10.2_2020q4/bin/../lib/gcc/arm-none-eabi/10.2.1/../../../../arm-none-eabi/lib/thumb/v7-m/nofp\libc_nano.a(lib_a-nano-freer.o)
 .debug_frame   0x00001518       0x30 c:/siliconlabs/simplicitystudio/v5/developer/toolchains/gnu_arm/10.2_2020q4/bin/../lib/gcc/arm-none-eabi/10.2.1/../../../../arm-none-eabi/lib/thumb/v7-m/nofp\libc_nano.a(lib_a-nano-mallocr.o)
 .debug_frame   0x00001548       0x2c c:/siliconlabs/simplicitystudio/v5/developer/toolchains/gnu_arm/10.2_2020q4/bin/../lib/gcc/arm-none-eabi/10.2.1/../../../../arm-none-eabi/lib/thumb/v7-m/nofp\libc_nano.a(lib_a-sbrkr.o)
 .debug_frame   0x00001574       0x88 c:/siliconlabs/simplicitystudio/v5/developer/toolchains/gnu_arm/10.2_2020q4/bin/../lib/gcc/arm-none-eabi/10.2.1/../../../../arm-none-eabi/lib/thumb/v7-m/nofp\libc_nano.a(lib_a-stdio.o)
 .debug_frame   0x000015fc       0x2c c:/siliconlabs/simplicitystudio/v5/developer/toolchains/gnu_arm/10.2_2020q4/bin/../lib/gcc/arm-none-eabi/10.2.1/../../../../arm-none-eabi/lib/thumb/v7-m/nofp\libc_nano.a(lib_a-writer.o)
 .debug_frame   0x00001628       0x2c c:/siliconlabs/simplicitystudio/v5/developer/toolchains/gnu_arm/10.2_2020q4/bin/../lib/gcc/arm-none-eabi/10.2.1/../../../../arm-none-eabi/lib/thumb/v7-m/nofp\libc_nano.a(lib_a-closer.o)
 .debug_frame   0x00001654       0x2c c:/siliconlabs/simplicitystudio/v5/developer/toolchains/gnu_arm/10.2_2020q4/bin/../lib/gcc/arm-none-eabi/10.2.1/../../../../arm-none-eabi/lib/thumb/v7-m/nofp\libc_nano.a(lib_a-fstatr.o)
 .debug_frame   0x00001680       0x2c c:/siliconlabs/simplicitystudio/v5/developer/toolchains/gnu_arm/10.2_2020q4/bin/../lib/gcc/arm-none-eabi/10.2.1/../../../../arm-none-eabi/lib/thumb/v7-m/nofp\libc_nano.a(lib_a-lseekr.o)
 .debug_frame   0x000016ac       0x30 c:/siliconlabs/simplicitystudio/v5/developer/toolchains/gnu_arm/10.2_2020q4/bin/../lib/gcc/arm-none-eabi/10.2.1/../../../../arm-none-eabi/lib/thumb/v7-m/nofp\libc_nano.a(lib_a-mlock.o)
 .debug_frame   0x000016dc       0x2c c:/siliconlabs/simplicitystudio/v5/developer/toolchains/gnu_arm/10.2_2020q4/bin/../lib/gcc/arm-none-eabi/10.2.1/../../../../arm-none-eabi/lib/thumb/v7-m/nofp\libc_nano.a(lib_a-readr.o)
 .debug_frame   0x00001708       0x5c c:/siliconlabs/simplicitystudio/v5/developer/toolchains/gnu_arm/10.2_2020q4/bin/../lib/gcc/arm-none-eabi/10.2.1/../../../../arm-none-eabi/lib/thumb/v7-m/nofp\libc_nano.a(lib_a-reent.o)
 .debug_frame   0x00001764       0x20 c:/siliconlabs/simplicitystudio/v5/developer/toolchains/gnu_arm/10.2_2020q4/bin/../lib/gcc/arm-none-eabi/10.2.1/../../../../arm-none-eabi/lib/thumb/v7-m/nofp\libnosys.a(sbrk.o)
