Archive member included to satisfy reference by file (symbol)

c:/siliconlabs/simplicitystudio/v5/developer/toolchains/gnu_arm/10.2_2020q4/bin/../lib/gcc/arm-none-eabi/10.2.1/thumb/v7-m/nofp\libgcc.a(_arm_muldf3.o)
                              ./Main/lcd.o (__aeabi_dmul)
c:/siliconlabs/simplicitystudio/v5/developer/toolchains/gnu_arm/10.2_2020q4/bin/../lib/gcc/arm-none-eabi/10.2.1/thumb/v7-m/nofp\libgcc.a(_arm_addsubdf3.o)
                              ./Main/OLED_I2C.o (__aeabi_dsub)
c:/siliconlabs/simplicitystudio/v5/developer/toolchains/gnu_arm/10.2_2020q4/bin/../lib/gcc/arm-none-eabi/10.2.1/thumb/v7-m/nofp\libgcc.a(_arm_muldivdf3.o)
                              ./Main/OLED_I2C.o (__aeabi_ddiv)
c:/siliconlabs/simplicitystudio/v5/developer/toolchains/gnu_arm/10.2_2020q4/bin/../lib/gcc/arm-none-eabi/10.2.1/thumb/v7-m/nofp\libgcc.a(_arm_cmpdf2.o)
                              ./Main/OLED_I2C.o (__aeabi_dcmplt)
c:/siliconlabs/simplicitystudio/v5/developer/toolchains/gnu_arm/10.2_2020q4/bin/../lib/gcc/arm-none-eabi/10.2.1/thumb/v7-m/nofp\libgcc.a(_arm_fixdfsi.o)
                              ./Main/OLED_I2C.o (__aeabi_d2iz)
c:/siliconlabs/simplicitystudio/v5/developer/toolchains/gnu_arm/10.2_2020q4/bin/../lib/gcc/arm-none-eabi/10.2.1/thumb/v7-m/nofp\libgcc.a(_arm_addsubsf3.o)
                              ./Drivers/vddcheck.o (__aeabi_fsub)
c:/siliconlabs/simplicitystudio/v5/developer/toolchains/gnu_arm/10.2_2020q4/bin/../lib/gcc/arm-none-eabi/10.2.1/thumb/v7-m/nofp\libgcc.a(_arm_muldivsf3.o)
                              ./Drivers/vddcheck.o (__aeabi_fdiv)
c:/siliconlabs/simplicitystudio/v5/developer/toolchains/gnu_arm/10.2_2020q4/bin/../lib/gcc/arm-none-eabi/10.2.1/thumb/v7-m/nofp\libgcc.a(_arm_fixunssfsi.o)
                              ./Drivers/vddcheck.o (__aeabi_f2uiz)
c:/siliconlabs/simplicitystudio/v5/developer/toolchains/gnu_arm/10.2_2020q4/bin/../lib/gcc/arm-none-eabi/10.2.1/thumb/v7-m/nofp\libgcc.a(_aeabi_ldivmod.o)
                              ./emlib/em_usart.o (__aeabi_ldivmod)
c:/siliconlabs/simplicitystudio/v5/developer/toolchains/gnu_arm/10.2_2020q4/bin/../lib/gcc/arm-none-eabi/10.2.1/thumb/v7-m/nofp\libgcc.a(_aeabi_uldivmod.o)
                              ./emlib/em_usart.o (__aeabi_uldivmod)
c:/siliconlabs/simplicitystudio/v5/developer/toolchains/gnu_arm/10.2_2020q4/bin/../lib/gcc/arm-none-eabi/10.2.1/thumb/v7-m/nofp\libgcc.a(_udivmoddi4.o)
                              c:/siliconlabs/simplicitystudio/v5/developer/toolchains/gnu_arm/10.2_2020q4/bin/../lib/gcc/arm-none-eabi/10.2.1/thumb/v7-m/nofp\libgcc.a(_aeabi_ldivmod.o) (__udivmoddi4)
c:/siliconlabs/simplicitystudio/v5/developer/toolchains/gnu_arm/10.2_2020q4/bin/../lib/gcc/arm-none-eabi/10.2.1/thumb/v7-m/nofp\libgcc.a(_dvmd_tls.o)
                              c:/siliconlabs/simplicitystudio/v5/developer/toolchains/gnu_arm/10.2_2020q4/bin/../lib/gcc/arm-none-eabi/10.2.1/thumb/v7-m/nofp\libgcc.a(_aeabi_ldivmod.o) (__aeabi_ldiv0)
c:/siliconlabs/simplicitystudio/v5/developer/toolchains/gnu_arm/10.2_2020q4/bin/../lib/gcc/arm-none-eabi/10.2.1/../../../../arm-none-eabi/lib/thumb/v7-m/nofp\libc_nano.a(lib_a-exit.o)
                              c:/siliconlabs/simplicitystudio/v5/developer/toolchains/gnu_arm/10.2_2020q4/bin/../lib/gcc/arm-none-eabi/10.2.1/../../../../arm-none-eabi/lib/thumb/v7-m/nofp/crt0.o (exit)
c:/siliconlabs/simplicitystudio/v5/developer/toolchains/gnu_arm/10.2_2020q4/bin/../lib/gcc/arm-none-eabi/10.2.1/../../../../arm-none-eabi/lib/thumb/v7-m/nofp\libc_nano.a(lib_a-impure.o)
                              c:/siliconlabs/simplicitystudio/v5/developer/toolchains/gnu_arm/10.2_2020q4/bin/../lib/gcc/arm-none-eabi/10.2.1/../../../../arm-none-eabi/lib/thumb/v7-m/nofp\libc_nano.a(lib_a-exit.o) (_global_impure_ptr)
c:/siliconlabs/simplicitystudio/v5/developer/toolchains/gnu_arm/10.2_2020q4/bin/../lib/gcc/arm-none-eabi/10.2.1/../../../../arm-none-eabi/lib/thumb/v7-m/nofp\libc_nano.a(lib_a-init.o)
                              c:/siliconlabs/simplicitystudio/v5/developer/toolchains/gnu_arm/10.2_2020q4/bin/../lib/gcc/arm-none-eabi/10.2.1/../../../../arm-none-eabi/lib/thumb/v7-m/nofp/crt0.o (__libc_init_array)
c:/siliconlabs/simplicitystudio/v5/developer/toolchains/gnu_arm/10.2_2020q4/bin/../lib/gcc/arm-none-eabi/10.2.1/../../../../arm-none-eabi/lib/thumb/v7-m/nofp\libc_nano.a(lib_a-memcpy-stub.o)
                              ./BSP/bsp_stk.o (memcpy)
c:/siliconlabs/simplicitystudio/v5/developer/toolchains/gnu_arm/10.2_2020q4/bin/../lib/gcc/arm-none-eabi/10.2.1/../../../../arm-none-eabi/lib/thumb/v7-m/nofp\libc_nano.a(lib_a-memset.o)
                              c:/siliconlabs/simplicitystudio/v5/developer/toolchains/gnu_arm/10.2_2020q4/bin/../lib/gcc/arm-none-eabi/10.2.1/../../../../arm-none-eabi/lib/thumb/v7-m/nofp/crt0.o (memset)
c:/siliconlabs/simplicitystudio/v5/developer/toolchains/gnu_arm/10.2_2020q4/bin/../lib/gcc/arm-none-eabi/10.2.1/../../../../arm-none-eabi/lib/thumb/v7-m/nofp\libc_nano.a(lib_a-setvbuf.o)
[...]
Memory Configuration

Name             Origin             Length             Attributes
FLASH            0x00000000         0x00100000         xr
RAM              0x20000000         0x00020000         xrw
*default*        0x00000000         0xffffffff

Linker script and memory map

LOAD c:/siliconlabs/simplicitystudio/v5/developer/toolchains/gnu_arm/10.2_2020q4/bin/../lib/gcc/arm-none-eabi/10.2.1/thumb/v7-m/nofp/crti.o
LOAD c:/siliconlabs/simplicitystudio/v5/developer/toolchains/gnu_arm/10.2_2020q4/bin/../lib/gcc/arm-none-eabi/10.2.1/thumb/v7-m/nofp/crtbegin.o
LOAD c:/siliconlabs/simplicitystudio/v5/developer/toolchains/gnu_arm/10.2_2020q4/bin/../lib/gcc/arm-none-eabi/10.2.1/../../../../arm-none-eabi/lib/thumb/v7-m/nofp/crt0.o
LOAD ./BSP/bsp_bcc.o
LOAD ./BSP/bsp_stk.o
LOAD ./BSP/bsp_stk_leds.o
LOAD ./BSP/bsp_trace.o
LOAD ./CMSIS/EFM32GG/startup_efm32gg.o
LOAD ./CMSIS/EFM32GG/system_efm32gg.o
LOAD ./Drivers/retargetio.o
LOAD ./Drivers/segmentlcd.o
LOAD ./Drivers/vddcheck.o
LOAD ./Main/OLED_I2C.o
LOAD ./Main/em_int.o
LOAD ./Main/lcd.o
LOAD ./Main/retargetvirtual.o
LOAD ./emlib/em_adc.o
LOAD ./emlib/em_assert.o
LOAD ./emlib/em_cmu.o
LOAD ./emlib/em_core.o
LOAD ./emlib/em_ebi.o
LOAD ./emlib/em_emu.o
LOAD ./emlib/em_gpio.o
LOAD ./emlib/em_i2c.o
LOAD ./emlib/em_lcd.o
LOAD ./emlib/em_leuart.o
LOAD ./emlib/em_prs.o
LOAD ./emlib/em_rtc.o
LOAD ./emlib/em_system.o
LOAD ./emlib/em_timer.o
LOAD ./emlib/em_usart.o
LOAD ./emlib/em_vcmp.o
START GROUP
LOAD c:/siliconlabs/simplicitystudio/v5/developer/toolchains/gnu_arm/10.2_2020q4/bin/../lib/gcc/arm-none-eabi/10.2.1/thumb/v7-m/nofp\libgcc.a
LOAD c:/siliconlabs/simplicitystudio/v5/developer/toolchains/gnu_arm/10.2_2020q4/bin/../lib/gcc/arm-none-eabi/10.2.1/../../../../arm-none-eabi/lib/thumb/v7-m/nofp\libc_nano.a
LOAD c:/siliconlabs/simplicitystudio/v5/developer/toolchains/gnu_arm/10.2_2020q4/bin/../lib/gcc/arm-none-eabi/10.2.1/../../../../arm-none-eabi/lib/thumb/v7-m/nofp\libnosys.a
END GROUP
START GROUP
LOAD c:/siliconlabs/simplicitystudio/v5/developer/toolchains/gnu_arm/10.2_2020q4/bin/../lib/gcc/arm-none-eabi/10.2.1/thumb/v7-m/nofp\libgcc.a
LOAD c:/siliconlabs/simplicitystudio/v5/developer/toolchains/gnu_arm/10.2_2020q4/bin/../lib/gcc/arm-none-eabi/10.2.1/../../../../arm-none-eabi/lib/thumb/v7-m/nofp\libg_nano.a
LOAD c:/siliconlabs/simplicitystudio/v5/developer/toolchains/gnu_arm/10.2_2020q4/bin/../lib/gcc/arm-none-eabi/10.2.1/../../../../arm-none-eabi/lib/thumb/v7-m/nofp\libc_nano.a
END GROUP
START GROUP
LOAD c:/siliconlabs/simplicitystudio/v5/developer/toolchains/gnu_arm/10.2_2020q4/bin/../lib/gcc/arm-none-eabi/10.2.1/thumb/v7-m/nofp\libgcc.a
LOAD c:/siliconlabs/simplicitystudio/v5/developer/toolchains/gnu_arm/10.2_2020q4/bin/../lib/gcc/arm-none-eabi/10.2.1/../../../../arm-none-eabi/lib/thumb/v7-m/nofp\libc_nano.a
END GROUP
LOAD c:/siliconlabs/simplicitystudio/v5/developer/toolchains/gnu_arm/10.2_2020q4/bin/../lib/gcc/arm-none-eabi/10.2.1/thumb/v7-m/nofp/crtend.o
LOAD c:/siliconlabs/simplicitystudio/v5/developer/toolchains/gnu_arm/10.2_2020q4/bin/../lib/gcc/arm-none-eabi/10.2.1/thumb/v7-m/nofp/crtn.o

.text           0x00000000     0x4590
 *(.vectors)
 .vectors       0x00000000       0xdc ./CMSIS/EFM32GG/startup_efm32gg.o
                0x00000000                __Vectors
                0x000000dc                __Vectors_End = .
                0x000000dc                __Vectors_Size = (__Vectors_End - __Vectors)
                0x20000d90                __end__ = .
 *(.text*)
 .text          0x000000dc       0x40 c:/siliconlabs/simplicitystudio/v5/developer/toolchains/gnu_arm/10.2_2020q4/bin/../lib/gcc/arm-none-eabi/10.2.1/thumb/v7-m/nofp/crtbegin.o
 .text          0x0000011c       0x7c c:/siliconlabs/simplicitystudio/v5/developer/toolchains/gnu_arm/10.2_2020q4/bin/../lib/gcc/arm-none-eabi/10.2.1/../../../../arm-none-eabi/lib/thumb/v7-m/nofp/crt0.o
                0x0000011c                _stack_init
                0x00000124                _start
                0x00000124                _mainCRTStartup
 .text.BSP_LedsInit
                0x00000198       0x38 ./BSP/bsp_stk_leds.o
                0x00000198                BSP_LedsInit
 .text.BSP_LedSet
                0x000001d0       0x5c ./BSP/bsp_stk_leds.o
                0x000001d0                BSP_LedSet
 .text.BSP_TraceProfilerSetup
                0x0000022c       0xe0 ./BSP/bsp_trace.o
                0x0000022c                BSP_TraceProfilerSetup
 .text          0x0000030c       0x30 ./CMSIS/EFM32GG/startup_efm32gg.o
                0x0000030c                Reset_Handler
                0x00000338                DebugMon_Handler
                0x00000338                USART0_TX_IRQHandler
                0x00000338                I2C0_IRQHandler
                0x00000338                HardFault_Handler
                0x00000338                LEUART1_IRQHandler
                0x00000338                USART1_RX_IRQHandler
                0x00000338                PendSV_Handler
                0x00000338                NMI_Handler
                0x00000338                I2C1_IRQHandler
                0x00000338                USART1_TX_IRQHandler
                0x00000338                MSC_IRQHandler
                0x00000338                ADC0_IRQHandler
                0x00000338                UsageFault_Handler
                0x00000338                GPIO_EVEN_IRQHandler
                0x00000338                UART0_TX_IRQHandler
                0x00000338                UART1_TX_IRQHandler
                0x00000338                RTC_IRQHandler
                0x00000338                TIMER0_IRQHandler
                0x00000338                TIMER2_IRQHandler
                0x00000338                LCD_IRQHandler
                0x00000338                PCNT2_IRQHandler
                0x00000338                UART0_RX_IRQHandler
                0x00000338                LETIMER0_IRQHandler
                0x00000338                TIMER1_IRQHandler
                0x00000338                USART2_RX_IRQHandler
                0x00000338                Default_Handler
                0x00000338                EMU_IRQHandler
                0x00000338                PCNT0_IRQHandler
                0x00000338                sl_app_properties
                0x00000338                USB_IRQHandler
                0x00000338                BURTC_IRQHandler
                0x00000338                PCNT1_IRQHandler
                0x00000338                ACMP0_IRQHandler
                0x00000338                USART0_RX_IRQHandler
                0x00000338                MemManage_Handler
                0x00000338                SVC_Handler
                0x00000338                DAC0_IRQHandler
                0x00000338                UART1_RX_IRQHandler
                0x00000338                CMU_IRQHandler
                0x00000338                EBI_IRQHandler
                0x00000338                LESENSE_IRQHandler
                0x00000338                GPIO_ODD_IRQHandler
                0x00000338                AES_IRQHandler
                0x00000338                VCMP_IRQHandler
                0x00000338                DMA_IRQHandler
                0x00000338                BusFault_Handler
                0x00000338                USART2_TX_IRQHandler
 .text.SystemMaxCoreClockGet
                0x0000033c        0x8 ./CMSIS/EFM32GG/system_efm32gg.o
                0x0000033c                SystemMaxCoreClockGet
 .text.SystemHFClockGet
                0x00000344       0xd0 ./CMSIS/EFM32GG/system_efm32gg.o
                0x00000344                SystemHFClockGet
 .text.SystemCoreClockGet
                0x00000414       0x20 ./CMSIS/EFM32GG/system_efm32gg.o
                0x00000414                SystemCoreClockGet
 .text.SystemHFXOClockGet
                0x00000434        0xc ./CMSIS/EFM32GG/system_efm32gg.o
                0x00000434                SystemHFXOClockGet
 .text.SystemInit
                0x00000440       0x10 ./CMSIS/EFM32GG/system_efm32gg.o
                0x00000440                SystemInit
 .text.SystemLFRCOClockGet
                0x00000450        0x8 ./CMSIS/EFM32GG/system_efm32gg.o
                0x00000450                SystemLFRCOClockGet
 .text.SystemULFRCOClockGet
                0x00000458        0x8 ./CMSIS/EFM32GG/system_efm32gg.o
                0x00000458                SystemULFRCOClockGet
 .text.SystemLFXOClockGet
                0x00000460        0xc ./CMSIS/EFM32GG/system_efm32gg.o
                0x00000460                SystemLFXOClockGet
 .text._exit    0x0000046c        0x4 ./Drivers/retargetio.o
                0x0000046c                _exit
 .text.SegmentLCD_AllOff
                0x00000470       0xac ./Drivers/segmentlcd.o
                0x00000470                SegmentLCD_AllOff
 .text.SegmentLCD_Init
                0x0000051c       0xac ./Drivers/segmentlcd.o
                0x0000051c                SegmentLCD_Init
 .text.SegmentLCD_NumberOff
                0x000005c8       0x4c ./Drivers/segmentlcd.o
                0x000005c8                SegmentLCD_NumberOff
 .text.SegmentLCD_Number
                0x00000614       0xd8 ./Drivers/segmentlcd.o
                0x00000614                SegmentLCD_Number
 .text.digitalWrite.part.0
                0x000006ec       0x50 ./Main/OLED_I2C.o
 .text.digitalWrite
                0x0000073c       0x58 ./Main/OLED_I2C.o
                0x0000073c                digitalWrite
 .text.OLEDI2C_clrScr
                0x00000794       0x10 ./Main/OLED_I2C.o
                0x00000794                OLEDI2C_clrScr
 .text.OLEDI2C__print_char
                0x000007a4      0x1b0 ./Main/OLED_I2C.o
                0x000007a4                OLEDI2C__print_char
 .text.OLEDI2C_print
                0x00000954       0x74 ./Main/OLED_I2C.o
                0x00000954                OLEDI2C_print
 .text.OLEDI2C_printNumI
                0x000009c8      0x11c ./Main/OLED_I2C.o
                0x000009c8                OLEDI2C_printNumI
 .text.OLEDI2C_setFont
                0x00000ae4       0x20 ./Main/OLED_I2C.o
                0x00000ae4                OLEDI2C_setFont
 .text.OLEDI2C_sendStart
                0x00000b04       0xd4 ./Main/OLED_I2C.o
                0x00000b04                OLEDI2C_sendStart
 .text.OLEDI2C_sendStop
                0x00000bd8       0x54 ./Main/OLED_I2C.o
                0x00000bd8                OLEDI2C_sendStop
 .text.OLEDI2C_waitForAck
                0x00000c2c       0x98 ./Main/OLED_I2C.o
                0x00000c2c                OLEDI2C_waitForAck
 .text.OLEDI2C_writeByte
                0x00000cc4       0xb0 ./Main/OLED_I2C.o
                0x00000cc4                OLEDI2C_writeByte
 .text.OLEDI2C_sendTWIcommand
                0x00000d74       0x9c ./Main/OLED_I2C.o
                0x00000d74                OLEDI2C_sendTWIcommand
 .text.OLEDI2C_update
                0x00000e10      0x138 ./Main/OLED_I2C.o
                0x00000e10                OLEDI2C_update
 .text.OLEDI2C_initTWI
                0x00000f48       0x68 ./Main/OLED_I2C.o
                0x00000f48                OLEDI2C_initTWI
 .text.OLEDI2C_begin
                0x00000fb0       0xe4 ./Main/OLED_I2C.o
                0x00000fb0                OLEDI2C_begin
 .text.adcSingle
                0x00001094       0x88 ./Main/lcd.o
                0x00001094                adcSingle
 .text.adcSingle1
                0x0000111c       0x8c ./Main/lcd.o
                0x0000111c                adcSingle1
 .text.TIMER3_IRQHandler
                0x000011a8       0x3c ./Main/lcd.o
                0x000011a8                TIMER3_IRQHandler
 .text.SysTick_Handler
                0x000011e4       0x10 ./Main/lcd.o
                0x000011e4                SysTick_Handler
 *fill*         0x000011f4        0x4 
 .text.startup.main
                0x000011f8      0x518 ./Main/lcd.o
                0x000011f8                main
 .text.LEUART0_IRQHandler
                0x00001710       0x58 ./Main/retargetvirtual.o
                0x00001710                LEUART0_IRQHandler
 .text.ADC_LoadDevinfoCal
                0x00001768       0xb0 ./emlib/em_adc.o
 .text.ADC_Init
                0x00001818       0xf0 ./emlib/em_adc.o
                0x00001818                ADC_Init
 .text.ADC_InitSingle
                0x00001908       0x6c ./emlib/em_adc.o
                0x00001908                ADC_InitSingle
 .text.ADC_PrescaleCalc
                0x00001974       0x44 ./emlib/em_adc.o
                0x00001974                ADC_PrescaleCalc
 .text.ADC_TimebaseCalc
                0x000019b8       0x3c ./emlib/em_adc.o
                0x000019b8                ADC_TimebaseCalc
 .text.assertEFM
                0x000019f4        0x4 ./emlib/em_assert.o
                0x000019f4                assertEFM
 .text.auxClkGet
                0x000019f8       0xa0 ./emlib/em_cmu.o
 .text.maxFreqHfle
                0x00001a98       0x6c ./emlib/em_cmu.o
 .text.flashWaitStateMax
                0x00001b04       0x78 ./emlib/em_cmu.o
 .text.setHfLeConfig
                0x00001b7c       0xa8 ./emlib/em_cmu.o
 .text.CMU_UpdateWaitStates
                0x00001c24       0x74 ./emlib/em_cmu.o
                0x00001c24                CMU_UpdateWaitStates
 .text.CMU_ClockDivGet
                0x00001c98      0x118 ./emlib/em_cmu.o
                0x00001c98                CMU_ClockDivGet
 .text.CMU_ClockDivSet
                0x00001db0      0x390 ./emlib/em_cmu.o
                0x00001db0                CMU_ClockDivSet
 .text.CMU_ClockEnable
                0x00002140       0xb4 ./emlib/em_cmu.o
                0x00002140                CMU_ClockEnable
 .text.CMU_ClockSelectGet
                0x000021f4       0xd4 ./emlib/em_cmu.o
                0x000021f4                CMU_ClockSelectGet
 .text.lfClkGet
                0x000022c8       0xe0 ./emlib/em_cmu.o
 .text.CMU_ClockFreqGet
                0x000023a8      0x1a0 ./emlib/em_cmu.o
                0x000023a8                CMU_ClockFreqGet
 .text.CMU_ClockSelectSet
                0x00002548      0x22c ./emlib/em_cmu.o
                0x00002548                CMU_ClockSelectSet
 .text.CMU_LCDClkFDIVSet
                0x00002774       0x34 ./emlib/em_cmu.o
                0x00002774                CMU_LCDClkFDIVSet
 .text.CORE_EnterCritical
                0x000027a8        0x8 ./emlib/em_core.o
                0x000027a8                CORE_EnterCritical
 .text.CORE_ExitCritical
                0x000027b0        0x8 ./emlib/em_core.o
                0x000027b0                CORE_ExitCritical
 .text.GPIO_DriveModeSet
                0x000027b8       0x34 ./emlib/em_gpio.o
                0x000027b8                GPIO_DriveModeSet
 .text.GPIO_PinModeSet
                0x000027ec      0x1b4 ./emlib/em_gpio.o
                0x000027ec                GPIO_PinModeSet
 .text.I2C_BusFreqSet.part.0
                0x000029a0      0x108 ./emlib/em_i2c.o
 .text.I2C_Init
                0x00002aa8       0x80 ./emlib/em_i2c.o
                0x00002aa8                I2C_Init
 .text.I2C_Transfer
                0x00002b28      0x24c ./emlib/em_i2c.o
                0x00002b28                I2C_Transfer
 .text.I2C_TransferInit
                0x00002d74       0xbc ./emlib/em_i2c.o
                0x00002d74                I2C_TransferInit
 .text.LCD_Init
                0x00002e30       0x54 ./emlib/em_lcd.o
                0x00002e30                LCD_Init
 .text.LCD_VLCDSelect
                0x00002e84       0x1c ./emlib/em_lcd.o
                0x00002e84                LCD_VLCDSelect
 .text.LCD_SegmentRangeEnable
                0x00002ea0       0x1c ./emlib/em_lcd.o
                0x00002ea0                LCD_SegmentRangeEnable
 .text.LCD_SegmentSet
                0x00002ebc      0x224 ./emlib/em_lcd.o
                0x00002ebc                LCD_SegmentSet
 .text.LCD_SegmentSetLow
                0x000030e0       0xc8 ./emlib/em_lcd.o
                0x000030e0                LCD_SegmentSetLow
 .text.LCD_SegmentSetHigh
                0x000031a8       0xc8 ./emlib/em_lcd.o
                0x000031a8                LCD_SegmentSetHigh
 .text.LCD_VBoostSet
                0x00003270       0x14 ./emlib/em_lcd.o
                0x00003270                LCD_VBoostSet
 .text.LEUART_Rx
                0x00003284        0xc ./emlib/em_leuart.o
                0x00003284                LEUART_Rx
 .text.SYSTEM_ChipRevisionGet
                0x00003290       0x50 ./emlib/em_system.o
                0x00003290                SYSTEM_ChipRevisionGet
 .text.TIMER_Init
                0x000032e0       0xd4 ./emlib/em_timer.o
                0x000032e0                TIMER_Init
 .text.TIMER_InitCC
                0x000033b4       0x94 ./emlib/em_timer.o
                0x000033b4                TIMER_InitCC
 .text          0x00003448      0x378 c:/siliconlabs/simplicitystudio/v5/developer/toolchains/gnu_arm/10.2_2020q4/bin/../lib/gcc/arm-none-eabi/10.2.1/thumb/v7-m/nofp\libgcc.a(_arm_addsubdf3.o)
                0x00003448                __aeabi_drsub
                0x00003450                __aeabi_dsub
                0x00003450                __subdf3
                0x00003454                __aeabi_dadd
                0x00003454                __adddf3
                0x000036cc                __floatunsidf
                0x000036cc                __aeabi_ui2d
                0x000036ec                __floatsidf
                0x000036ec                __aeabi_i2d
                0x00003710                __aeabi_f2d
                0x00003710                __extendsfdf2
                0x00003754                __floatundidf
                0x00003754                __aeabi_ul2d
                0x00003764                __floatdidf
                0x00003764                __aeabi_l2d
 .text          0x000037c0      0x424 c:/siliconlabs/simplicitystudio/v5/developer/toolchains/gnu_arm/10.2_2020q4/bin/../lib/gcc/arm-none-eabi/10.2.1/thumb/v7-m/nofp\libgcc.a(_arm_muldivdf3.o)
                0x000037c0                __aeabi_dmul
                0x000037c0                __muldf3
                0x00003a14                __divdf3
                0x00003a14                __aeabi_ddiv
 .text          0x00003be4       0x50 c:/siliconlabs/simplicitystudio/v5/developer/toolchains/gnu_arm/10.2_2020q4/bin/../lib/gcc/arm-none-eabi/10.2.1/thumb/v7-m/nofp\libgcc.a(_arm_fixdfsi.o)
                0x00003be4                __aeabi_d2iz
                0x00003be4                __fixdfsi
 .text.exit     0x00003c34       0x28 c:/siliconlabs/simplicitystudio/v5/developer/toolchains/gnu_arm/10.2_2020q4/bin/../lib/gcc/arm-none-eabi/10.2.1/../../../../arm-none-eabi/lib/thumb/v7-m/nofp\libc_nano.a(lib_a-exit.o)
                0x00003c34                exit
 .text.__libc_init_array
                0x00003c5c       0x48 c:/siliconlabs/simplicitystudio/v5/developer/toolchains/gnu_arm/10.2_2020q4/bin/../lib/gcc/arm-none-eabi/10.2.1/../../../../arm-none-eabi/lib/thumb/v7-m/nofp\libc_nano.a(lib_a-init.o)
                0x00003c5c                __libc_init_array
 .text.memset   0x00003ca4       0x10 c:/siliconlabs/simplicitystudio/v5/developer/toolchains/gnu_arm/10.2_2020q4/bin/../lib/gcc/arm-none-eabi/10.2.1/../../../../arm-none-eabi/lib/thumb/v7-m/nofp\libc_nano.a(lib_a-memset.o)
                0x00003ca4                memset
 .text          0x00003cb4       0x10 c:/siliconlabs/simplicitystudio/v5/developer/toolchains/gnu_arm/10.2_2020q4/bin/../lib/gcc/arm-none-eabi/10.2.1/../../../../arm-none-eabi/lib/thumb/v7-m/nofp\libc_nano.a(lib_a-strlen.o)
                0x00003cb4                strlen
 *(.init)
 .init          0x00003cc4        0x4 c:/siliconlabs/simplicitystudio/v5/developer/toolchains/gnu_arm/10.2_2020q4/bin/../lib/gcc/arm-none-eabi/10.2.1/thumb/v7-m/nofp/crti.o
                0x00003cc4                _init
 .init          0x00003cc8        0x8 c:/siliconlabs/simplicitystudio/v5/developer/toolchains/gnu_arm/10.2_2020q4/bin/../lib/gcc/arm-none-eabi/10.2.1/thumb/v7-m/nofp/crtn.o
 *(.fini)
 .fini          0x00003cd0        0x4 c:/siliconlabs/simplicitystudio/v5/developer/toolchains/gnu_arm/10.2_2020q4/bin/../lib/gcc/arm-none-eabi/10.2.1/thumb/v7-m/nofp/crti.o
                0x00003cd0                _fini
 .fini          0x00003cd4        0x8 c:/siliconlabs/simplicitystudio/v5/developer/toolchains/gnu_arm/10.2_2020q4/bin/../lib/gcc/arm-none-eabi/10.2.1/thumb/v7-m/nofp/crtn.o
 *crtbegin.o(.ctors)
 *crtbegin?.o(.ctors)
 *(EXCLUDE_FILE(*crtend.o *crtend?.o) .ctors)
 *(SORT_BY_NAME(.ctors.*))
 *(.ctors)
 *crtbegin.o(.dtors)
 *crtbegin?.o(.dtors)
 *(EXCLUDE_FILE(*crtend.o *crtend?.o) .dtors)
 *(SORT_BY_NAME(.dtors.*))
 *(.dtors)
 *(.rodata*)
 .rodata.BSP_LedsGet.str1.4
                0x00003cdc       0x4c ./BSP/bsp_stk_leds.o
 .rodata.ledArray
                0x00003d28       0x10 ./BSP/bsp_stk_leds.o
 .rodata.EFM_Display
                0x00003d38      0x1fe ./Drivers/segmentlcd.o
 *fill*         0x00003f36        0x2 
 .rodata.Segment_Numbers
                0x00003f38       0x22 ./Drivers/segmentlcd.o
 *fill*         0x00003f5a        0x2 
 .rodata.lcdInit
                0x00003f5c       0x14 ./Drivers/segmentlcd.o
 .rodata.digitalWrite.part.0.str1.4
                0x00003f70       0x4c ./Main/OLED_I2C.o
 .rodata        0x00003f70       0x10 ./Main/OLED_I2C.o
 .rodata.SmallFont
                0x00003f80      0x23e ./Main/OLED_I2C.o
                0x00003f80                SmallFont
 *fill*         0x000041be        0x2 
 .rodata.TIMER3_IRQHandler.str1.4
                0x000041c0       0x4d ./Main/lcd.o
 *fill*         0x0000420d        0x3 
 .rodata.main.str1.4
                0x00004210       0x42 ./Main/lcd.o
 *fill*         0x00004252        0x2 
 .rodata.ADC_Init.str1.4
                0x00004254       0x4b ./emlib/em_adc.o
 *fill*         0x0000429f        0x1 
 .rodata.auxClkGet.str1.4
                0x000042a0       0x4b ./emlib/em_cmu.o
 *fill*         0x000042eb        0x1 
 .rodata.CMU_ClockDivSet.str1.4
                0x000042ec       0x4b ./emlib/em_cmu.o
 *fill*         0x00004337        0x1 
 .rodata.CSWTCH.36
                0x00004338        0x3 ./emlib/em_cmu.o
 *fill*         0x0000433b        0x1 
 .rodata.GPIO_DbgLocationSet.str1.4
                0x0000433c       0x4c ./emlib/em_gpio.o
 .rodata.GPIO_PinModeSet.str1.4
                0x00004388       0x4c ./emlib/em_gpio.o
 .rodata.I2C_BusFreqSet.part.0.str1.4
                0x00004388       0x4b ./emlib/em_i2c.o
 *fill*         0x000043d3        0x1 
 .rodata.CSWTCH.11
                0x000043d4        0xc ./emlib/em_i2c.o
 .rodata.CSWTCH.12
                0x000043e0        0xc ./emlib/em_i2c.o
 .rodata.i2cNSum
                0x000043ec        0x4 ./emlib/em_i2c.o
 .rodata.LCD_Init.str1.4
                0x000043f0       0x4b ./emlib/em_lcd.o
 *fill*         0x0000443b        0x1 
 .rodata.LCD_SegmentSet.str1.4
                0x0000443c       0x4b ./emlib/em_lcd.o
 *fill*         0x00004487        0x1 
 .rodata.SYSTEM_ChipRevisionGet.str1.4
                0x00004488       0x4e ./emlib/em_system.o
 *fill*         0x000044d6        0x2 
 .rodata.TIMER_Init.str1.4
                0x000044d8       0x4d ./emlib/em_timer.o
 *fill*         0x00004525        0x3 
 .rodata._global_impure_ptr
                0x00004528        0x4 c:/siliconlabs/simplicitystudio/v5/developer/toolchains/gnu_arm/10.2_2020q4/bin/../lib/gcc/arm-none-eabi/10.2.1/../../../../arm-none-eabi/lib/thumb/v7-m/nofp\libc_nano.a(lib_a-impure.o)
                0x00004528                _global_impure_ptr
 .rodata.__sf_fake_stderr
                0x0000452c       0x20 c:/siliconlabs/simplicitystudio/v5/developer/toolchains/gnu_arm/10.2_2020q4/bin/../lib/gcc/arm-none-eabi/10.2.1/../../../../arm-none-eabi/lib/thumb/v7-m/nofp\libc_nano.a(lib_a-findfp.o)
                0x0000452c                __sf_fake_stderr
 .rodata.__sf_fake_stdin
                0x0000454c       0x20 c:/siliconlabs/simplicitystudio/v5/developer/toolchains/gnu_arm/10.2_2020q4/bin/../lib/gcc/arm-none-eabi/10.2.1/../../../../arm-none-eabi/lib/thumb/v7-m/nofp\libc_nano.a(lib_a-findfp.o)
                0x0000454c                __sf_fake_stdin
 .rodata.__sf_fake_stdout
                0x0000456c       0x20 c:/siliconlabs/simplicitystudio/v5/developer/toolchains/gnu_arm/10.2_2020q4/bin/../lib/gcc/arm-none-eabi/10.2.1/../../../../arm-none-eabi/lib/thumb/v7-m/nofp\libc_nano.a(lib_a-findfp.o)
                0x0000456c                __sf_fake_stdout
 *(.eh_frame*)
 .eh_frame      0x0000458c        0x0 c:/siliconlabs/simplicitystudio/v5/developer/toolchains/gnu_arm/10.2_2020q4/bin/../lib/gcc/arm-none-eabi/10.2.1/thumb/v7-m/nofp/crtbegin.o
 .eh_frame      0x0000458c        0x4 c:/siliconlabs/simplicitystudio/v5/developer/toolchains/gnu_arm/10.2_2020q4/bin/../lib/gcc/arm-none-eabi/10.2.1/thumb/v7-m/nofp/crtend.o

.glue_7         0x00004590        0x0
 .glue_7        0x00004590        0x0 linker stubs

.glue_7t        0x00004590        0x0
 .glue_7t       0x00004590        0x0 linker stubs

.vfp11_veneer   0x00004590        0x0
 .vfp11_veneer  0x00004590        0x0 linker stubs

.v4_bx          0x00004590        0x0
 .v4_bx         0x00004590        0x0 linker stubs

.iplt           0x00004590        0x0
 .iplt          0x00004590        0x0 c:/siliconlabs/simplicitystudio/v5/developer/toolchains/gnu_arm/10.2_2020q4/bin/../lib/gcc/arm-none-eabi/10.2.1/thumb/v7-m/nofp/crtbegin.o

.ARM.extab
 *(.ARM.extab* .gnu.linkonce.armextab.*)
                0x00004590                __exidx_start = .

.ARM.exidx      0x00004590        0x8
 *(.ARM.exidx* .gnu.linkonce.armexidx.*)
 .ARM.exidx     0x00004590        0x8 c:/siliconlabs/simplicitystudio/v5/developer/toolchains/gnu_arm/10.2_2020q4/bin/../lib/gcc/arm-none-eabi/10.2.1/../../../../arm-none-eabi/lib/thumb/v7-m/nofp/crt0.o
                                 0x10 (size before relaxing)
                0x00004598                __exidx_end = .
                0x00004598                __etext = .

.rel.dyn        0x00004598        0x0
 .rel.iplt      0x00004598        0x0 c:/siliconlabs/simplicitystudio/v5/developer/toolchains/gnu_arm/10.2_2020q4/bin/../lib/gcc/arm-none-eabi/10.2.1/thumb/v7-m/nofp/crtbegin.o

.data           0x20000000      0x128 load address 0x00004598
                0x20000000                __data_start__ = .
 *(vtable)
 *(.data*)
 .data.SystemCoreClock
                0x20000000        0x4 ./CMSIS/EFM32GG/system_efm32gg.o
                0x20000000                SystemCoreClock
 .data.SystemHFXOClock
                0x20000004        0x4 ./CMSIS/EFM32GG/system_efm32gg.o
 .data.SystemLFXOClock
                0x20000008        0x4 ./CMSIS/EFM32GG/system_efm32gg.o
 .data.pin_remap
                0x2000000c       0xb0 ./Main/OLED_I2C.o
                0x2000000c                pin_remap
 .data.n        0x200000bc        0x4 ./Main/lcd.o
                0x200000bc                n
 .data.impure_data
                0x200000c0       0x60 c:/siliconlabs/simplicitystudio/v5/developer/toolchains/gnu_arm/10.2_2020q4/bin/../lib/gcc/arm-none-eabi/10.2.1/../../../../arm-none-eabi/lib/thumb/v7-m/nofp\libc_nano.a(lib_a-impure.o)
                0x20000120                . = ALIGN (0x4)
 *(.ram)
                0x20000120                . = ALIGN (0x4)
                0x20000120                PROVIDE (__preinit_array_start = .)
 *(.preinit_array)
                0x20000120                PROVIDE (__preinit_array_end = .)
                0x20000120                . = ALIGN (0x4)
                0x20000120                PROVIDE (__init_array_start = .)
 *(SORT_BY_NAME(.init_array.*))
 *(.init_array)
 .init_array    0x20000120        0x4 c:/siliconlabs/simplicitystudio/v5/developer/toolchains/gnu_arm/10.2_2020q4/bin/../lib/gcc/arm-none-eabi/10.2.1/thumb/v7-m/nofp/crtbegin.o
                0x20000124                PROVIDE (__init_array_end = .)
                0x20000124                . = ALIGN (0x4)
                [!provide]                PROVIDE (__fini_array_start = .)
 *(SORT_BY_NAME(.fini_array.*))
 *(.fini_array)
 .fini_array    0x20000124        0x4 c:/siliconlabs/simplicitystudio/v5/developer/toolchains/gnu_arm/10.2_2020q4/bin/../lib/gcc/arm-none-eabi/10.2.1/thumb/v7-m/nofp/crtbegin.o
                [!provide]                PROVIDE (__fini_array_end = .)
 *(.jcr*)
                0x20000128                . = ALIGN (0x4)
                0x20000128                __data_end__ = .

.igot.plt       0x20000128        0x0 load address 0x000046c0
 .igot.plt      0x20000128        0x0 c:/siliconlabs/simplicitystudio/v5/developer/toolchains/gnu_arm/10.2_2020q4/bin/../lib/gcc/arm-none-eabi/10.2.1/thumb/v7-m/nofp/crtbegin.o

.bss            0x20000128      0xc64 load address 0x000046c0
                0x20000128                . = ALIGN (0x4)
                0x20000128                __bss_start__ = .
 *(.bss*)
 .bss           0x20000128       0x1c c:/siliconlabs/simplicitystudio/v5/developer/toolchains/gnu_arm/10.2_2020q4/bin/../lib/gcc/arm-none-eabi/10.2.1/thumb/v7-m/nofp/crtbegin.o
 .bss._rst_pin  0x20000144        0x1 ./Main/OLED_I2C.o
                0x20000144                _rst_pin
 .bss._scl_pin  0x20000145        0x1 ./Main/OLED_I2C.o
                0x20000145                _scl_pin
 .bss._sda_pin  0x20000146        0x1 ./Main/OLED_I2C.o
                0x20000146                _sda_pin
 .bss._use_hw   0x20000147        0x1 ./Main/OLED_I2C.o
                0x20000147                _use_hw
 .bss.cfont     0x20000148        0xc ./Main/OLED_I2C.o
                0x20000148                cfont
 .bss.i2c_rxBuffer
                0x20000154      0x400 ./Main/OLED_I2C.o
                0x20000154                i2c_rxBuffer
 .bss.i2c_rxBufferIndex
                0x20000554        0x1 ./Main/OLED_I2C.o
                0x20000554                i2c_rxBufferIndex
 .bss.i2c_rxInProgress
                0x20000555        0x1 ./Main/OLED_I2C.o
                0x20000555                i2c_rxInProgress
 .bss.i2c_startTx
                0x20000556        0x1 ./Main/OLED_I2C.o
                0x20000556                i2c_startTx
 *fill*         0x20000557        0x1 
 .bss.i2c_txBuffer
                0x20000558      0x400 ./Main/OLED_I2C.o
                0x20000558                i2c_txBuffer
 .bss.scrbuf    0x20000958      0x400 ./Main/OLED_I2C.o
                0x20000958                scrbuf
 .bss.kalibrisan
                0x20000d58        0x4 ./Main/lcd.o
                0x20000d58                kalibrisan
 .bss.msTicks   0x20000d5c        0x4 ./Main/lcd.o
                0x20000d5c                msTicks
 .bss.rxBuffer  0x20000d60        0x8 ./Main/retargetvirtual.o
 .bss.rxCount   0x20000d68        0x4 ./Main/retargetvirtual.o
 .bss.rxReadIndex
                0x20000d6c        0x4 ./Main/retargetvirtual.o
 .bss.rxWriteIndex
                0x20000d70        0x4 ./Main/retargetvirtual.o
 .bss.i2cTransfer
                0x20000d74       0x18 ./emlib/em_i2c.o
 *(COMMON)
                0x20000d8c                . = ALIGN (0x4)
                0x20000d8c                __bss_end__ = .

.heap           0x20000d90      0xc00
                0x20000d90                __HeapBase = .
                0x20000d90                __end__ = .
                0x20000d90                end = __end__
                0x20000d90                _end = __end__
 *(.heap*)
 .heap          0x20000d90      0xc00 ./CMSIS/EFM32GG/startup_efm32gg.o
                0x20001990                __HeapLimit = .

.stack_dummy    0x20000d90      0x400
 *(.stack*)
 .stack         0x20000d90      0x400 ./CMSIS/EFM32GG/startup_efm32gg.o
                0x20020000                __StackTop = (ORIGIN (RAM) + LENGTH (RAM))
                0x2001fc00                __StackLimit = (__StackTop - SIZEOF (.stack_dummy))
                0x20020000                PROVIDE (__stack = __StackTop)
                0x00000001                ASSERT ((__StackLimit >= __HeapLimit), region RAM overflowed with stack)
                0x00000001                ASSERT ((LENGTH (FLASH) >= (__etext + SIZEOF (.data))), FLASH memory overflowed !)
OUTPUT(STK3700_lcd_2.axf elf32-littlearm)
LOAD linker stubs

.ARM.attributes
                0x00000000       0x29
 .ARM.attributes
                0x00000000       0x1d c:/siliconlabs/simplicitystudio/v5/developer/toolchains/gnu_arm/10.2_2020q4/bin/../lib/gcc/arm-none-eabi/10.2.1/thumb/v7-m/nofp/crti.o
 .ARM.attributes
                0x0000001d       0x2d c:/siliconlabs/simplicitystudio/v5/developer/toolchains/gnu_arm/10.2_2020q4/bin/../lib/gcc/arm-none-eabi/10.2.1/thumb/v7-m/nofp/crtbegin.o
 .ARM.attributes
                0x0000004a       0x1b c:/siliconlabs/simplicitystudio/v5/developer/toolchains/gnu_arm/10.2_2020q4/bin/../lib/gcc/arm-none-eabi/10.2.1/../../../../arm-none-eabi/lib/thumb/v7-m/nofp/crt0.o
 .ARM.attributes
                0x00000065       0x2d ./BSP/bsp_stk_leds.o
 .ARM.attributes
                0x00000092       0x2d ./BSP/bsp_trace.o
 .ARM.attributes
                0x000000bf       0x1b ./CMSIS/EFM32GG/startup_efm32gg.o
 .ARM.attributes
                0x000000da       0x2d ./CMSIS/EFM32GG/system_efm32gg.o
 .ARM.attributes
                0x00000107       0x2d ./Drivers/retargetio.o
 .ARM.attributes
                0x00000134       0x2d ./Drivers/segmentlcd.o
 .ARM.attributes
                0x00000161       0x2d ./Main/OLED_I2C.o
 .ARM.attributes
                0x0000018e       0x2d ./Main/lcd.o
 .ARM.attributes
                0x000001bb       0x2d ./Main/retargetvirtual.o
 .ARM.attributes
                0x000001e8       0x2d ./emlib/em_adc.o
 .ARM.attributes
                0x00000215       0x2d ./emlib/em_assert.o
 .ARM.attributes
                0x00000242       0x2d ./emlib/em_cmu.o
 .ARM.attributes
                0x0000026f       0x2d ./emlib/em_core.o
 .ARM.attributes
                0x0000029c       0x2d ./emlib/em_gpio.o
 .ARM.attributes
                0x000002c9       0x2d ./emlib/em_i2c.o
 .ARM.attributes
                0x000002f6       0x2d ./emlib/em_lcd.o
 .ARM.attributes
                0x00000323       0x2d ./emlib/em_leuart.o
 .ARM.attributes
                0x00000350       0x2d ./emlib/em_system.o
 .ARM.attributes
                0x0000037d       0x2d ./emlib/em_timer.o
 .ARM.attributes
                0x000003aa       0x1d c:/siliconlabs/simplicitystudio/v5/developer/toolchains/gnu_arm/10.2_2020q4/bin/../lib/gcc/arm-none-eabi/10.2.1/thumb/v7-m/nofp\libgcc.a(_arm_addsubdf3.o)
 .ARM.attributes
                0x000003c7       0x1d c:/siliconlabs/simplicitystudio/v5/developer/toolchains/gnu_arm/10.2_2020q4/bin/../lib/gcc/arm-none-eabi/10.2.1/thumb/v7-m/nofp\libgcc.a(_arm_muldivdf3.o)
 .ARM.attributes
                0x000003e4       0x1d c:/siliconlabs/simplicitystudio/v5/developer/toolchains/gnu_arm/10.2_2020q4/bin/../lib/gcc/arm-none-eabi/10.2.1/thumb/v7-m/nofp\libgcc.a(_arm_fixdfsi.o)
 .ARM.attributes
                0x00000401       0x2d c:/siliconlabs/simplicitystudio/v5/developer/toolchains/gnu_arm/10.2_2020q4/bin/../lib/gcc/arm-none-eabi/10.2.1/../../../../arm-none-eabi/lib/thumb/v7-m/nofp\libc_nano.a(lib_a-exit.o)
 .ARM.attributes
                0x0000042e       0x2d c:/siliconlabs/simplicitystudio/v5/developer/toolchains/gnu_arm/10.2_2020q4/bin/../lib/gcc/arm-none-eabi/10.2.1/../../../../arm-none-eabi/lib/thumb/v7-m/nofp\libc_nano.a(lib_a-impure.o)
 .ARM.attributes
                0x0000045b       0x2d c:/siliconlabs/simplicitystudio/v5/developer/toolchains/gnu_arm/10.2_2020q4/bin/../lib/gcc/arm-none-eabi/10.2.1/../../../../arm-none-eabi/lib/thumb/v7-m/nofp\libc_nano.a(lib_a-init.o)
 .ARM.attributes
                0x00000488       0x2d c:/siliconlabs/simplicitystudio/v5/developer/toolchains/gnu_arm/10.2_2020q4/bin/../lib/gcc/arm-none-eabi/10.2.1/../../../../arm-none-eabi/lib/thumb/v7-m/nofp\libc_nano.a(lib_a-memset.o)
 .ARM.attributes
                0x000004b5       0x17 c:/siliconlabs/simplicitystudio/v5/developer/toolchains/gnu_arm/10.2_2020q4/bin/../lib/gcc/arm-none-eabi/10.2.1/../../../../arm-none-eabi/lib/thumb/v7-m/nofp\libc_nano.a(lib_a-strlen.o)
 .ARM.attributes
                0x000004cc       0x2d c:/siliconlabs/simplicitystudio/v5/developer/toolchains/gnu_arm/10.2_2020q4/bin/../lib/gcc/arm-none-eabi/10.2.1/../../../../arm-none-eabi/lib/thumb/v7-m/nofp\libc_nano.a(lib_a-findfp.o)
 .ARM.attributes
                0x000004f9       0x2d c:/siliconlabs/simplicitystudio/v5/developer/toolchains/gnu_arm/10.2_2020q4/bin/../lib/gcc/arm-none-eabi/10.2.1/thumb/v7-m/nofp/crtend.o
 .ARM.attributes
                0x00000526       0x1d c:/siliconlabs/simplicitystudio/v5/developer/toolchains/gnu_arm/10.2_2020q4/bin/../lib/gcc/arm-none-eabi/10.2.1/thumb/v7-m/nofp/crtn.o

.comment        0x00000000       0x4d
 .comment       0x00000000       0x4d ./BSP/bsp_stk_leds.o
                                 0x4e (size before relaxing)
 .comment       0x0000004d       0x4e ./BSP/bsp_trace.o
 .comment       0x0000004d       0x4e ./CMSIS/EFM32GG/system_efm32gg.o
 .comment       0x0000004d       0x4e ./Drivers/retargetio.o
 .comment       0x0000004d       0x4e ./Drivers/segmentlcd.o
 .comment       0x0000004d       0x4e ./Main/OLED_I2C.o
 .comment       0x0000004d       0x4e ./Main/lcd.o
 .comment       0x0000004d       0x4e ./Main/retargetvirtual.o
 .comment       0x0000004d       0x4e ./emlib/em_adc.o
 .comment       0x0000004d       0x4e ./emlib/em_assert.o
 .comment       0x0000004d       0x4e ./emlib/em_cmu.o
 .comment       0x0000004d       0x4e ./emlib/em_core.o
 .comment       0x0000004d       0x4e ./emlib/em_gpio.o
 .comment       0x0000004d       0x4e ./emlib/em_i2c.o
 .comment       0x0000004d       0x4e ./emlib/em_lcd.o
 .comment       0x0000004d       0x4e ./emlib/em_leuart.o
 .comment       0x0000004d       0x4e ./emlib/em_system.o
 .comment       0x0000004d       0x4e ./emlib/em_timer.o

.debug_info     0x00000000    0x18241
 .debug_info    0x00000000      0xae5 ./BSP/bsp_stk_leds.o
 .debug_info    0x00000ae5      0xd56 ./BSP/bsp_trace.o
 .debug_info    0x0000183b       0x26 ./CMSIS/EFM32GG/startup_efm32gg.o
 .debug_info    0x00001861      0x87a ./CMSIS/EFM32GG/system_efm32gg.o
 .debug_info    0x000020db      0x54e ./Drivers/retargetio.o
 .debug_info    0x00002629     0x2234 ./Drivers/segmentlcd.o
 .debug_info    0x0000485d     0x5678 ./Main/OLED_I2C.o
 .debug_info    0x00009ed5     0x2ac5 ./Main/lcd.o
 .debug_info    0x0000c99a     0x1869 ./Main/retargetvirtual.o
 .debug_info    0x0000e203      0xedc ./emlib/em_adc.o
 .debug_info    0x0000f0df       0x8a ./emlib/em_assert.o
 .debug_info    0x0000f169     0x31e5 ./emlib/em_cmu.o
 .debug_info    0x0001234e      0xfe3 ./emlib/em_core.o
 .debug_info    0x00013331      0xc2d ./emlib/em_gpio.o
 .debug_info    0x00013f5e     0x1101 ./emlib/em_i2c.o
 .debug_info    0x0001505f     0x15a0 ./emlib/em_lcd.o
 .debug_info    0x000165ff      0xd56 ./emlib/em_leuart.o
 .debug_info    0x00017355      0x311 ./emlib/em_system.o
 .debug_info    0x00017666      0xbdb ./emlib/em_timer.o

.debug_abbrev   0x00000000     0x36c3
 .debug_abbrev  0x00000000      0x2b2 ./BSP/bsp_stk_leds.o
 .debug_abbrev  0x000002b2      0x1d4 ./BSP/bsp_trace.o
 .debug_abbrev  0x00000486       0x14 ./CMSIS/EFM32GG/startup_efm32gg.o
 .debug_abbrev  0x0000049a      0x27a ./CMSIS/EFM32GG/system_efm32gg.o
 .debug_abbrev  0x00000714      0x187 ./Drivers/retargetio.o
 .debug_abbrev  0x0000089b      0x372 ./Drivers/segmentlcd.o
 .debug_abbrev  0x00000c0d      0x4f7 ./Main/OLED_I2C.o
 .debug_abbrev  0x00001104      0x49d ./Main/lcd.o
 .debug_abbrev  0x000015a1      0x432 ./Main/retargetvirtual.o
 .debug_abbrev  0x000019d3      0x2fc ./emlib/em_adc.o
 .debug_abbrev  0x00001ccf       0x6f ./emlib/em_assert.o
 .debug_abbrev  0x00001d3e      0x488 ./emlib/em_cmu.o
 .debug_abbrev  0x000021c6      0x353 ./emlib/em_core.o
 .debug_abbrev  0x00002519      0x2c2 ./emlib/em_gpio.o
 .debug_abbrev  0x000027db      0x3eb ./emlib/em_i2c.o
 .debug_abbrev  0x00002bc6      0x393 ./emlib/em_lcd.o
 .debug_abbrev  0x00002f59      0x370 ./emlib/em_leuart.o
 .debug_abbrev  0x000032c9      0x1a1 ./emlib/em_system.o
 .debug_abbrev  0x0000346a      0x259 ./emlib/em_timer.o

.debug_loc      0x00000000    0x12c3d
 .debug_loc     0x00000000      0x7e8 ./BSP/bsp_stk_leds.o
 .debug_loc     0x000007e8       0xe0 ./BSP/bsp_trace.o
 .debug_loc     0x000008c8      0x15a ./CMSIS/EFM32GG/system_efm32gg.o
 .debug_loc     0x00000a22      0x290 ./Drivers/retargetio.o
 .debug_loc     0x00000cb2     0x174d ./Drivers/segmentlcd.o
 .debug_loc     0x000023ff     0x5ea6 ./Main/OLED_I2C.o
 .debug_loc     0x000082a5      0x8bf ./Main/lcd.o
 .debug_loc     0x00008b64      0x276 ./Main/retargetvirtual.o
 .debug_loc     0x00008dda      0xa3a ./emlib/em_adc.o
 .debug_loc     0x00009814       0x2a ./emlib/em_assert.o
 .debug_loc     0x0000983e     0x436e ./emlib/em_cmu.o
 .debug_loc     0x0000dbac      0x9f4 ./emlib/em_core.o
 .debug_loc     0x0000e5a0      0xbe6 ./emlib/em_gpio.o
 .debug_loc     0x0000f186      0xf16 ./emlib/em_i2c.o
 .debug_loc     0x0001009c     0x1cec ./emlib/em_lcd.o
 .debug_loc     0x00011d88      0x89c ./emlib/em_leuart.o
 .debug_loc     0x00012624      0x15c ./emlib/em_system.o
 .debug_loc     0x00012780      0x4bd ./emlib/em_timer.o

.debug_aranges  0x00000000      0x860
 .debug_aranges
                0x00000000       0x50 ./BSP/bsp_stk_leds.o
 .debug_aranges
                0x00000050       0x28 ./BSP/bsp_trace.o
 .debug_aranges
                0x00000078       0x20 ./CMSIS/EFM32GG/startup_efm32gg.o
 .debug_aranges
                0x00000098       0x68 ./CMSIS/EFM32GG/system_efm32gg.o
 .debug_aranges
                0x00000100       0x60 ./Drivers/retargetio.o
 .debug_aranges
                0x00000160       0xa0 ./Drivers/segmentlcd.o
 .debug_aranges
                0x00000200      0x178 ./Main/OLED_I2C.o
 .debug_aranges
                0x00000378       0x48 ./Main/lcd.o
 .debug_aranges
                0x000003c0       0x48 ./Main/retargetvirtual.o
 .debug_aranges
                0x00000408       0x50 ./emlib/em_adc.o
 .debug_aranges
                0x00000458       0x20 ./emlib/em_assert.o
 .debug_aranges
                0x00000478      0x120 ./emlib/em_cmu.o
 .debug_aranges
                0x00000598       0xb8 ./emlib/em_core.o
 .debug_aranges
                0x00000650       0x48 ./emlib/em_gpio.o
 .debug_aranges
                0x00000698       0x58 ./emlib/em_i2c.o
 .debug_aranges
                0x000006f0       0x88 ./emlib/em_lcd.o
 .debug_aranges
                0x00000778       0x80 ./emlib/em_leuart.o
 .debug_aranges
                0x000007f8       0x30 ./emlib/em_system.o
 .debug_aranges
                0x00000828       0x38 ./emlib/em_timer.o

.debug_ranges   0x00000000     0x2f90
 .debug_ranges  0x00000000      0x1b8 ./BSP/bsp_stk_leds.o
 .debug_ranges  0x000001b8       0x18 ./BSP/bsp_trace.o
 .debug_ranges  0x000001d0       0x88 ./CMSIS/EFM32GG/system_efm32gg.o
 .debug_ranges  0x00000258       0x50 ./Drivers/retargetio.o
 .debug_ranges  0x000002a8      0x110 ./Drivers/segmentlcd.o
 .debug_ranges  0x000003b8     0x1678 ./Main/OLED_I2C.o
 .debug_ranges  0x00001a30      0x2c8 ./Main/lcd.o
 .debug_ranges  0x00001cf8       0xf0 ./Main/retargetvirtual.o
 .debug_ranges  0x00001de8       0xa0 ./emlib/em_adc.o
 .debug_ranges  0x00001e88       0x10 ./emlib/em_assert.o
 .debug_ranges  0x00001e98      0x6a8 ./emlib/em_cmu.o
 .debug_ranges  0x00002540      0x188 ./emlib/em_core.o
 .debug_ranges  0x000026c8      0x230 ./emlib/em_gpio.o
 .debug_ranges  0x000028f8      0x178 ./emlib/em_i2c.o
 .debug_ranges  0x00002a70      0x2b8 ./emlib/em_lcd.o
 .debug_ranges  0x00002d28      0x100 ./emlib/em_leuart.o
 .debug_ranges  0x00002e28       0x20 ./emlib/em_system.o
 .debug_ranges  0x00002e48      0x148 ./emlib/em_timer.o

.debug_macro    0x00000000     0x4e22
 .debug_macro   0x00000000      0x316 ./BSP/bsp_stk_leds.o
 .debug_macro   0x00000316       0x56 ./BSP/bsp_stk_leds.o
 .debug_macro   0x0000036c       0x51 ./BSP/bsp_stk_leds.o
 .debug_macro   0x000003bd      0x317 ./BSP/bsp_trace.o
 .debug_macro   0x000006d4       0xb9 ./BSP/bsp_trace.o
 .debug_macro   0x0000078d       0x16 ./BSP/bsp_trace.o
 .debug_macro   0x000007a3      0x28e ./CMSIS/EFM32GG/system_efm32gg.o
 .debug_macro   0x00000a31      0x3e2 ./Drivers/retargetio.o
 .debug_macro   0x00000e13       0x10 ./Drivers/retargetio.o
 .debug_macro   0x00000e23       0x10 ./Drivers/retargetio.o
 .debug_macro   0x00000e33       0x10 ./Drivers/retargetio.o
 .debug_macro   0x00000e43       0x10 ./Drivers/retargetio.o
 .debug_macro   0x00000e53       0xb2 ./Drivers/retargetio.o
 .debug_macro   0x00000f05       0x2e ./Drivers/retargetio.o
 .debug_macro   0x00000f33      0x102 ./Drivers/retargetio.o
 .debug_macro   0x00001035       0x1c ./Drivers/retargetio.o
 .debug_macro   0x00001051       0x10 ./Drivers/retargetio.o
 .debug_macro   0x00001061       0x16 ./Drivers/retargetio.o
 .debug_macro   0x00001077      0x129 ./Drivers/retargetio.o
 .debug_macro   0x000011a0       0x16 ./Drivers/retargetio.o
 .debug_macro   0x000011b6       0x22 ./Drivers/retargetio.o
 .debug_macro   0x000011d8       0x16 ./Drivers/retargetio.o
 .debug_macro   0x000011ee      0x445 ./Drivers/segmentlcd.o
 .debug_macro   0x00001633       0x16 ./Drivers/segmentlcd.o
 .debug_macro   0x00001649       0x97 ./Drivers/segmentlcd.o
 .debug_macro   0x000016e0       0xf6 ./Drivers/segmentlcd.o
 .debug_macro   0x000017d6       0x23 ./Drivers/segmentlcd.o
 .debug_macro   0x000017f9      0x117 ./Drivers/segmentlcd.o
 .debug_macro   0x00001910       0x22 ./Drivers/segmentlcd.o
 .debug_macro   0x00001932      0x5c2 ./Main/OLED_I2C.o
 .debug_macro   0x00001ef4       0xa2 ./Main/OLED_I2C.o
 .debug_macro   0x00001f96       0x78 ./Main/OLED_I2C.o
 .debug_macro   0x0000200e      0x102 ./Main/OLED_I2C.o
 .debug_macro   0x00002110       0x45 ./Main/OLED_I2C.o
 .debug_macro   0x00002155       0x16 ./Main/OLED_I2C.o
 .debug_macro   0x0000216b       0x1f ./Main/OLED_I2C.o
 .debug_macro   0x0000218a       0xf4 ./Main/OLED_I2C.o
 .debug_macro   0x0000227e       0xbe ./Main/OLED_I2C.o
 .debug_macro   0x0000233c      0x518 ./Main/lcd.o
 .debug_macro   0x00002854       0x64 ./Main/lcd.o
 .debug_macro   0x000028b8       0xde ./Main/lcd.o
 .debug_macro   0x00002996       0x2e ./Main/lcd.o
 .debug_macro   0x000029c4       0x85 ./Main/lcd.o
 .debug_macro   0x00002a49       0xb2 ./Main/lcd.o
 .debug_macro   0x00002afb       0xf4 ./Main/lcd.o
 .debug_macro   0x00002bef      0x3eb ./Main/retargetvirtual.o
 .debug_macro   0x00002fda       0x6a ./Main/retargetvirtual.o
 .debug_macro   0x00003044       0x10 ./Main/retargetvirtual.o
 .debug_macro   0x00003054      0x368 ./emlib/em_adc.o
 .debug_macro   0x000033bc       0xac ./emlib/em_adc.o
 .debug_macro   0x00003468       0x23 ./emlib/em_assert.o
 .debug_macro   0x0000348b      0x389 ./emlib/em_cmu.o
 .debug_macro   0x00003814       0x7c ./emlib/em_cmu.o
 .debug_macro   0x00003890       0x17 ./emlib/em_cmu.o
 .debug_macro   0x000038a7       0xee ./emlib/em_cmu.o
 .debug_macro   0x00003995      0x2b2 ./emlib/em_core.o
 .debug_macro   0x00003c47      0x2bf ./emlib/em_gpio.o
 .debug_macro   0x00003f06      0x352 ./emlib/em_i2c.o
 .debug_macro   0x00004258       0x3f ./emlib/em_i2c.o
 .debug_macro   0x00004297      0x2d9 ./emlib/em_lcd.o
 .debug_macro   0x00004570       0x1d ./emlib/em_lcd.o
 .debug_macro   0x0000458d      0x2e0 ./emlib/em_leuart.o
 .debug_macro   0x0000486d      0x2a1 ./emlib/em_system.o
 .debug_macro   0x00004b0e      0x295 ./emlib/em_timer.o
 .debug_macro   0x00004da3       0x7f ./emlib/em_timer.o

.debug_line     0x00000000    0x13782
 .debug_line    0x00000000      0xce7 ./BSP/bsp_stk_leds.o
 .debug_line    0x00000ce7      0x9c7 ./BSP/bsp_trace.o
 .debug_line    0x000016ae       0xbb ./CMSIS/EFM32GG/startup_efm32gg.o
 .debug_line    0x00001769      0x9d1 ./CMSIS/EFM32GG/system_efm32gg.o
 .debug_line    0x0000213a      0x9f6 ./Drivers/retargetio.o
 .debug_line    0x00002b30     0x13b3 ./Drivers/segmentlcd.o
 .debug_line    0x00003ee3     0x381d ./Main/OLED_I2C.o
 .debug_line    0x00007700     0x1321 ./Main/lcd.o
 .debug_line    0x00008a21      0xce0 ./Main/retargetvirtual.o
 .debug_line    0x00009701      0xe39 ./emlib/em_adc.o
 .debug_line    0x0000a53a      0x16c ./emlib/em_assert.o
 .debug_line    0x0000a6a6     0x2bd6 ./emlib/em_cmu.o
 .debug_line    0x0000d27c      0xdf6 ./emlib/em_core.o
 .debug_line    0x0000e072      0xda5 ./emlib/em_gpio.o
 .debug_line    0x0000ee17     0x12d6 ./emlib/em_i2c.o
 .debug_line    0x000100ed     0x12fa ./emlib/em_lcd.o
 .debug_line    0x000113e7      0xe2f ./emlib/em_leuart.o
 .debug_line    0x00012216      0x8c7 ./emlib/em_system.o
 .debug_line    0x00012add      0xca5 ./emlib/em_timer.o

.debug_str      0x00000000    0xe2aa7
 .debug_str     0x00000000    0xd5294 ./BSP/bsp_stk_leds.o
                              0xd58e5 (size before relaxing)
 .debug_str     0x000d5294      0x3e3 ./BSP/bsp_trace.o
                              0xd598e (size before relaxing)
 .debug_str     0x000d5677       0x7e ./CMSIS/EFM32GG/startup_efm32gg.o
                                 0xd1 (size before relaxing)
 .debug_str     0x000d56f5      0x2ec ./CMSIS/EFM32GG/system_efm32gg.o
                              0xd2e9b (size before relaxing)
 .debug_str     0x000d59e1     0x38c6 ./Drivers/retargetio.o
                              0xd6406 (size before relaxing)
 .debug_str     0x000d92a7     0x36af ./Drivers/segmentlcd.o
                              0xdb5b9 (size before relaxing)
 .debug_str     0x000dc956     0x1562 ./Main/OLED_I2C.o
                              0xd961c (size before relaxing)
 .debug_str     0x000ddeb8     0x1f31 ./Main/lcd.o
                              0xde0e2 (size before relaxing)
 .debug_str     0x000dfde9      0x81f ./Main/retargetvirtual.o
                              0xd8bc6 (size before relaxing)
 .debug_str     0x000e0608      0x598 ./emlib/em_adc.o
                              0xd5e93 (size before relaxing)
 .debug_str     0x000e0ba0       0x4e ./emlib/em_assert.o
                               0x2d89 (size before relaxing)
 .debug_str     0x000e0bee      0xe60 ./emlib/em_cmu.o
                              0xd77c1 (size before relaxing)
 .debug_str     0x000e1a4e      0x31b ./emlib/em_core.o
                              0xd3c59 (size before relaxing)
 .debug_str     0x000e1d69      0x1c5 ./emlib/em_gpio.o
                              0xd41b8 (size before relaxing)
 .debug_str     0x000e1f2e      0x297 ./emlib/em_i2c.o
                              0xd6dd0 (size before relaxing)
 .debug_str     0x000e21c5      0x378 ./emlib/em_lcd.o
                              0xd4837 (size before relaxing)
 .debug_str     0x000e253d      0x162 ./emlib/em_leuart.o
                              0xd4e9c (size before relaxing)
 .debug_str     0x000e269f      0x1a8 ./emlib/em_system.o
                              0xd3055 (size before relaxing)
 .debug_str     0x000e2847      0x260 ./emlib/em_timer.o
                              0xd366b (size before relaxing)

.debug_frame    0x00000000     0x1c60
 .debug_frame   0x00000000      0x11c ./BSP/bsp_stk_leds.o
 .debug_frame   0x0000011c       0x40 ./BSP/bsp_trace.o
 .debug_frame   0x0000015c       0xc8 ./CMSIS/EFM32GG/system_efm32gg.o
 .debug_frame   0x00000224       0xb8 ./Drivers/retargetio.o
 .debug_frame   0x000002dc      0x220 ./Drivers/segmentlcd.o
 .debug_frame   0x000004fc      0x65c ./Main/OLED_I2C.o
 .debug_frame   0x00000b58       0xb8 ./Main/lcd.o
 .debug_frame   0x00000c10       0xbc ./Main/retargetvirtual.o
 .debug_frame   0x00000ccc       0xe4 ./emlib/em_adc.o
 .debug_frame   0x00000db0       0x20 ./emlib/em_assert.o
 .debug_frame   0x00000dd0      0x404 ./emlib/em_cmu.o
 .debug_frame   0x000011d4      0x238 ./emlib/em_core.o
 .debug_frame   0x0000140c       0xc4 ./emlib/em_gpio.o
 .debug_frame   0x000014d0       0xf4 ./emlib/em_i2c.o
 .debug_frame   0x000015c4      0x1b0 ./emlib/em_lcd.o
 .debug_frame   0x00001774      0x120 ./emlib/em_leuart.o
 .debug_frame   0x00001894       0x60 ./emlib/em_system.o
 .debug_frame   0x000018f4       0x8c ./emlib/em_timer.o
 .debug_frame   0x00001980       0xac c:/siliconlabs/simplicitystudio/v5/developer/toolchains/gnu_arm/10.2_2020q4/bin/../lib/gcc/arm-none-eabi/10.2.1/thumb/v7-m/nofp\libgcc.a(_arm_addsubdf3.o)
 .debug_frame   0x00001a2c       0x50 c:/siliconlabs/simplicitystudio/v5/developer/toolchains/gnu_arm/10.2_2020q4/bin/../lib/gcc/arm-none-eabi/10.2.1/thumb/v7-m/nofp\libgcc.a(_arm_muldivdf3.o)
 .debug_frame   0x00001a7c       0x24 c:/siliconlabs/simplicitystudio/v5/developer/toolchains/gnu_arm/10.2_2020q4/bin/../lib/gcc/arm-none-eabi/10.2.1/thumb/v7-m/nofp\libgcc.a(_arm_fixdfsi.o)
 .debug_frame   0x00001aa0       0x28 c:/siliconlabs/simplicitystudio/v5/developer/toolchains/gnu_arm/10.2_2020q4/bin/../lib/gcc/arm-none-eabi/10.2.1/../../../../arm-none-eabi/lib/thumb/v7-m/nofp\libc_nano.a(lib_a-exit.o)
 .debug_frame   0x00001ac8       0x2c c:/siliconlabs/simplicitystudio/v5/developer/toolchains/gnu_arm/10.2_2020q4/bin/../lib/gcc/arm-none-eabi/10.2.1/../../../../arm-none-eabi/lib/thumb/v7-m/nofp\libc_nano.a(lib_a-init.o)
 .debug_frame   0x00001af4       0x20 c:/siliconlabs/simplicitystudio/v5/developer/toolchains/gnu_arm/10.2_2020q4/bin/../lib/gcc/arm-none-eabi/10.2.1/../../../../arm-none-eabi/lib/thumb/v7-m/nofp\libc_nano.a(lib_a-memset.o)
 .debug_frame   0x00001b14      0x14c c:/siliconlabs/simplicitystudio/v5/developer/toolchains/gnu_arm/10.2_2020q4/bin/../lib/gcc/arm-none-eabi/10.2.1/../../../../arm-none-eabi/lib/thumb/v7-m/nofp\libc_nano.a(lib_a-findfp.o)
