******************************************************************************
                  MSP430 Linker PC v21.6.1                     
******************************************************************************
>> Linked Tue Sep 19 01:06:39 2023

OUTPUT FILE NAME:   <SRV_Template.out>
ENTRY POINT SYMBOL: "_c_int00_noargs"  address: 00004514


MEMORY CONFIGURATION

         name            origin    length      used     unused   attr    fill
----------------------  --------  ---------  --------  --------  ----  --------
  SFR                   00000000   00000010  00000000  00000010  RWIX
  PERIPHERALS_8BIT      00000010   000000f0  00000000  000000f0  RWIX
  PERIPHERALS_16BIT     00000100   00000100  00000000  00000100  RWIX
  INFOD                 00001800   00000080  00000000  00000080  RWIX
  INFOC                 00001880   00000080  00000000  00000080  RWIX
  INFOB                 00001900   00000080  00000000  00000080  RWIX
  INFOA                 00001980   00000080  00000000  00000080  RWIX
  USBRAM                00001c00   00000800  00000000  00000800  RWIX
  RAM                   00002400   00002000  00001f4f  000000b1  RWIX
  FLASH                 00004400   0000bb80  00000925  0000b25b  RWIX
  INT00                 0000ff80   00000002  00000000  00000002  RWIX
  INT01                 0000ff82   00000002  00000000  00000002  RWIX
  INT02                 0000ff84   00000002  00000000  00000002  RWIX
  INT03                 0000ff86   00000002  00000000  00000002  RWIX
  INT04                 0000ff88   00000002  00000000  00000002  RWIX
  INT05                 0000ff8a   00000002  00000000  00000002  RWIX
  INT06                 0000ff8c   00000002  00000000  00000002  RWIX
  INT07                 0000ff8e   00000002  00000000  00000002  RWIX
  INT08                 0000ff90   00000002  00000000  00000002  RWIX
  INT09                 0000ff92   00000002  00000000  00000002  RWIX
  INT10                 0000ff94   00000002  00000000  00000002  RWIX
  INT11                 0000ff96   00000002  00000000  00000002  RWIX
  INT12                 0000ff98   00000002  00000000  00000002  RWIX
  INT13                 0000ff9a   00000002  00000000  00000002  RWIX
  INT14                 0000ff9c   00000002  00000000  00000002  RWIX
  INT15                 0000ff9e   00000002  00000000  00000002  RWIX
  INT16                 0000ffa0   00000002  00000000  00000002  RWIX
  INT17                 0000ffa2   00000002  00000000  00000002  RWIX
  INT18                 0000ffa4   00000002  00000000  00000002  RWIX
  INT19                 0000ffa6   00000002  00000000  00000002  RWIX
  INT20                 0000ffa8   00000002  00000000  00000002  RWIX
  INT21                 0000ffaa   00000002  00000000  00000002  RWIX
  INT22                 0000ffac   00000002  00000000  00000002  RWIX
  INT23                 0000ffae   00000002  00000000  00000002  RWIX
  INT24                 0000ffb0   00000002  00000000  00000002  RWIX
  INT25                 0000ffb2   00000002  00000000  00000002  RWIX
  INT26                 0000ffb4   00000002  00000000  00000002  RWIX
  INT27                 0000ffb6   00000002  00000000  00000002  RWIX
  INT28                 0000ffb8   00000002  00000000  00000002  RWIX
  INT29                 0000ffba   00000002  00000000  00000002  RWIX
  INT30                 0000ffbc   00000002  00000000  00000002  RWIX
  INT31                 0000ffbe   00000002  00000000  00000002  RWIX
  INT32                 0000ffc0   00000002  00000000  00000002  RWIX
  INT33                 0000ffc2   00000002  00000000  00000002  RWIX
  INT34                 0000ffc4   00000002  00000000  00000002  RWIX
  INT35                 0000ffc6   00000002  00000000  00000002  RWIX
  INT36                 0000ffc8   00000002  00000000  00000002  RWIX
  INT37                 0000ffca   00000002  00000000  00000002  RWIX
  INT38                 0000ffcc   00000002  00000000  00000002  RWIX
  INT39                 0000ffce   00000002  00000000  00000002  RWIX
  INT40                 0000ffd0   00000002  00000000  00000002  RWIX
  INT41                 0000ffd2   00000002  00000002  00000000  RWIX
  INT42                 0000ffd4   00000002  00000002  00000000  RWIX
  INT43                 0000ffd6   00000002  00000002  00000000  RWIX
  INT44                 0000ffd8   00000002  00000002  00000000  RWIX
  INT45                 0000ffda   00000002  00000002  00000000  RWIX
  INT46                 0000ffdc   00000002  00000002  00000000  RWIX
  INT47                 0000ffde   00000002  00000002  00000000  RWIX
  INT48                 0000ffe0   00000002  00000002  00000000  RWIX
  INT49                 0000ffe2   00000002  00000002  00000000  RWIX
  INT50                 0000ffe4   00000002  00000002  00000000  RWIX
  INT51                 0000ffe6   00000002  00000002  00000000  RWIX
  INT52                 0000ffe8   00000002  00000002  00000000  RWIX
  INT53                 0000ffea   00000002  00000002  00000000  RWIX
  INT54                 0000ffec   00000002  00000002  00000000  RWIX
  INT55                 0000ffee   00000002  00000002  00000000  RWIX
  INT56                 0000fff0   00000002  00000002  00000000  RWIX
  INT57                 0000fff2   00000002  00000002  00000000  RWIX
  INT58                 0000fff4   00000002  00000002  00000000  RWIX
  INT59                 0000fff6   00000002  00000002  00000000  RWIX
  INT60                 0000fff8   00000002  00000002  00000000  RWIX
  INT61                 0000fffa   00000002  00000002  00000000  RWIX
  INT62                 0000fffc   00000002  00000002  00000000  RWIX
  RESET                 0000fffe   00000002  00000002  00000000  RWIX
  FLASH2                00010000   000143f8  00005dd0  0000e628  RWIX


SECTION ALLOCATION MAP

 output                                  attributes/
section   page    origin      length       input sections
--------  ----  ----------  ----------   ----------------
.bss       0    00002400    00001e3f     UNINITIALIZED
                  00002400    00001400     heap_1.obj (.bss:ucHeap)
                  00003800    0000086c     (.common:RecorderData)
                  0000406c    00000080     tasks.obj (.bss:pxReadyTasksLists)
                  000040ec    00000068     (.common:objectHandleStacks)
                  00004154    00000038     (.common:tasksInStackMonitor)
                  0000418c    00000010     timers.obj (.bss:xActiveTimerList1)
                  0000419c    00000010     timers.obj (.bss:xActiveTimerList2)
                  000041ac    00000010     tasks.obj (.bss:xDelayedTaskList1)
                  000041bc    00000010     tasks.obj (.bss:xDelayedTaskList2)
                  000041cc    00000010     tasks.obj (.bss:xPendingReadyList)
                  000041dc    00000010     tasks.obj (.bss:xSuspendedTaskList)
                  000041ec    00000008     trcSnapshotRecorder.obj (.bss:isrstack)
                  000041f4    00000008     tasks.obj (.bss)
                  000041fc    00000008     timers.obj (.bss)
                  00004204    00000004     trcSnapshotRecorder.obj (.bss)
                  00004208    00000004     (.common:RecorderDataPtr)
                  0000420c    00000004     (.common:init_hwtc_count)
                  00004210    00000004     (.common:traceErrorMessage)
                  00004214    00000004     (.common:ue1)
                  00004218    00000004     (.common:xADC0Mailbox)
                  0000421c    00000004     (.common:xADCTaskHandle)
                  00004220    00000004     (.common:xKernelPortDataBuffer)
                  00004224    00000004     (.common:xTask1Handle)
                  00004228    00000004     (.common:xTask1Mailbox)
                  0000422c    00000004     (.common:xTask2Handle)
                  00004230    00000004     (.common:xTask3Mailbox)
                  00004234    00000002     (.common:CurrentFilterGroup)
                  00004236    00000002     (.common:CurrentFilterMask)
                  00004238    00000002     (.common:buttonCommand)
                  0000423a    00000002     (.common:tasksNotIncluded)
                  0000423c    00000001     (.common:ADCHandle)
                  0000423d    00000001     (.common:PORT1Handle)
                  0000423e    00000001     (.common:PORT2Handle)

.data      0    00004240    00000070     UNINITIALIZED
                  00004240    00000036     trcSnapshotRecorder.obj (.data)
                  00004276    0000001c     tasks.obj (.data)
                  00004292    0000000a     timers.obj (.data)
                  0000429c    00000006     heap_1.obj (.data)
                  000042a2    00000006     trcKernelPort.obj (.data)
                  000042a8    00000005     trcKernelPort.obj (.data:TraceQueueClassTable)
                  000042ad    00000001     --HOLE--
                  000042ae    00000002     port.obj (.data)

.stack     0    00004360    000000a0     UNINITIALIZED
                  00004360    00000004     rts430x_lc_rd_eabi.lib : boot.c.obj (.stack)
                  00004364    0000009c     --HOLE--

.text:_isr 
*          0    00004400    00000148     
                  00004400    000000aa     main.obj (.text:_isr:vADC12ISR)
                  000044aa    00000036     main.obj (.text:_isr:vPORT1ISR)
                  000044e0    00000034     main.obj (.text:_isr:vPORT2ISR)
                  00004514    0000001c     rts430x_lc_rd_eabi.lib : boot.c.obj (.text:_isr:_c_int00_noargs)
                  00004530    00000010     port.obj (.text:_isr:vTickISREntry)
                  00004540    00000008     rts430x_lc_rd_eabi.lib : isr_trap.asm.obj (.text:_isr:__TI_ISR_TRAP)

.cinit     0    00004cee    00000038     
                  00004cee    00000015     (.cinit..data.load) [load image, compression = lzss]
                  00004d03    00000001     --HOLE-- [fill = 0]
                  00004d04    0000000c     (__TI_handler_table)
                  00004d10    00000006     (.cinit..bss.load) [load image, compression = zero_init]
                  00004d16    00000010     (__TI_cinit_table)

.binit     0    00004400    00000000     

.init_array 
*          0    00004400    00000000     UNINITIALIZED

.const     0    00004548    000007a5     
                  00004548    0000040e     trcSnapshotRecorder.obj (.const:.string)
                  00004956    000002fa     trcKernelPort.obj (.const:.string)
                  00004c50    00000074     main.obj (.const:.string)
                  00004cc4    0000000a     main.obj (.const:.string:$P$T1$2)
                  00004cce    0000000a     main.obj (.const:.string:$P$T2$3)
                  00004cd8    00000008     timers.obj (.const:.string)
                  00004ce0    00000006     tasks.obj (.const:.string)
                  00004ce6    00000004     main.obj (.const:.string:$P$T0$1)
                  00004cea    00000003     main.obj (.const:.string:$P$T3$4)

RTC        0    0000ffd2    00000002     
                  0000ffd2    00000002     rts430x_lc_rd_eabi.lib : int41.asm.obj (.int41)

PORT2      0    0000ffd4    00000002     
                  0000ffd4    00000002     main.obj (.int42)

TIMER2_A1 
*          0    0000ffd6    00000002     
                  0000ffd6    00000002     rts430x_lc_rd_eabi.lib : int43.asm.obj (.int43)

TIMER2_A0 
*          0    0000ffd8    00000002     
                  0000ffd8    00000002     rts430x_lc_rd_eabi.lib : int44.asm.obj (.int44)

USCI_B1    0    0000ffda    00000002     
                  0000ffda    00000002     rts430x_lc_rd_eabi.lib : int45.asm.obj (.int45)

USCI_A1    0    0000ffdc    00000002     
                  0000ffdc    00000002     rts430x_lc_rd_eabi.lib : int46.asm.obj (.int46)

PORT1      0    0000ffde    00000002     
                  0000ffde    00000002     main.obj (.int47)

TIMER1_A1 
*          0    0000ffe0    00000002     
                  0000ffe0    00000002     rts430x_lc_rd_eabi.lib : int48.asm.obj (.int48)

TIMER1_A0 
*          0    0000ffe2    00000002     
                  0000ffe2    00000002     rts430x_lc_rd_eabi.lib : int49.asm.obj (.int49)

DMA        0    0000ffe4    00000002     
                  0000ffe4    00000002     rts430x_lc_rd_eabi.lib : int50.asm.obj (.int50)

USB_UBM    0    0000ffe6    00000002     
                  0000ffe6    00000002     rts430x_lc_rd_eabi.lib : int51.asm.obj (.int51)

TIMER0_A1 
*          0    0000ffe8    00000002     
                  0000ffe8    00000002     rts430x_lc_rd_eabi.lib : int52.asm.obj (.int52)

TIMER0_A0 
*          0    0000ffea    00000002     
                  0000ffea    00000002     port.obj (.int53)

ADC12      0    0000ffec    00000002     
                  0000ffec    00000002     main.obj (.int54)

USCI_B0    0    0000ffee    00000002     
                  0000ffee    00000002     rts430x_lc_rd_eabi.lib : int55.asm.obj (.int55)

USCI_A0    0    0000fff0    00000002     
                  0000fff0    00000002     rts430x_lc_rd_eabi.lib : int56.asm.obj (.int56)

WDT        0    0000fff2    00000002     
                  0000fff2    00000002     rts430x_lc_rd_eabi.lib : int57.asm.obj (.int57)

TIMER0_B1 
*          0    0000fff4    00000002     
                  0000fff4    00000002     rts430x_lc_rd_eabi.lib : int58.asm.obj (.int58)

TIMER0_B0 
*          0    0000fff6    00000002     
                  0000fff6    00000002     rts430x_lc_rd_eabi.lib : int59.asm.obj (.int59)

COMP_B     0    0000fff8    00000002     
                  0000fff8    00000002     rts430x_lc_rd_eabi.lib : int60.asm.obj (.int60)

UNMI       0    0000fffa    00000002     
                  0000fffa    00000002     rts430x_lc_rd_eabi.lib : int61.asm.obj (.int61)

SYSNMI     0    0000fffc    00000002     
                  0000fffc    00000002     rts430x_lc_rd_eabi.lib : int62.asm.obj (.int62)

.reset     0    0000fffe    00000002     
                  0000fffe    00000002     rts430x_lc_rd_eabi.lib : boot.c.obj (.reset)

.text      0    00010000    00005dd0     
                  00010000    000003f8     queue.obj (.text:xQueueGenericSend)
                  000103f8    000003c0     queue.obj (.text:xQueueReceive)
                  000107b8    00000280     trcSnapshotRecorder.obj (.text:xTraceInitialize)
                  00010a38    00000202     timers.obj (.text:xTimerGenericCommand)
                  00010c3a    000001e2     queue.obj (.text:xQueueGenericSendFromISR)
                  00010e1c    000001ca     trcSnapshotRecorder.obj (.text:prvTraceGetDTS)
                  00010fe6    000001ca     tasks.obj (.text:xTaskGenericNotify)
                  000111b0    000001a4     tasks.obj (.text:xTaskNotifyWait)
                  00011354    00000194     timers.obj (.text:prvProcessReceivedCommands)
                  000114e8    00000192     tasks.obj (.text:prvAddNewTaskToReadyList)
                  0001167a    00000192     tasks.obj (.text:ulTaskNotifyTake)
                  0001180c    00000186     tasks.obj (.text:xTaskIncrementTick)
                  00011992    00000174     tasks.obj (.text:prvInitialiseNewTask)
                  00011b06    00000172     trcKernelPort.obj (.text:xTraceKernelPortInitObjectPropertyTable)
                  00011c78    0000016e     main.obj (.text:main)
                  00011de6    0000016c     trcSnapshotRecorder.obj (.text:prvTraceCreateSymbolTableEntry)
                  00011f52    0000015a     main.obj (.text:prvxTask3Function)
                  000120ac    00000158     trcSnapshotRecorder.obj (.text:vTraceStoreMemMangEvent)
                  00012204    0000013c     tasks.obj (.text:xTaskPriorityDisinherit)
                  00012340    0000012e     ucs.obj (.text:UCS_initFLL)
                  0001246e    0000012c     tasks.obj (.text:vTaskSwitchContext)
                  0001259a    00000126     tasks.obj (.text:vTaskNotifyGiveFromISR)
                  000126c0    00000124     queue.obj (.text:prvInitialiseNewQueue)
                  000127e4    00000124     tasks.obj (.text:xTaskResumeAll)
                  00012908    0000011e     trcSnapshotRecorder.obj (.text:prvCheckDataToBeOverwrittenForMultiEntryEvents)
                  00012a26    00000118     trcSnapshotRecorder.obj (.text:xTraceISREnd)
                  00012b3e    00000114     trcKernelPort.obj (.text:xTraceKernelPortInitObjectHandleStack)
                  00012c52    0000010e     pmm.obj (.text:PMM_setVCoreUp)
                  00012d60    00000108     tasks.obj (.text:vTaskDelayUntil)
                  00012e68    00000106     trcSnapshotRecorder.obj (.text:prvTracePortGetTimeStamp)
                  00012f6e    00000104     timers.obj (.text:prvSwitchTimerLists)
                  00013072    00000100     trcSnapshotRecorder.obj (.text:prvTraceLookupSymbolTableEntry)
                  00013172    000000f8     queue.obj (.text:xQueueGenericReset)
                  0001326a    000000e2     queue.obj (.text:prvUnlockQueue)
                  0001334c    000000d6     queue.obj (.text:prvCopyDataToQueue)
                  00013422    000000d4     trcSnapshotRecorder.obj (.text:xTraceISRBegin)
                  000134f6    000000d0     trcSnapshotRecorder.obj (.text:prvTraceStoreKernelCallWithParam)
                  000135c6    000000ce     trcSnapshotRecorder.obj (.text:prvTraceGetObjectHandle)
                  00013694    000000c8     pmm.obj (.text:PMM_setVCoreDown)
                  0001375c    000000c4     heap_1.obj (.text:pvPortMalloc)
                  00013820    000000c4     tasks.obj (.text:xTaskRemoveFromEventList)
                  000138e4    000000be     timers.obj (.text:prvProcessExpiredTimer)
                  000139a2    000000be     trcSnapshotRecorder.obj (.text:prvReportStackUsage)
                  00013a60    000000bc     trcSnapshotRecorder.obj (.text:prvTraceStoreKernelCallWithNumericParamOnly)
                  00013b1c    000000b8     queue.obj (.text:xQueueGenericCreate)
                  00013bd4    000000b0     tasks.obj (.text:xTaskCreate)
                  00013c84    000000ae     trcSnapshotRecorder.obj (.text:prvTraceStoreKernelCall)
                  00013d32    000000ac     trcSnapshotRecorder.obj (.text:prvTraceStoreObjectPropertiesOnCloseEvent)
                  00013dde    000000aa     hal_board.obj (.text:hal430SetSystemClock)
                  00013e88    000000a8     main.obj (.text:prvSetupHardware)
                  00013f30    000000a8     tasks.obj (.text:xTaskCheckForTimeOut)
                  00013fd8    000000a6     portext.obj (.text)
                  0001407e    000000a6     trcSnapshotRecorder.obj (.text:prvTraceStoreTaskswitch)
                  00014124    000000a4     main.obj (.text:prvxTask1Function)
                  000141c8    000000a2     trcSnapshotRecorder.obj (.text:prvTraceStart)
                  0001426a    000000a2     trcSnapshotRecorder.obj (.text:prvTraceStoreTaskReady)
                  0001430c    000000a2     main.obj (.text:prvxTask2Function)
                  000143ae    000000a2     trcSnapshotRecorder.obj (.text:xTracePrint)
                  00014450    0000009e     trcSnapshotRecorder.obj (.text:prvTraceOpenSymbol)
                  000144ee    0000009c     trcSnapshotRecorder.obj (.text:prvTraceGetParam)
                  0001458a    0000009c     trcSnapshotRecorder.obj (.text:prvTraceSetObjectName)
                  00014626    00000098     tasks.obj (.text:vTaskStartScheduler)
                  000146be    00000094     list.obj (.text:vListInsert)
                  00014752    00000092     tasks.obj (.text:prvAddCurrentTaskToDelayedList)
                  000147e4    00000092     tasks.obj (.text:vTaskPlaceOnEventListRestricted)
                  00014876    00000090     tasks.obj (.text:vTaskDelay)
                  00014906    0000008c     timers.obj (.text:prvInsertTimerInActiveList)
                  00014992    00000088     pmm.obj (.text:PMM_setVCore)
                  00014a1a    00000084     timers.obj (.text:prvProcessTimerOrBlockTask)
                  00014a9e    00000084     trcSnapshotRecorder.obj (.text:xTraceEnable)
                  00014b22    00000082     trcSnapshotRecorder.obj (.text:prvTraceStoreObjectNameOnCloseEvent)
                  00014ba4    00000080     port.obj (.text:pxPortInitialiseStack)
                  00014c24    00000080     queue.obj (.text:vQueueWaitForMessageRestricted)
                  00014ca4    0000007c     trcKernelPort.obj (.text:pszTraceGetErrorNotEnoughHandles)
                  00014d20    00000076     rts430x_lc_rd_eabi.lib : copy_decompress_lzss.c.obj (.text:decompress:lzss:__TI_decompress_lzss)
                  00014d96    00000074     trcSnapshotRecorder.obj (.text:prvStrncpy)
                  00014e0a    0000006e     trcSnapshotRecorder.obj (.text:uiIndexOfObject)
                  00014e78    0000006a     main.obj (.text:prvADCTaskFunction)
                  00014ee2    00000064     trcSnapshotRecorder.obj (.text:prvAddTaskToStackMonitor)
                  00014f46    00000064     list.obj (.text:uxListRemove)
                  00014faa    00000062     list.obj (.text:vListInsertEnd)
                  0001500c    0000005e     trcSnapshotRecorder.obj (.text:prvTraceGetChecksum)
                  0001506a    00000058     timers.obj (.text:prvCheckForValidListAndQueue)
                  000150c2    00000058     tasks.obj (.text:prvInitialiseTaskLists)
                  0001511a    00000058     rts430x_lc_rd_eabi.lib : div32u.asm.obj (.text)
                  00015172    00000054                            : autoinit.c.obj (.text:__TI_auto_init_nobinit_nopinit_hold_wdt:__TI_auto_init_nobinit_nopinit_hold_wdt)
                  000151c6    00000054     trcSnapshotRecorder.obj (.text:prvTraceError)
                  0001521a    00000052     trcSnapshotRecorder.obj (.text:prvTraceFreeObjectHandle)
                  0001526c    00000050     list.obj (.text:vListInitialise)
                  000152bc    00000050     timers.obj (.text:xTimerCreateTimerTask)
                  0001530c    0000004e     ucs.obj (.text:UCS_initFLLSettle)
                  0001535a    0000004e     trcSnapshotRecorder.obj (.text:prvTraceUpdateCounters)
                  000153a8    0000004a     queue.obj (.text:prvCopyDataFromQueue)
                  000153f2    00000048     tasks.obj (.text:prvTaskCheckFreeStackSpace)
                  0001543a    00000048     trcSnapshotRecorder.obj (.text:xTraceISRRegister)
                  00015482    00000042     timers.obj (.text:prvGetNextExpireTime)
                  000154c4    00000042     queue.obj (.text:prvIsQueueFull)
                  00015506    00000042     trcSnapshotRecorder.obj (.text:prvTraceNextFreeEventBufferSlot)
                  00015548    00000040     queue.obj (.text:prvIsQueueEmpty)
                  00015588    0000003e     rts430x_lc_rd_eabi.lib : lsr32.asm.obj (.text:l_lsr_const)
                  000155c6    0000003e     tasks.obj (.text:prvResetNextTaskUnblockTime)
                  00015604    0000003e     timers.obj (.text:prvSampleTimeNow)
                  00015642    0000003e     trcSnapshotRecorder.obj (.text:prvTraceSetPriorityProperty)
                  00015680    0000003c     trcSnapshotRecorder.obj (.text:prvTraceSetObjectState)
                  000156bc    0000003a     tasks.obj (.text:vTaskPlaceOnEventList)
                  000156f6    00000034     trcSnapshotRecorder.obj (.text:prvTraceGetPriorityProperty)
                  0001572a    00000034     trcKernelPort.obj (.text:xTraceKernelPortEnable)
                  0001575e    00000032     trcSnapshotRecorder.obj (.text:prvTraceGetObjectState)
                  00015790    00000032     tasks.obj (.text:uxTaskGetStackHighWaterMark)
                  000157c2    00000032     tasks.obj (.text:uxTaskGetTaskNumber)
                  000157f4    00000030     util.obj (.text:vApplicationSetupTimerInterrupt)
                  00015824    0000002e     rts430x_lc_rd_eabi.lib : strncmp.c.obj (.text:strncmp)
                  00015852    0000002c                            : div16s.asm.obj (.text)
                  0001587e    0000002c     tasks.obj (.text:vTaskSetTaskNumber)
                  000158aa    0000002c     tasks.obj (.text:xTaskGetTickCount)
                  000158d6    0000002a     trcSnapshotRecorder.obj (.text:prvMarkObjectAsUsed)
                  00015900    0000002a     trcSnapshotRecorder.obj (.text:xTraceStringRegister)
                  0001592a    00000028     trcSnapshotRecorder.obj (.text:prvTraceSetTaskInstanceFinished)
                  00015952    00000028     trcSnapshotRecorder.obj (.text:xTraceIsRecorderEnabled)
                  0001597a    00000026     timers.obj (.text:prvTimerTask)
                  000159a0    00000026     main.obj (.text:prvxTaskTimerFunction)
                  000159c6    00000026     heap_1.obj (.text:vPortFree)
                  000159ec    00000026     trcSnapshotRecorder.obj (.text:xTraceRegisterString)
                  00015a12    00000026     trcSnapshotRecorder.obj (.text:xTraceSetISRProperties)
                  00015a38    00000024     trcKernelPort.obj (.text:TzCtrl)
                  00015a5c    00000024     rts430x_lc_rd_eabi.lib : copy_zero_init.c.obj (.text:decompress:ZI:__TI_zero_init)
                  00015a80    00000024     trcKernelPort.obj (.text:prvTraceSetQueueNumberLow16)
                  00015aa4    00000024     trcKernelPort.obj (.text:prvTraceSetTaskNumberLow16)
                  00015ac8    00000024     rts430x_lc_rd_eabi.lib : mult32_f5hw.asm.obj (.text)
                  00015aec    00000024     tasks.obj (.text:xTaskGetSchedulerState)
                  00015b10    00000024     trcKernelPort.obj (.text:xTraceKernelPortGetUnusedStack)
                  00015b34    00000022     trcKernelPort.obj (.text:prvTraceSetQueueNumberHigh16)
                  00015b56    00000022     trcKernelPort.obj (.text:vTraceSetQueueName)
                  00015b78    00000020     trcSnapshotRecorder.obj (.text:prvTraceStop)
                  00015b98    0000001e     tasks.obj (.text:vTaskInternalSetTimeOutState)
                  00015bb6    0000001c     trcSnapshotRecorder.obj (.text:vTraceSetFrequency)
                  00015bd2    0000001a     tasks.obj (.text:prvIdleTask)
                  00015bec    00000018     rts430x_lc_rd_eabi.lib : mult16_f5hw.asm.obj (.text)
                  00015c04    00000018     queue.obj (.text:vQueueSetQueueNumber)
                  00015c1c    00000016     rts430x_lc_rd_eabi.lib : memset.c.obj (.text:memset)
                  00015c32    00000016                            : div16u.asm.obj (.text)
                  00015c48    00000016     util.obj (.text:vApplicationStackOverflowHook)
                  00015c5e    00000016     tasks.obj (.text:xTaskGetCurrentTaskHandle)
                  00015c74    00000014     rts430x_lc_rd_eabi.lib : memcpy.c.obj (.text:memcpy)
                  00015c88    00000014     trcKernelPort.obj (.text:prvTraceGetQueueNumber)
                  00015c9c    00000014     trcKernelPort.obj (.text:prvTraceGetTimerNumberHigh16)
                  00015cb0    00000014     list.obj (.text:vListInitialiseItem)
                  00015cc4    00000014     trcKernelPort.obj (.text:xTraceKernelPortIsSchedulerSuspended)
                  00015cd8    00000012     rts430x_lc_rd_eabi.lib : copy_decompress_none.c.obj (.text:decompress:none:__TI_decompress_none)
                  00015cea    00000012     trcKernelPort.obj (.text:prvTraceGetQueueNumberLow16)
                  00015cfc    00000012     trcKernelPort.obj (.text:prvTraceGetQueueType)
                  00015d0e    00000012     trcKernelPort.obj (.text:prvTraceGetTaskNumberLow16)
                  00015d20    00000012     trcKernelPort.obj (.text:prvTraceGetTimerNumberLow16)
                  00015d32    00000012     queue.obj (.text:ucQueueGetQueueType)
                  00015d44    00000012     queue.obj (.text:uxQueueGetQueueNumber)
                  00015d56    00000012     timers.obj (.text:uxTimerGetTimerNumber)
                  00015d68    00000012     trcKernelPort.obj (.text:xTraceKernelPortInitialize)
                  00015d7a    00000010     rts430x_lc_rd_eabi.lib : lsr32.asm.obj (.text:l_lsr)
                  00015d8a    0000000a     trcSnapshotRecorder.obj (.text:prvTraceInitTimestamps)
                  00015d94    0000000a     util.obj (.text:vApplicationMallocFailedHook)
                  00015d9e    0000000a     trcSnapshotRecorder.obj (.text:xTraceDisable)
                  00015da8    00000006     rts430x_lc_rd_eabi.lib : exit.c.obj (.text:abort)
                  00015dae    00000006     trcKernelPort.obj (.text:prvTraceGetCurrentTaskHandle)
                  00015db4    00000006     port.obj (.text:vPortSetupTimerInterrupt)
                  00015dba    00000006     tasks.obj (.text:vTaskMissedYield)
                  00015dc0    00000006     tasks.obj (.text:vTaskSuspendAll)
                  00015dc6    00000004     rts430x_lc_rd_eabi.lib : pre_init.c.obj (.text:_system_pre_init)
                  00015dca    00000002                            : startup.c.obj (.text:_system_post_cinit)
                  00015dcc    00000002     tasks.obj (.text:prvCheckTasksWaitingTermination)
                  00015dce    00000002     util.obj (.text:vApplicationTickHook)

MODULE SUMMARY

       Module                       code    ro data   rw data
       ------                       ----    -------   -------
    .\
       main.obj                     1626    149       33     
       util.obj                     82      0         0      
    +--+----------------------------+-------+---------+---------+
       Total:                       1708    149       33     
                                                             
    .\ETF5529_HAL\
       hal_board.obj                170     0         0      
    +--+----------------------------+-------+---------+---------+
       Total:                       170     0         0      
                                                             
    .\FreeRTOS_source\
       tasks.obj                    5634    6         228    
       queue.obj                    4014    0         0      
       timers.obj                   1992    8         50     
       list.obj                     446     0         0      
    +--+----------------------------+-------+---------+---------+
       Total:                       12086   14        278    
                                                             
    .\FreeRTOS_source\portable\CCS\MSP430X\
       portext.obj                  166     0         0      
       port.obj                     150     2         2      
    +--+----------------------------+-------+---------+---------+
       Total:                       316     2         2      
                                                             
    .\FreeRTOS_source\portable\MemMang\
       heap_1.obj                   234     0         5126   
    +--+----------------------------+-------+---------+---------+
       Total:                       234     0         5126   
                                                             
    .\Tracealyzer\
       trcSnapshotRecorder.obj      6970    1038      2404   
       trcKernelPort.obj            1190    762       11     
    +--+----------------------------+-------+---------+---------+
       Total:                       8160    1800      2415   
                                                             
    .\drivers\MSP430F5xx_6xx\
       pmm.obj                      606     0         0      
       ucs.obj                      380     0         0      
    +--+----------------------------+-------+---------+---------+
       Total:                       986     0         0      
                                                             
    C:\ti\ccs1230\ccs\tools\compiler\ti-cgt-msp430_21.6.1.LTS\lib\rts430x_lc_rd_eabi.lib
       copy_decompress_lzss.c.obj   118     0         0      
       div32u.asm.obj               88      0         0      
       autoinit.c.obj               84      0         0      
       lsr32.asm.obj                78      0         0      
       strncmp.c.obj                46      0         0      
       div16s.asm.obj               44      0         0      
       copy_zero_init.c.obj         36      0         0      
       mult32_f5hw.asm.obj          36      0         0      
       boot.c.obj                   28      2         0      
       mult16_f5hw.asm.obj          24      0         0      
       div16u.asm.obj               22      0         0      
       memset.c.obj                 22      0         0      
       memcpy.c.obj                 20      0         0      
       copy_decompress_none.c.obj   18      0         0      
       isr_trap.asm.obj             8       0         0      
       exit.c.obj                   6       0         0      
       pre_init.c.obj               4       0         0      
       int41.asm.obj                0       2         0      
       int43.asm.obj                0       2         0      
       int44.asm.obj                0       2         0      
       int45.asm.obj                0       2         0      
       int46.asm.obj                0       2         0      
       int48.asm.obj                0       2         0      
       int49.asm.obj                0       2         0      
       int50.asm.obj                0       2         0      
       int51.asm.obj                0       2         0      
       int52.asm.obj                0       2         0      
       int55.asm.obj                0       2         0      
       int56.asm.obj                0       2         0      
       int57.asm.obj                0       2         0      
       int58.asm.obj                0       2         0      
       int59.asm.obj                0       2         0      
       int60.asm.obj                0       2         0      
       int61.asm.obj                0       2         0      
       int62.asm.obj                0       2         0      
       startup.c.obj                2       0         0      
    +--+----------------------------+-------+---------+---------+
       Total:                       684     38        0      
                                                             
       Stack:                       0       0         160    
       Linker Generated:            0       55        0      
    +--+----------------------------+-------+---------+---------+
       Grand Total:                 24344   2058      8014   


LINKER GENERATED COPY TABLES

__TI_cinit_table @ 00004d16 records: 2, size/record: 8, table size: 16
	.data: load addr=00004cee, load size=00000015 bytes, run addr=00004240, run size=00000070 bytes, compression=lzss
	.bss: load addr=00004d10, load size=00000006 bytes, run addr=00002400, run size=00001e3f bytes, compression=zero_init


LINKER GENERATED HANDLER TABLE

__TI_handler_table @ 00004d04 records: 3, size/record: 4, table size: 12
	index: 0, handler: __TI_zero_init
	index: 1, handler: __TI_decompress_lzss
	index: 2, handler: __TI_decompress_none


GLOBAL SYMBOLS: SORTED ALPHABETICALLY BY Name 

address   name                                       
-------   ----                                       
00000700  ADC12CTL0                                  
00000701  ADC12CTL0_H                                
00000700  ADC12CTL0_L                                
00000702  ADC12CTL1                                  
00000703  ADC12CTL1_H                                
00000702  ADC12CTL1_L                                
00000704  ADC12CTL2                                  
00000705  ADC12CTL2_H                                
00000704  ADC12CTL2_L                                
0000070c  ADC12IE                                    
0000070d  ADC12IE_H                                  
0000070c  ADC12IE_L                                  
0000070a  ADC12IFG                                   
0000070b  ADC12IFG_H                                 
0000070a  ADC12IFG_L                                 
0000070e  ADC12IV                                    
0000070f  ADC12IV_H                                  
0000070e  ADC12IV_L                                  
00000710  ADC12MCTL0                                 
00000711  ADC12MCTL1                                 
0000071a  ADC12MCTL10                                
0000071b  ADC12MCTL11                                
0000071c  ADC12MCTL12                                
0000071d  ADC12MCTL13                                
0000071e  ADC12MCTL14                                
0000071f  ADC12MCTL15                                
00000712  ADC12MCTL2                                 
00000713  ADC12MCTL3                                 
00000714  ADC12MCTL4                                 
00000715  ADC12MCTL5                                 
00000716  ADC12MCTL6                                 
00000717  ADC12MCTL7                                 
00000718  ADC12MCTL8                                 
00000719  ADC12MCTL9                                 
00000720  ADC12MEM0                                  
00000721  ADC12MEM0_H                                
00000720  ADC12MEM0_L                                
00000722  ADC12MEM1                                  
00000734  ADC12MEM10                                 
00000735  ADC12MEM10_H                               
00000734  ADC12MEM10_L                               
00000736  ADC12MEM11                                 
00000737  ADC12MEM11_H                               
00000736  ADC12MEM11_L                               
00000738  ADC12MEM12                                 
00000739  ADC12MEM12_H                               
00000738  ADC12MEM12_L                               
0000073a  ADC12MEM13                                 
0000073b  ADC12MEM13_H                               
0000073a  ADC12MEM13_L                               
0000073c  ADC12MEM14                                 
0000073d  ADC12MEM14_H                               
0000073c  ADC12MEM14_L                               
0000073e  ADC12MEM15                                 
0000073f  ADC12MEM15_H                               
0000073e  ADC12MEM15_L                               
00000723  ADC12MEM1_H                                
00000722  ADC12MEM1_L                                
00000724  ADC12MEM2                                  
00000725  ADC12MEM2_H                                
00000724  ADC12MEM2_L                                
00000726  ADC12MEM3                                  
00000727  ADC12MEM3_H                                
00000726  ADC12MEM3_L                                
00000728  ADC12MEM4                                  
00000729  ADC12MEM4_H                                
00000728  ADC12MEM4_L                                
0000072a  ADC12MEM5                                  
0000072b  ADC12MEM5_H                                
0000072a  ADC12MEM5_L                                
0000072c  ADC12MEM6                                  
0000072d  ADC12MEM6_H                                
0000072c  ADC12MEM6_L                                
0000072e  ADC12MEM7                                  
0000072f  ADC12MEM7_H                                
0000072e  ADC12MEM7_L                                
00000730  ADC12MEM8                                  
00000731  ADC12MEM8_H                                
00000730  ADC12MEM8_L                                
00000732  ADC12MEM9                                  
00000733  ADC12MEM9_H                                
00000732  ADC12MEM9_L                                
0000423c  ADCHandle                                  
00015da8  C$$EXIT                                    
000008c0  CBCTL0                                     
000008c1  CBCTL0_H                                   
000008c0  CBCTL0_L                                   
000008c2  CBCTL1                                     
000008c3  CBCTL1_H                                   
000008c2  CBCTL1_L                                   
000008c4  CBCTL2                                     
000008c5  CBCTL2_H                                   
000008c4  CBCTL2_L                                   
000008c6  CBCTL3                                     
000008c7  CBCTL3_H                                   
000008c6  CBCTL3_L                                   
000008cc  CBINT                                      
000008cd  CBINT_H                                    
000008cc  CBINT_L                                    
000008ce  CBIV                                       
00000150  CRCDI                                      
00000152  CRCDIRB                                    
00000153  CRCDIRB_H                                  
00000152  CRCDIRB_L                                  
00000151  CRCDI_H                                    
00000150  CRCDI_L                                    
00000154  CRCINIRES                                  
00000155  CRCINIRES_H                                
00000154  CRCINIRES_L                                
00000156  CRCRESR                                    
00000157  CRCRESR_H                                  
00000156  CRCRESR_L                                  
00004234  CurrentFilterGroup                         
00004236  CurrentFilterMask                          
00000510  DMA0CTL                                    
00000516  DMA0DA                                     
00000518  DMA0DAH                                    
00000516  DMA0DAL                                    
00000512  DMA0SA                                     
00000514  DMA0SAH                                    
00000512  DMA0SAL                                    
0000051a  DMA0SZ                                     
00000520  DMA1CTL                                    
00000526  DMA1DA                                     
00000528  DMA1DAH                                    
00000526  DMA1DAL                                    
00000522  DMA1SA                                     
00000524  DMA1SAH                                    
00000522  DMA1SAL                                    
0000052a  DMA1SZ                                     
00000530  DMA2CTL                                    
00000536  DMA2DA                                     
00000538  DMA2DAH                                    
00000536  DMA2DAL                                    
00000532  DMA2SA                                     
00000534  DMA2SAH                                    
00000532  DMA2SAL                                    
0000053a  DMA2SZ                                     
00000500  DMACTL0                                    
00000502  DMACTL1                                    
00000504  DMACTL2                                    
00000506  DMACTL3                                    
00000508  DMACTL4                                    
0000050e  DMAIV                                      
00000140  FCTL1                                      
00000141  FCTL1_H                                    
00000140  FCTL1_L                                    
00000144  FCTL3                                      
00000145  FCTL3_H                                    
00000144  FCTL3_L                                    
00000146  FCTL4                                      
00000147  FCTL4_H                                    
00000146  FCTL4_L                                    
000004c4  MAC                                        
000004da  MAC32H                                     
000004db  MAC32H_H                                   
000004da  MAC32H_L                                   
000004d8  MAC32L                                     
000004d9  MAC32L_H                                   
000004d8  MAC32L_L                                   
000004c6  MACS                                       
000004de  MACS32H                                    
000004df  MACS32H_H                                  
000004de  MACS32H_L                                  
000004dc  MACS32L                                    
000004dd  MACS32L_H                                  
000004dc  MACS32L_L                                  
000004c7  MACS_H                                     
000004c6  MACS_L                                     
000004c5  MAC_H                                      
000004c4  MAC_L                                      
000004c0  MPY                                        
000004ec  MPY32CTL0                                  
000004ed  MPY32CTL0_H                                
000004ec  MPY32CTL0_L                                
000004d2  MPY32H                                     
000004d3  MPY32H_H                                   
000004d2  MPY32H_L                                   
000004d0  MPY32L                                     
000004d1  MPY32L_H                                   
000004d0  MPY32L_L                                   
000004c2  MPYS                                       
000004d6  MPYS32H                                    
000004d7  MPYS32H_H                                  
000004d6  MPYS32H_L                                  
000004d4  MPYS32L                                    
000004d5  MPYS32L_H                                  
000004d4  MPYS32L_L                                  
000004c3  MPYS_H                                     
000004c2  MPYS_L                                     
000004c1  MPY_H                                      
000004c0  MPY_L                                      
000004c8  OP2                                        
000004e2  OP2H                                       
000004e3  OP2H_H                                     
000004e2  OP2H_L                                     
000004e0  OP2L                                       
000004e1  OP2L_H                                     
000004e0  OP2L_L                                     
000004c9  OP2_H                                      
000004c8  OP2_L                                      
0000020e  P1IV                                       
0000021e  P2IV                                       
000001e0  P4MAP01                                    
000001e1  P4MAP01_H                                  
000001e0  P4MAP01_L                                  
000001e2  P4MAP23                                    
000001e3  P4MAP23_H                                  
000001e2  P4MAP23_L                                  
000001e4  P4MAP45                                    
000001e5  P4MAP45_H                                  
000001e4  P4MAP45_L                                  
000001e6  P4MAP67                                    
000001e7  P4MAP67_H                                  
000001e6  P4MAP67_L                                  
00000204  PADIR                                      
00000205  PADIR_H                                    
00000204  PADIR_L                                    
00000208  PADS                                       
00000209  PADS_H                                     
00000208  PADS_L                                     
0000021a  PAIE                                       
00000218  PAIES                                      
00000219  PAIES_H                                    
00000218  PAIES_L                                    
0000021b  PAIE_H                                     
0000021a  PAIE_L                                     
0000021c  PAIFG                                      
0000021d  PAIFG_H                                    
0000021c  PAIFG_L                                    
00000200  PAIN                                       
00000201  PAIN_H                                     
00000200  PAIN_L                                     
00000202  PAOUT                                      
00000203  PAOUT_H                                    
00000202  PAOUT_L                                    
00000206  PAREN                                      
00000207  PAREN_H                                    
00000206  PAREN_L                                    
0000020a  PASEL                                      
0000020b  PASEL_H                                    
0000020a  PASEL_L                                    
00000224  PBDIR                                      
00000225  PBDIR_H                                    
00000224  PBDIR_L                                    
00000228  PBDS                                       
00000229  PBDS_H                                     
00000228  PBDS_L                                     
00000220  PBIN                                       
00000221  PBIN_H                                     
00000220  PBIN_L                                     
00000222  PBOUT                                      
00000223  PBOUT_H                                    
00000222  PBOUT_L                                    
00000226  PBREN                                      
00000227  PBREN_H                                    
00000226  PBREN_L                                    
0000022a  PBSEL                                      
0000022b  PBSEL_H                                    
0000022a  PBSEL_L                                    
00000244  PCDIR                                      
00000245  PCDIR_H                                    
00000244  PCDIR_L                                    
00000248  PCDS                                       
00000249  PCDS_H                                     
00000248  PCDS_L                                     
00000240  PCIN                                       
00000241  PCIN_H                                     
00000240  PCIN_L                                     
00000242  PCOUT                                      
00000243  PCOUT_H                                    
00000242  PCOUT_L                                    
00000246  PCREN                                      
00000247  PCREN_H                                    
00000246  PCREN_L                                    
0000024a  PCSEL                                      
0000024b  PCSEL_H                                    
0000024a  PCSEL_L                                    
00000264  PDDIR                                      
00000265  PDDIR_H                                    
00000264  PDDIR_L                                    
00000268  PDDS                                       
00000269  PDDS_H                                     
00000268  PDDS_L                                     
00000260  PDIN                                       
00000261  PDIN_H                                     
00000260  PDIN_L                                     
00000262  PDOUT                                      
00000263  PDOUT_H                                    
00000262  PDOUT_L                                    
00000266  PDREN                                      
00000267  PDREN_H                                    
00000266  PDREN_L                                    
0000026a  PDSEL                                      
0000026b  PDSEL_H                                    
0000026a  PDSEL_L                                    
00000324  PJDIR                                      
00000325  PJDIR_H                                    
00000324  PJDIR_L                                    
00000328  PJDS                                       
00000329  PJDS_H                                     
00000328  PJDS_L                                     
00000320  PJIN                                       
00000321  PJIN_H                                     
00000320  PJIN_L                                     
00000322  PJOUT                                      
00000323  PJOUT_H                                    
00000322  PJOUT_L                                    
00000326  PJREN                                      
00000327  PJREN_H                                    
00000326  PJREN_L                                    
00000130  PM5CTL0                                    
00000131  PM5CTL0_H                                  
00000130  PM5CTL0_L                                  
000001c2  PMAPCTL                                    
000001c3  PMAPCTL_H                                  
000001c2  PMAPCTL_L                                  
000001c0  PMAPKEYID                                  
000001c1  PMAPKEYID_H                                
000001c0  PMAPKEYID_L                                
00000120  PMMCTL0                                    
00000121  PMMCTL0_H                                  
00000120  PMMCTL0_L                                  
00000122  PMMCTL1                                    
00000123  PMMCTL1_H                                  
00000122  PMMCTL1_L                                  
0000012c  PMMIFG                                     
0000012d  PMMIFG_H                                   
0000012c  PMMIFG_L                                   
0000012e  PMMRIE                                     
0000012f  PMMRIE_H                                   
0000012e  PMMRIE_L                                   
00014992  PMM_setVCore                               
00013694  PMM_setVCoreDown                           
00012c52  PMM_setVCoreUp                             
0000423d  PORT1Handle                                
0000423e  PORT2Handle                                
00000158  RCCTL0                                     
00000159  RCCTL0_H                                   
00000158  RCCTL0_L                                   
000001b0  REFCTL0                                    
000001b1  REFCTL0_H                                  
000001b0  REFCTL0_L                                  
000004e4  RES0                                       
000004e5  RES0_H                                     
000004e4  RES0_L                                     
000004e6  RES1                                       
000004e7  RES1_H                                     
000004e6  RES1_L                                     
000004e8  RES2                                       
000004e9  RES2_H                                     
000004e8  RES2_L                                     
000004ea  RES3                                       
000004eb  RES3_H                                     
000004ea  RES3_L                                     
000004cc  RESHI                                      
000004cd  RESHI_H                                    
000004cc  RESHI_L                                    
000004ca  RESLO                                      
000004cb  RESLO_H                                    
000004ca  RESLO_L                                    
000004ba  RTCADOWDAY                                 
000004bb  RTCADOWDAY_H                               
000004ba  RTCADOWDAY_L                               
000004b8  RTCAMINHR                                  
000004b9  RTCAMINHR_H                                
000004b8  RTCAMINHR_L                                
000004a0  RTCCTL01                                   
000004a1  RTCCTL01_H                                 
000004a0  RTCCTL01_L                                 
000004a2  RTCCTL23                                   
000004a3  RTCCTL23_H                                 
000004a2  RTCCTL23_L                                 
000004b4  RTCDATE                                    
000004b5  RTCDATE_H                                  
000004b4  RTCDATE_L                                  
000004ae  RTCIV                                      
000004ac  RTCPS                                      
000004a8  RTCPS0CTL                                  
000004a9  RTCPS0CTL_H                                
000004a8  RTCPS0CTL_L                                
000004aa  RTCPS1CTL                                  
000004ab  RTCPS1CTL_H                                
000004aa  RTCPS1CTL_L                                
000004ad  RTCPS_H                                    
000004ac  RTCPS_L                                    
000004b0  RTCTIM0                                    
000004b1  RTCTIM0_H                                  
000004b0  RTCTIM0_L                                  
000004b2  RTCTIM1                                    
000004b3  RTCTIM1_H                                  
000004b2  RTCTIM1_L                                  
000004b6  RTCYEAR                                    
000004b7  RTCYEAR_H                                  
000004b6  RTCYEAR_L                                  
00003800  RecorderData                               
00004208  RecorderDataPtr                            
00004262  RecorderInitialized                        
00000100  SFRIE1                                     
00000101  SFRIE1_H                                   
00000100  SFRIE1_L                                   
00000102  SFRIFG1                                    
00000103  SFRIFG1_H                                  
00000102  SFRIFG1_L                                  
00000104  SFRRPCR                                    
00000105  SFRRPCR_H                                  
00000104  SFRRPCR_L                                  
000004ce  SUMEXT                                     
000004cf  SUMEXT_H                                   
000004ce  SUMEXT_L                                   
00000124  SVSMHCTL                                   
00000125  SVSMHCTL_H                                 
00000124  SVSMHCTL_L                                 
00000128  SVSMIO                                     
00000129  SVSMIO_H                                   
00000128  SVSMIO_L                                   
00000126  SVSMLCTL                                   
00000127  SVSMLCTL_H                                 
00000126  SVSMLCTL_L                                 
00000198  SYSBERRIV                                  
00000199  SYSBERRIV_H                                
00000198  SYSBERRIV_L                                
00000182  SYSBSLC                                    
00000183  SYSBSLC_H                                  
00000182  SYSBSLC_L                                  
00000180  SYSCTL                                     
00000181  SYSCTL_H                                   
00000180  SYSCTL_L                                   
00000186  SYSJMBC                                    
00000187  SYSJMBC_H                                  
00000186  SYSJMBC_L                                  
00000188  SYSJMBI0                                   
00000189  SYSJMBI0_H                                 
00000188  SYSJMBI0_L                                 
0000018a  SYSJMBI1                                   
0000018b  SYSJMBI1_H                                 
0000018a  SYSJMBI1_L                                 
0000018c  SYSJMBO0                                   
0000018d  SYSJMBO0_H                                 
0000018c  SYSJMBO0_L                                 
0000018e  SYSJMBO1                                   
0000018f  SYSJMBO1_H                                 
0000018e  SYSJMBO1_L                                 
0000019e  SYSRSTIV                                   
0000019f  SYSRSTIV_H                                 
0000019e  SYSRSTIV_L                                 
0000019c  SYSSNIV                                    
0000019d  SYSSNIV_H                                  
0000019c  SYSSNIV_L                                  
0000019a  SYSUNIV                                    
0000019b  SYSUNIV_H                                  
0000019a  SYSUNIV_L                                  
00000352  TA0CCR0                                    
00000354  TA0CCR1                                    
00000356  TA0CCR2                                    
00000358  TA0CCR3                                    
0000035a  TA0CCR4                                    
00000342  TA0CCTL0                                   
00000344  TA0CCTL1                                   
00000346  TA0CCTL2                                   
00000348  TA0CCTL3                                   
0000034a  TA0CCTL4                                   
00000340  TA0CTL                                     
00000360  TA0EX0                                     
0000036e  TA0IV                                      
00000350  TA0R                                       
00000392  TA1CCR0                                    
00000394  TA1CCR1                                    
00000396  TA1CCR2                                    
00000382  TA1CCTL0                                   
00000384  TA1CCTL1                                   
00000386  TA1CCTL2                                   
00000380  TA1CTL                                     
000003a0  TA1EX0                                     
000003ae  TA1IV                                      
00000390  TA1R                                       
00000412  TA2CCR0                                    
00000414  TA2CCR1                                    
00000416  TA2CCR2                                    
00000402  TA2CCTL0                                   
00000404  TA2CCTL1                                   
00000406  TA2CCTL2                                   
00000400  TA2CTL                                     
00000420  TA2EX0                                     
0000042e  TA2IV                                      
00000410  TA2R                                       
000003d2  TB0CCR0                                    
000003d4  TB0CCR1                                    
000003d6  TB0CCR2                                    
000003d8  TB0CCR3                                    
000003da  TB0CCR4                                    
000003dc  TB0CCR5                                    
000003de  TB0CCR6                                    
000003c2  TB0CCTL0                                   
000003c4  TB0CCTL1                                   
000003c6  TB0CCTL2                                   
000003c8  TB0CCTL3                                   
000003ca  TB0CCTL4                                   
000003cc  TB0CCTL5                                   
000003ce  TB0CCTL6                                   
000003c0  TB0CTL                                     
000003e0  TB0EX0                                     
000003ee  TB0IV                                      
000003d0  TB0R                                       
000042a8  TraceQueueClassTable                       
000005d0  UCA0ABCTL                                  
000005c6  UCA0BRW                                    
000005c7  UCA0BRW_H                                  
000005c6  UCA0BRW_L                                  
000005c0  UCA0CTLW0                                  
000005c1  UCA0CTLW0_H                                
000005c0  UCA0CTLW0_L                                
000005dc  UCA0ICTL                                   
000005dd  UCA0ICTL_H                                 
000005dc  UCA0ICTL_L                                 
000005d2  UCA0IRCTL                                  
000005d3  UCA0IRCTL_H                                
000005d2  UCA0IRCTL_L                                
000005de  UCA0IV                                     
000005c8  UCA0MCTL                                   
000005cc  UCA0RXBUF                                  
000005ca  UCA0STAT                                   
000005ce  UCA0TXBUF                                  
00000610  UCA1ABCTL                                  
00000606  UCA1BRW                                    
00000607  UCA1BRW_H                                  
00000606  UCA1BRW_L                                  
00000600  UCA1CTLW0                                  
00000601  UCA1CTLW0_H                                
00000600  UCA1CTLW0_L                                
0000061c  UCA1ICTL                                   
0000061d  UCA1ICTL_H                                 
0000061c  UCA1ICTL_L                                 
00000612  UCA1IRCTL                                  
00000613  UCA1IRCTL_H                                
00000612  UCA1IRCTL_L                                
0000061e  UCA1IV                                     
00000608  UCA1MCTL                                   
0000060c  UCA1RXBUF                                  
0000060a  UCA1STAT                                   
0000060e  UCA1TXBUF                                  
000005e6  UCB0BRW                                    
000005e7  UCB0BRW_H                                  
000005e6  UCB0BRW_L                                  
000005e0  UCB0CTLW0                                  
000005e1  UCB0CTLW0_H                                
000005e0  UCB0CTLW0_L                                
000005f0  UCB0I2COA                                  
000005f1  UCB0I2COA_H                                
000005f0  UCB0I2COA_L                                
000005f2  UCB0I2CSA                                  
000005f3  UCB0I2CSA_H                                
000005f2  UCB0I2CSA_L                                
000005fc  UCB0ICTL                                   
000005fd  UCB0ICTL_H                                 
000005fc  UCB0ICTL_L                                 
000005fe  UCB0IV                                     
000005ec  UCB0RXBUF                                  
000005ea  UCB0STAT                                   
000005ee  UCB0TXBUF                                  
00000626  UCB1BRW                                    
00000627  UCB1BRW_H                                  
00000626  UCB1BRW_L                                  
00000620  UCB1CTLW0                                  
00000621  UCB1CTLW0_H                                
00000620  UCB1CTLW0_L                                
00000630  UCB1I2COA                                  
00000631  UCB1I2COA_H                                
00000630  UCB1I2COA_L                                
00000632  UCB1I2CSA                                  
00000633  UCB1I2CSA_H                                
00000632  UCB1I2CSA_L                                
0000063c  UCB1ICTL                                   
0000063d  UCB1ICTL_H                                 
0000063c  UCB1ICTL_L                                 
0000063e  UCB1IV                                     
0000062c  UCB1RXBUF                                  
0000062a  UCB1STAT                                   
0000062e  UCB1TXBUF                                  
00000160  UCSCTL0                                    
00000161  UCSCTL0_H                                  
00000160  UCSCTL0_L                                  
00000162  UCSCTL1                                    
00000163  UCSCTL1_H                                  
00000162  UCSCTL1_L                                  
00000164  UCSCTL2                                    
00000165  UCSCTL2_H                                  
00000164  UCSCTL2_L                                  
00000166  UCSCTL3                                    
00000167  UCSCTL3_H                                  
00000166  UCSCTL3_L                                  
00000168  UCSCTL4                                    
00000169  UCSCTL4_H                                  
00000168  UCSCTL4_L                                  
0000016a  UCSCTL5                                    
0000016b  UCSCTL5_H                                  
0000016a  UCSCTL5_L                                  
0000016c  UCSCTL6                                    
0000016d  UCSCTL6_H                                  
0000016c  UCSCTL6_L                                  
0000016e  UCSCTL7                                    
0000016f  UCSCTL7_H                                  
0000016e  UCSCTL7_L                                  
00000170  UCSCTL8                                    
00000171  UCSCTL8_H                                  
00000170  UCSCTL8_L                                  
00012340  UCS_initFLL                                
0001530c  UCS_initFLLSettle                          
00000902  USBCNF                                     
00000903  USBCNF_H                                   
00000902  USBCNF_L                                   
0000093c  USBCTL                                     
0000093a  USBFN                                      
0000093b  USBFN_H                                    
0000093a  USBFN_L                                    
0000093f  USBFUNADR                                  
0000093d  USBIE                                      
00002378  USBIEP0BUF                                 
000023c9  USBIEPBBAX_1                               
000023d1  USBIEPBBAX_2                               
000023d9  USBIEPBBAX_3                               
000023e1  USBIEPBBAX_4                               
000023e9  USBIEPBBAX_5                               
000023f1  USBIEPBBAX_6                               
000023f9  USBIEPBBAX_7                               
000023cd  USBIEPBBAY_1                               
000023d5  USBIEPBBAY_2                               
000023dd  USBIEPBBAY_3                               
000023e5  USBIEPBBAY_4                               
000023ed  USBIEPBBAY_5                               
000023f5  USBIEPBBAY_6                               
000023fd  USBIEPBBAY_7                               
000023ca  USBIEPBCTX_1                               
000023d2  USBIEPBCTX_2                               
000023da  USBIEPBCTX_3                               
000023e2  USBIEPBCTX_4                               
000023ea  USBIEPBCTX_5                               
000023f2  USBIEPBCTX_6                               
000023fa  USBIEPBCTX_7                               
000023ce  USBIEPBCTY_1                               
000023d6  USBIEPBCTY_2                               
000023de  USBIEPBCTY_3                               
000023e6  USBIEPBCTY_4                               
000023ee  USBIEPBCTY_5                               
000023f6  USBIEPBCTY_6                               
000023fe  USBIEPBCTY_7                               
00000920  USBIEPCNF_0                                
000023c8  USBIEPCNF_1                                
000023d0  USBIEPCNF_2                                
000023d8  USBIEPCNF_3                                
000023e0  USBIEPCNF_4                                
000023e8  USBIEPCNF_5                                
000023f0  USBIEPCNF_6                                
000023f8  USBIEPCNF_7                                
00000921  USBIEPCNT_0                                
0000092e  USBIEPIE                                   
00000930  USBIEPIFG                                  
000023cf  USBIEPSIZXY_1                              
000023d7  USBIEPSIZXY_2                              
000023df  USBIEPSIZXY_3                              
000023e7  USBIEPSIZXY_4                              
000023ef  USBIEPSIZXY_5                              
000023f7  USBIEPSIZXY_6                              
000023ff  USBIEPSIZXY_7                              
0000093e  USBIFG                                     
00000900  USBKEYID                                   
00000901  USBKEYID_H                                 
00000900  USBKEYID_L                                 
00000936  USBMAINT                                   
00000937  USBMAINT_H                                 
00000936  USBMAINT_L                                 
00002370  USBOEP0BUF                                 
00002389  USBOEPBBAX_1                               
00002391  USBOEPBBAX_2                               
00002399  USBOEPBBAX_3                               
000023a1  USBOEPBBAX_4                               
000023a9  USBOEPBBAX_5                               
000023b1  USBOEPBBAX_6                               
000023b9  USBOEPBBAX_7                               
0000238d  USBOEPBBAY_1                               
00002395  USBOEPBBAY_2                               
0000239d  USBOEPBBAY_3                               
000023a5  USBOEPBBAY_4                               
000023ad  USBOEPBBAY_5                               
000023b5  USBOEPBBAY_6                               
000023bd  USBOEPBBAY_7                               
0000238a  USBOEPBCTX_1                               
00002392  USBOEPBCTX_2                               
0000239a  USBOEPBCTX_3                               
000023a2  USBOEPBCTX_4                               
000023aa  USBOEPBCTX_5                               
000023b2  USBOEPBCTX_6                               
000023ba  USBOEPBCTX_7                               
0000238e  USBOEPBCTY_1                               
00002396  USBOEPBCTY_2                               
0000239e  USBOEPBCTY_3                               
000023a6  USBOEPBCTY_4                               
000023ae  USBOEPBCTY_5                               
000023b6  USBOEPBCTY_6                               
000023be  USBOEPBCTY_7                               
00000922  USBOEPCNF_0                                
00002388  USBOEPCNF_1                                
00002390  USBOEPCNF_2                                
00002398  USBOEPCNF_3                                
000023a0  USBOEPCNF_4                                
000023a8  USBOEPCNF_5                                
000023b0  USBOEPCNF_6                                
000023b8  USBOEPCNF_7                                
00000923  USBOEPCNT_0                                
0000092f  USBOEPIE                                   
00000931  USBOEPIFG                                  
0000238f  USBOEPSIZXY_1                              
00002397  USBOEPSIZXY_2                              
0000239f  USBOEPSIZXY_3                              
000023a7  USBOEPSIZXY_4                              
000023af  USBOEPSIZXY_5                              
000023b7  USBOEPSIZXY_6                              
000023bf  USBOEPSIZXY_7                              
00000904  USBPHYCTL                                  
00000905  USBPHYCTL_H                                
00000904  USBPHYCTL_L                                
00000910  USBPLLCTL                                  
00000911  USBPLLCTL_H                                
00000910  USBPLLCTL_L                                
00000912  USBPLLDIVB                                 
00000913  USBPLLDIVB_H                               
00000912  USBPLLDIVB_L                               
00000914  USBPLLIR                                   
00000915  USBPLLIR_H                                 
00000914  USBPLLIR_L                                 
00000908  USBPWRCTL                                  
00000909  USBPWRCTL_H                                
00000908  USBPWRCTL_L                                
00001c00  USBSTABUFF                                 
00002380  USBSUBLK                                   
0000236f  USBTOPBUFF                                 
00000938  USBTSREG                                   
00000939  USBTSREG_H                                 
00000938  USBTSREG_L                                 
00000932  USBVECINT                                  
00000933  USBVECINT_H                                
00000932  USBVECINT_L                                
0000015c  WDTCTL                                     
0000015d  WDTCTL_H                                   
0000015c  WDTCTL_L                                   
00004400  __STACK_END                                
000000a0  __STACK_SIZE                               
00004d16  __TI_CINIT_Base                            
00004d26  __TI_CINIT_Limit                           
00004d26  __TI_CINIT_Warm                            
00004d04  __TI_Handler_Table_Base                    
00004d10  __TI_Handler_Table_Limit                   
00004540  __TI_ISR_TRAP                              
00015172  __TI_auto_init_nobinit_nopinit_hold_wdt    
00014d20  __TI_decompress_lzss                       
00015cd8  __TI_decompress_none                       
0000ffd2  __TI_int41                                 
0000ffd4  __TI_int42                                 
0000ffd6  __TI_int43                                 
0000ffd8  __TI_int44                                 
0000ffda  __TI_int45                                 
0000ffdc  __TI_int46                                 
0000ffde  __TI_int47                                 
0000ffe0  __TI_int48                                 
0000ffe2  __TI_int49                                 
0000ffe4  __TI_int50                                 
0000ffe6  __TI_int51                                 
0000ffe8  __TI_int52                                 
0000ffea  __TI_int53                                 
0000ffec  __TI_int54                                 
0000ffee  __TI_int55                                 
0000fff0  __TI_int56                                 
0000fff2  __TI_int57                                 
0000fff4  __TI_int58                                 
0000fff6  __TI_int59                                 
0000fff8  __TI_int60                                 
0000fffa  __TI_int61                                 
0000fffc  __TI_int62                                 
ffffffff  __TI_pprof_out_hndl                        
ffffffff  __TI_prof_data_size                        
ffffffff  __TI_prof_data_start                       
00015a5c  __TI_zero_init                             
ffffffff  __c_args__                                 
00015852  __mspabi_divi                              
00015c32  __mspabi_divu                              
0001511a  __mspabi_divul                             
00015bec  __mspabi_mpyi_f5hw                         
00015ac8  __mspabi_mpyl_f5hw                         
00015852  __mspabi_remi                              
00015c32  __mspabi_remu                              
0001511a  __mspabi_remul                             
00015d7a  __mspabi_srll                              
000155c0  __mspabi_srll_1                            
0001559c  __mspabi_srll_10                           
00015598  __mspabi_srll_11                           
00015594  __mspabi_srll_12                           
00015590  __mspabi_srll_13                           
0001558c  __mspabi_srll_14                           
00015588  __mspabi_srll_15                           
000155bc  __mspabi_srll_2                            
000155b8  __mspabi_srll_3                            
000155b4  __mspabi_srll_4                            
000155b0  __mspabi_srll_5                            
000155ac  __mspabi_srll_6                            
000155a8  __mspabi_srll_7                            
000155a4  __mspabi_srll_8                            
000155a0  __mspabi_srll_9                            
00004514  _c_int00_noargs                            
0000fffe  _reset_vector                              
00004360  _stack                                     
00015dca  _system_post_cinit                         
00015dc6  _system_pre_init                           
00015da8  abort                                      
00004238  buttonCommand                              
00013dde  hal430SetSystemClock                       
0000425d  handle_of_last_logged_task                 
0000420c  init_hwtc_count                            
00004240  isPendingContextSwitch                     
00011c78  main                                       
00015c74  memcpy                                     
00015c1c  memset                                     
0000425c  nISRactive                                 
000040ec  objectHandleStacks                         
00014ee2  prvAddTaskToStackMonitor                   
000158d6  prvMarkObjectAsUsed                        
[...]
000008c1  CBCTL0_H                                   
000008c2  CBCTL1                                     
000008c2  CBCTL1_L                                   
000008c3  CBCTL1_H                                   
000008c4  CBCTL2                                     
000008c4  CBCTL2_L                                   
000008c5  CBCTL2_H                                   
000008c6  CBCTL3                                     
000008c6  CBCTL3_L                                   
000008c7  CBCTL3_H                                   
000008cc  CBINT                                      
000008cc  CBINT_L                                    
000008cd  CBINT_H                                    
000008ce  CBIV                                       
00000900  USBKEYID                                   
00000900  USBKEYID_L                                 
00000901  USBKEYID_H                                 
00000902  USBCNF                                     
00000902  USBCNF_L                                   
00000903  USBCNF_H                                   
00000904  USBPHYCTL                                  
00000904  USBPHYCTL_L                                
00000905  USBPHYCTL_H                                
00000908  USBPWRCTL                                  
00000908  USBPWRCTL_L                                
00000909  USBPWRCTL_H                                
00000910  USBPLLCTL                                  
00000910  USBPLLCTL_L                                
00000911  USBPLLCTL_H                                
00000912  USBPLLDIVB                                 
00000912  USBPLLDIVB_L                               
00000913  USBPLLDIVB_H                               
00000914  USBPLLIR                                   
00000914  USBPLLIR_L                                 
00000915  USBPLLIR_H                                 
00000920  USBIEPCNF_0                                
00000921  USBIEPCNT_0                                
00000922  USBOEPCNF_0                                
00000923  USBOEPCNT_0                                
0000092e  USBIEPIE                                   
0000092f  USBOEPIE                                   
00000930  USBIEPIFG                                  
00000931  USBOEPIFG                                  
00000932  USBVECINT                                  
00000932  USBVECINT_L                                
00000933  USBVECINT_H                                
00000936  USBMAINT                                   
00000936  USBMAINT_L                                 
00000937  USBMAINT_H                                 
00000938  USBTSREG                                   
00000938  USBTSREG_L                                 
00000939  USBTSREG_H                                 
0000093a  USBFN                                      
0000093a  USBFN_L                                    
0000093b  USBFN_H                                    
0000093c  USBCTL                                     
0000093d  USBIE                                      
0000093e  USBIFG                                     
0000093f  USBFUNADR                                  
00001c00  USBSTABUFF                                 
0000236f  USBTOPBUFF                                 
00002370  USBOEP0BUF                                 
00002378  USBIEP0BUF                                 
00002380  USBSUBLK                                   
00002388  USBOEPCNF_1                                
00002389  USBOEPBBAX_1                               
0000238a  USBOEPBCTX_1                               
0000238d  USBOEPBBAY_1                               
0000238e  USBOEPBCTY_1                               
0000238f  USBOEPSIZXY_1                              
00002390  USBOEPCNF_2                                
00002391  USBOEPBBAX_2                               
00002392  USBOEPBCTX_2                               
00002395  USBOEPBBAY_2                               
00002396  USBOEPBCTY_2                               
00002397  USBOEPSIZXY_2                              
00002398  USBOEPCNF_3                                
00002399  USBOEPBBAX_3                               
0000239a  USBOEPBCTX_3                               
0000239d  USBOEPBBAY_3                               
0000239e  USBOEPBCTY_3                               
0000239f  USBOEPSIZXY_3                              
000023a0  USBOEPCNF_4                                
000023a1  USBOEPBBAX_4                               
000023a2  USBOEPBCTX_4                               
000023a5  USBOEPBBAY_4                               
000023a6  USBOEPBCTY_4                               
000023a7  USBOEPSIZXY_4                              
000023a8  USBOEPCNF_5                                
000023a9  USBOEPBBAX_5                               
000023aa  USBOEPBCTX_5                               
000023ad  USBOEPBBAY_5                               
000023ae  USBOEPBCTY_5                               
000023af  USBOEPSIZXY_5                              
000023b0  USBOEPCNF_6                                
000023b1  USBOEPBBAX_6                               
000023b2  USBOEPBCTX_6                               
000023b5  USBOEPBBAY_6                               
000023b6  USBOEPBCTY_6                               
000023b7  USBOEPSIZXY_6                              
000023b8  USBOEPCNF_7                                
000023b9  USBOEPBBAX_7                               
000023ba  USBOEPBCTX_7                               
000023bd  USBOEPBBAY_7                               
000023be  USBOEPBCTY_7                               
000023bf  USBOEPSIZXY_7                              
000023c8  USBIEPCNF_1                                
000023c9  USBIEPBBAX_1                               
000023ca  USBIEPBCTX_1                               
000023cd  USBIEPBBAY_1                               
000023ce  USBIEPBCTY_1                               
000023cf  USBIEPSIZXY_1                              
000023d0  USBIEPCNF_2                                
000023d1  USBIEPBBAX_2                               
000023d2  USBIEPBCTX_2                               
000023d5  USBIEPBBAY_2                               
000023d6  USBIEPBCTY_2                               
000023d7  USBIEPSIZXY_2                              
000023d8  USBIEPCNF_3                                
000023d9  USBIEPBBAX_3                               
000023da  USBIEPBCTX_3                               
000023dd  USBIEPBBAY_3                               
000023de  USBIEPBCTY_3                               
000023df  USBIEPSIZXY_3                              
000023e0  USBIEPCNF_4                                
000023e1  USBIEPBBAX_4                               
000023e2  USBIEPBCTX_4                               
000023e5  USBIEPBBAY_4                               
000023e6  USBIEPBCTY_4                               
000023e7  USBIEPSIZXY_4                              
000023e8  USBIEPCNF_5                                
000023e9  USBIEPBBAX_5                               
000023ea  USBIEPBCTX_5                               
000023ed  USBIEPBBAY_5                               
000023ee  USBIEPBCTY_5                               
000023ef  USBIEPSIZXY_5                              
000023f0  USBIEPCNF_6                                
000023f1  USBIEPBBAX_6                               
000023f2  USBIEPBCTX_6                               
000023f5  USBIEPBBAY_6                               
000023f6  USBIEPBCTY_6                               
000023f7  USBIEPSIZXY_6                              
000023f8  USBIEPCNF_7                                
000023f9  USBIEPBBAX_7                               
000023fa  USBIEPBCTX_7                               
000023fd  USBIEPBBAY_7                               
000023fe  USBIEPBCTY_7                               
000023ff  USBIEPSIZXY_7                              
00003800  RecorderData                               
000040ec  objectHandleStacks                         
00004154  tasksInStackMonitor                        
00004208  RecorderDataPtr                            
0000420c  init_hwtc_count                            
00004210  traceErrorMessage                          
00004214  ue1                                        
00004218  xADC0Mailbox                               
0000421c  xADCTaskHandle                             
00004220  xKernelPortDataBuffer                      
00004224  xTask1Handle                               
00004228  xTask1Mailbox                              
0000422c  xTask2Handle                               
00004230  xTask3Mailbox                              
00004234  CurrentFilterGroup                         
00004236  CurrentFilterMask                          
00004238  buttonCommand                              
0000423a  tasksNotIncluded                           
0000423c  ADCHandle                                  
0000423d  PORT1Handle                                
0000423e  PORT2Handle                                
00004240  isPendingContextSwitch                     
00004246  uiTraceTickCount                           
0000424a  trace_disable_timestamp                    
00004252  uiTraceSystemState                         
00004256  recorder_busy                              
00004258  timestampFrequency                         
0000425c  nISRactive                                 
0000425d  handle_of_last_logged_task                 
0000425e  vTraceStopHookPtr                          
00004262  RecorderInitialized                        
00004276  pxCurrentTCB                               
000042a6  uiInEventGroupSetBitsFromISR               
000042a8  TraceQueueClassTable                       
000042ae  usCriticalNesting                          
00004360  _stack                                     
00004400  __STACK_END                                
00004400  vADC12ISR                                  
000044aa  vPORT1ISR                                  
000044e0  vPORT2ISR                                  
00004514  _c_int00_noargs                            
00004530  vTickISREntry                              
00004540  __TI_ISR_TRAP                              
00004d04  __TI_Handler_Table_Base                    
00004d10  __TI_Handler_Table_Limit                   
00004d16  __TI_CINIT_Base                            
00004d26  __TI_CINIT_Limit                           
00004d26  __TI_CINIT_Warm                            
0000ffd2  __TI_int41                                 
0000ffd4  __TI_int42                                 
0000ffd6  __TI_int43                                 
0000ffd8  __TI_int44                                 
0000ffda  __TI_int45                                 
0000ffdc  __TI_int46                                 
0000ffde  __TI_int47                                 
0000ffe0  __TI_int48                                 
0000ffe2  __TI_int49                                 
0000ffe4  __TI_int50                                 
0000ffe6  __TI_int51                                 
0000ffe8  __TI_int52                                 
0000ffea  __TI_int53                                 
0000ffec  __TI_int54                                 
0000ffee  __TI_int55                                 
0000fff0  __TI_int56                                 
0000fff2  __TI_int57                                 
0000fff4  __TI_int58                                 
0000fff6  __TI_int59                                 
0000fff8  __TI_int60                                 
0000fffa  __TI_int61                                 
0000fffc  __TI_int62                                 
0000fffe  _reset_vector                              
00010000  xQueueGenericSend                          
000103f8  xQueueReceive                              
000107b8  xTraceInitialize                           
00010a38  xTimerGenericCommand                       
00010c3a  xQueueGenericSendFromISR                   
00010fe6  xTaskGenericNotify                         
000111b0  xTaskNotifyWait                            
0001167a  ulTaskNotifyTake                           
0001180c  xTaskIncrementTick                         
00011b06  xTraceKernelPortInitObjectPropertyTable    
00011c78  main                                       
000120ac  vTraceStoreMemMangEvent                    
00012204  xTaskPriorityDisinherit                    
00012340  UCS_initFLL                                
0001246e  vTaskSwitchContext                         
0001259a  vTaskNotifyGiveFromISR                     
000127e4  xTaskResumeAll                             
00012a26  xTraceISREnd                               
00012b3e  xTraceKernelPortInitObjectHandleStack      
00012c52  PMM_setVCoreUp                             
00012d60  vTaskDelayUntil                            
00012e68  prvTracePortGetTimeStamp                   
00013172  xQueueGenericReset                         
00013422  xTraceISRBegin                             
000134f6  prvTraceStoreKernelCallWithParam           
000135c6  prvTraceGetObjectHandle                    
00013694  PMM_setVCoreDown                           
0001375c  pvPortMalloc                               
00013820  xTaskRemoveFromEventList                   
000139a2  prvReportStackUsage                        
00013a60  prvTraceStoreKernelCallWithNumericParamOnly
00013b1c  xQueueGenericCreate                        
00013bd4  xTaskCreate                                
00013c84  prvTraceStoreKernelCall                    
00013d32  prvTraceStoreObjectPropertiesOnCloseEvent  
00013dde  hal430SetSystemClock                       
00013f30  xTaskCheckForTimeOut                       
00013fd8  vPortPreemptiveTickISR                     
00014008  vPortCooperativeTickISR                    
00014034  vPortYield                                 
00014064  xPortStartScheduler                        
0001407e  prvTraceStoreTaskswitch                    
0001426a  prvTraceStoreTaskReady                     
000143ae  xTracePrint                                
0001458a  prvTraceSetObjectName                      
00014626  vTaskStartScheduler                        
000146be  vListInsert                                
000147e4  vTaskPlaceOnEventListRestricted            
00014876  vTaskDelay                                 
00014992  PMM_setVCore                               
00014a9e  xTraceEnable                               
00014b22  prvTraceStoreObjectNameOnCloseEvent        
00014ba4  pxPortInitialiseStack                      
00014c24  vQueueWaitForMessageRestricted             
00014ca4  pszTraceGetErrorNotEnoughHandles           
00014d20  __TI_decompress_lzss                       
00014e0a  uiIndexOfObject                            
00014ee2  prvAddTaskToStackMonitor                   
00014f46  uxListRemove                               
00014faa  vListInsertEnd                             
0001511a  __mspabi_divul                             
0001511a  __mspabi_remul                             
00015172  __TI_auto_init_nobinit_nopinit_hold_wdt    
000151c6  prvTraceError                              
0001521a  prvTraceFreeObjectHandle                   
0001526c  vListInitialise                            
000152bc  xTimerCreateTimerTask                      
0001530c  UCS_initFLLSettle                          
0001543a  xTraceISRRegister                          
00015588  __mspabi_srll_15                           
0001558c  __mspabi_srll_14                           
00015590  __mspabi_srll_13                           
00015594  __mspabi_srll_12                           
00015598  __mspabi_srll_11                           
0001559c  __mspabi_srll_10                           
000155a0  __mspabi_srll_9                            
000155a4  __mspabi_srll_8                            
000155a8  __mspabi_srll_7                            
000155ac  __mspabi_srll_6                            
000155b0  __mspabi_srll_5                            
000155b4  __mspabi_srll_4                            
000155b8  __mspabi_srll_3                            
000155bc  __mspabi_srll_2                            
000155c0  __mspabi_srll_1                            
00015642  prvTraceSetPriorityProperty                
00015680  prvTraceSetObjectState                     
000156bc  vTaskPlaceOnEventList                      
000156f6  prvTraceGetPriorityProperty                
0001572a  xTraceKernelPortEnable                     
00015790  uxTaskGetStackHighWaterMark                
000157c2  uxTaskGetTaskNumber                        
000157f4  vApplicationSetupTimerInterrupt            
00015824  strncmp                                    
00015852  __mspabi_divi                              
00015852  __mspabi_remi                              
0001587e  vTaskSetTaskNumber                         
000158aa  xTaskGetTickCount                          
000158d6  prvMarkObjectAsUsed                        
00015900  xTraceStringRegister                       
0001592a  prvTraceSetTaskInstanceFinished            
00015952  xTraceIsRecorderEnabled                    
000159c6  vPortFree                                  
000159ec  xTraceRegisterString                       
00015a12  xTraceSetISRProperties                     
00015a5c  __TI_zero_init                             
00015a80  prvTraceSetQueueNumberLow16                
00015aa4  prvTraceSetTaskNumberLow16                 
00015ac8  __mspabi_mpyl_f5hw                         
00015aec  xTaskGetSchedulerState                     
00015b10  xTraceKernelPortGetUnusedStack             
00015b34  prvTraceSetQueueNumberHigh16               
00015b56  vTraceSetQueueName                         
00015b98  vTaskInternalSetTimeOutState               
00015bb6  vTraceSetFrequency                         
00015bec  __mspabi_mpyi_f5hw                         
00015c04  vQueueSetQueueNumber                       
00015c1c  memset                                     
00015c32  __mspabi_divu                              
00015c32  __mspabi_remu                              
00015c48  vApplicationStackOverflowHook              
00015c5e  xTaskGetCurrentTaskHandle                  
00015c74  memcpy                                     
00015c88  prvTraceGetQueueNumber                     
00015c9c  prvTraceGetTimerNumberHigh16               
00015cb0  vListInitialiseItem                        
00015cc4  xTraceKernelPortIsSchedulerSuspended       
00015cd8  __TI_decompress_none                       
00015cea  prvTraceGetQueueNumberLow16                
00015cfc  prvTraceGetQueueType                       
00015d0e  prvTraceGetTaskNumberLow16                 
00015d20  prvTraceGetTimerNumberLow16                
00015d32  ucQueueGetQueueType                        
00015d44  uxQueueGetQueueNumber                      
00015d56  uxTimerGetTimerNumber                      
00015d68  xTraceKernelPortInitialize                 
00015d7a  __mspabi_srll                              
00015d94  vApplicationMallocFailedHook               
00015d9e  xTraceDisable                              
00015da8  C$$EXIT                                    
00015da8  abort                                      
00015dae  prvTraceGetCurrentTaskHandle               
00015db4  vPortSetupTimerInterrupt                   
00015dba  vTaskMissedYield                           
00015dc0  vTaskSuspendAll                            
00015dc6  _system_pre_init                           
00015dca  _system_post_cinit                         
00015dce  vApplicationTickHook                       
ffffffff  __TI_pprof_out_hndl                        
ffffffff  __TI_prof_data_size                        
ffffffff  __TI_prof_data_start                       
ffffffff  __c_args__                                 

[953 symbols]
