<?xml version="1.0" encoding="ISO-8859-1" ?>
<link_info>
   <banner>MSP430 Linker PC v21.6.1.LTS</banner>
   <copyright>Copyright (c) 2003-2018 Texas Instruments Incorporated</copyright>
   <link_time>0x6508d7ff</link_time>
   <link_errors>0x0</link_errors>
   <output_file>SRV_Template.out</output_file>
   <entry_point>
      <name>_c_int00_noargs</name>
      <address>0x4514</address>
   </entry_point>
   <input_file_list>
      <input_file id="fl-2">
         <path>.\</path>
         <kind>object</kind>
         <file>main.obj</file>
         <name>main.obj</name>
      </input_file>
      <input_file id="fl-3">
         <path>.\</path>
         <kind>object</kind>
         <file>util.obj</file>
         <name>util.obj</name>
      </input_file>
      <input_file id="fl-4">
         <path>.\ETF5529_HAL\</path>
         <kind>object</kind>
         <file>hal_7seg.obj</file>
         <name>hal_7seg.obj</name>
      </input_file>
      <input_file id="fl-5">
         <path>.\ETF5529_HAL\</path>
         <kind>object</kind>
         <file>hal_board.obj</file>
         <name>hal_board.obj</name>
      </input_file>
      <input_file id="fl-6">
         <path>.\ETF5529_HAL\</path>
         <kind>object</kind>
         <file>hal_led.obj</file>
         <name>hal_led.obj</name>
      </input_file>
      <input_file id="fl-7">
         <path>.\FreeRTOS_source\</path>
         <kind>object</kind>
         <file>event_groups.obj</file>
         <name>event_groups.obj</name>
      </input_file>
      <input_file id="fl-8">
         <path>.\FreeRTOS_source\</path>
         <kind>object</kind>
         <file>list.obj</file>
         <name>list.obj</name>
      </input_file>
      <input_file id="fl-9">
         <path>.\FreeRTOS_source\</path>
         <kind>object</kind>
         <file>queue.obj</file>
         <name>queue.obj</name>
      </input_file>
      <input_file id="fl-a">
         <path>.\FreeRTOS_source\</path>
         <kind>object</kind>
         <file>tasks.obj</file>
         <name>tasks.obj</name>
      </input_file>
      <input_file id="fl-b">
         <path>.\FreeRTOS_source\</path>
         <kind>object</kind>
         <file>timers.obj</file>
         <name>timers.obj</name>
      </input_file>
      <input_file id="fl-c">
         <path>.\FreeRTOS_source\portable\CCS\MSP430X\</path>
         <kind>object</kind>
         <file>port.obj</file>
         <name>port.obj</name>
      </input_file>
      <input_file id="fl-d">
         <path>.\FreeRTOS_source\portable\CCS\MSP430X\</path>
         <kind>object</kind>
         <file>portext.obj</file>
         <name>portext.obj</name>
      </input_file>
      <input_file id="fl-e">
         <path>.\FreeRTOS_source\portable\MemMang\</path>
         <kind>object</kind>
         <file>heap_1.obj</file>
         <name>heap_1.obj</name>
      </input_file>
      <input_file id="fl-f">
         <path>.\Tracealyzer\</path>
         <kind>object</kind>
         <file>SEGGER_RTT.obj</file>
         <name>SEGGER_RTT.obj</name>
      </input_file>
      <input_file id="fl-10">
         <path>.\Tracealyzer\</path>
         <kind>object</kind>
         <file>trcKernelPort.obj</file>
         <name>trcKernelPort.obj</name>
      </input_file>
      <input_file id="fl-11">
         <path>.\Tracealyzer\</path>
         <kind>object</kind>
         <file>trcSnapshotRecorder.obj</file>
         <name>trcSnapshotRecorder.obj</name>
      </input_file>
      <input_file id="fl-12">
         <path>.\Tracealyzer\</path>
         <kind>object</kind>
         <file>trcStreamPort.obj</file>
         <name>trcStreamPort.obj</name>
      </input_file>
      <input_file id="fl-13">
         <path>.\Tracealyzer\</path>
         <kind>object</kind>
         <file>trcStreamingRecorder.obj</file>
         <name>trcStreamingRecorder.obj</name>
      </input_file>
      <input_file id="fl-14">
         <path>.\drivers\MSP430F5xx_6xx\</path>
         <kind>object</kind>
         <file>pmm.obj</file>
         <name>pmm.obj</name>
      </input_file>
      <input_file id="fl-15">
         <path>.\drivers\MSP430F5xx_6xx\</path>
         <kind>object</kind>
         <file>ucs.obj</file>
         <name>ucs.obj</name>
      </input_file>
      <input_file id="fl-1b">
         <kind>object</kind>
         <file>&lt;internal&gt;</file>
         <name>&lt;internal&gt;</name>
      </input_file>
      <input_file id="fl-36">
         <path>C:\ti\ccs1230\ccs\tools\compiler\ti-cgt-msp430_21.6.1.LTS\lib\</path>
         <kind>archive</kind>
         <file>rts430x_lc_rd_eabi.lib</file>
         <name>div16s.asm.obj</name>
      </input_file>
      <input_file id="fl-37">
         <path>C:\ti\ccs1230\ccs\tools\compiler\ti-cgt-msp430_21.6.1.LTS\lib\</path>
         <kind>archive</kind>
         <file>rts430x_lc_rd_eabi.lib</file>
         <name>div16u.asm.obj</name>
      </input_file>
      <input_file id="fl-38">
         <path>C:\ti\ccs1230\ccs\tools\compiler\ti-cgt-msp430_21.6.1.LTS\lib\</path>
         <kind>archive</kind>
         <file>rts430x_lc_rd_eabi.lib</file>
         <name>div32s.asm.obj</name>
      </input_file>
      <input_file id="fl-39">
         <path>C:\ti\ccs1230\ccs\tools\compiler\ti-cgt-msp430_21.6.1.LTS\lib\</path>
         <kind>archive</kind>
         <file>rts430x_lc_rd_eabi.lib</file>
         <name>div32u.asm.obj</name>
      </input_file>
      <input_file id="fl-3a">
         <path>C:\ti\ccs1230\ccs\tools\compiler\ti-cgt-msp430_21.6.1.LTS\lib\</path>
         <kind>archive</kind>
         <file>rts430x_lc_rd_eabi.lib</file>
         <name>int41.asm.obj</name>
      </input_file>
      <input_file id="fl-3b">
         <path>C:\ti\ccs1230\ccs\tools\compiler\ti-cgt-msp430_21.6.1.LTS\lib\</path>
         <kind>archive</kind>
         <file>rts430x_lc_rd_eabi.lib</file>
         <name>int43.asm.obj</name>
      </input_file>
      <input_file id="fl-3c">
         <path>C:\ti\ccs1230\ccs\tools\compiler\ti-cgt-msp430_21.6.1.LTS\lib\</path>
         <kind>archive</kind>
         <file>rts430x_lc_rd_eabi.lib</file>
         <name>int44.asm.obj</name>
      </input_file>
      <input_file id="fl-3d">
         <path>C:\ti\ccs1230\ccs\tools\compiler\ti-cgt-msp430_21.6.1.LTS\lib\</path>
         <kind>archive</kind>
         <file>rts430x_lc_rd_eabi.lib</file>
         <name>int45.asm.obj</name>
      </input_file>
      <input_file id="fl-3e">
         <path>C:\ti\ccs1230\ccs\tools\compiler\ti-cgt-msp430_21.6.1.LTS\lib\</path>
         <kind>archive</kind>
         <file>rts430x_lc_rd_eabi.lib</file>
         <name>int46.asm.obj</name>
      </input_file>
      <input_file id="fl-3f">
         <path>C:\ti\ccs1230\ccs\tools\compiler\ti-cgt-msp430_21.6.1.LTS\lib\</path>
         <kind>archive</kind>
         <file>rts430x_lc_rd_eabi.lib</file>
         <name>int48.asm.obj</name>
      </input_file>
      <input_file id="fl-40">
         <path>C:\ti\ccs1230\ccs\tools\compiler\ti-cgt-msp430_21.6.1.LTS\lib\</path>
         <kind>archive</kind>
         <file>rts430x_lc_rd_eabi.lib</file>
         <name>int49.asm.obj</name>
      </input_file>
      <input_file id="fl-41">
         <path>C:\ti\ccs1230\ccs\tools\compiler\ti-cgt-msp430_21.6.1.LTS\lib\</path>
         <kind>archive</kind>
         <file>rts430x_lc_rd_eabi.lib</file>
         <name>int50.asm.obj</name>
      </input_file>
      <input_file id="fl-42">
         <path>C:\ti\ccs1230\ccs\tools\compiler\ti-cgt-msp430_21.6.1.LTS\lib\</path>
         <kind>archive</kind>
         <file>rts430x_lc_rd_eabi.lib</file>
         <name>int51.asm.obj</name>
      </input_file>
      <input_file id="fl-43">
         <path>C:\ti\ccs1230\ccs\tools\compiler\ti-cgt-msp430_21.6.1.LTS\lib\</path>
         <kind>archive</kind>
         <file>rts430x_lc_rd_eabi.lib</file>
         <name>int52.asm.obj</name>
      </input_file>
      <input_file id="fl-44">
         <path>C:\ti\ccs1230\ccs\tools\compiler\ti-cgt-msp430_21.6.1.LTS\lib\</path>
         <kind>archive</kind>
         <file>rts430x_lc_rd_eabi.lib</file>
         <name>int55.asm.obj</name>
      </input_file>
      <input_file id="fl-45">
         <path>C:\ti\ccs1230\ccs\tools\compiler\ti-cgt-msp430_21.6.1.LTS\lib\</path>
         <kind>archive</kind>
         <file>rts430x_lc_rd_eabi.lib</file>
         <name>int56.asm.obj</name>
      </input_file>
      <input_file id="fl-46">
         <path>C:\ti\ccs1230\ccs\tools\compiler\ti-cgt-msp430_21.6.1.LTS\lib\</path>
         <kind>archive</kind>
         <file>rts430x_lc_rd_eabi.lib</file>
         <name>int57.asm.obj</name>
      </input_file>
      <input_file id="fl-47">
         <path>C:\ti\ccs1230\ccs\tools\compiler\ti-cgt-msp430_21.6.1.LTS\lib\</path>
         <kind>archive</kind>
         <file>rts430x_lc_rd_eabi.lib</file>
         <name>int58.asm.obj</name>
      </input_file>
      <input_file id="fl-48">
         <path>C:\ti\ccs1230\ccs\tools\compiler\ti-cgt-msp430_21.6.1.LTS\lib\</path>
         <kind>archive</kind>
         <file>rts430x_lc_rd_eabi.lib</file>
         <name>int59.asm.obj</name>
      </input_file>
      <input_file id="fl-49">
         <path>C:\ti\ccs1230\ccs\tools\compiler\ti-cgt-msp430_21.6.1.LTS\lib\</path>
         <kind>archive</kind>
         <file>rts430x_lc_rd_eabi.lib</file>
         <name>int60.asm.obj</name>
      </input_file>
      <input_file id="fl-4a">
         <path>C:\ti\ccs1230\ccs\tools\compiler\ti-cgt-msp430_21.6.1.LTS\lib\</path>
         <kind>archive</kind>
         <file>rts430x_lc_rd_eabi.lib</file>
         <name>int61.asm.obj</name>
      </input_file>
      <input_file id="fl-4b">
         <path>C:\ti\ccs1230\ccs\tools\compiler\ti-cgt-msp430_21.6.1.LTS\lib\</path>
         <kind>archive</kind>
         <file>rts430x_lc_rd_eabi.lib</file>
         <name>int62.asm.obj</name>
      </input_file>
      <input_file id="fl-4c">
         <path>C:\ti\ccs1230\ccs\tools\compiler\ti-cgt-msp430_21.6.1.LTS\lib\</path>
         <kind>archive</kind>
         <file>rts430x_lc_rd_eabi.lib</file>
         <name>isr_trap.asm.obj</name>
      </input_file>
      <input_file id="fl-4d">
         <path>C:\ti\ccs1230\ccs\tools\compiler\ti-cgt-msp430_21.6.1.LTS\lib\</path>
         <kind>archive</kind>
         <file>rts430x_lc_rd_eabi.lib</file>
         <name>lsl16.asm.obj</name>
      </input_file>
      <input_file id="fl-4e">
         <path>C:\ti\ccs1230\ccs\tools\compiler\ti-cgt-msp430_21.6.1.LTS\lib\</path>
         <kind>archive</kind>
         <file>rts430x_lc_rd_eabi.lib</file>
         <name>lsr32.asm.obj</name>
      </input_file>
      <input_file id="fl-4f">
         <path>C:\ti\ccs1230\ccs\tools\compiler\ti-cgt-msp430_21.6.1.LTS\lib\</path>
         <kind>archive</kind>
         <file>rts430x_lc_rd_eabi.lib</file>
         <name>mult16.asm.obj</name>
      </input_file>
      <input_file id="fl-50">
         <path>C:\ti\ccs1230\ccs\tools\compiler\ti-cgt-msp430_21.6.1.LTS\lib\</path>
         <kind>archive</kind>
         <file>rts430x_lc_rd_eabi.lib</file>
         <name>mult16_f5hw.asm.obj</name>
      </input_file>
      <input_file id="fl-51">
         <path>C:\ti\ccs1230\ccs\tools\compiler\ti-cgt-msp430_21.6.1.LTS\lib\</path>
         <kind>archive</kind>
         <file>rts430x_lc_rd_eabi.lib</file>
         <name>mult1632_f5hw.asm.obj</name>
      </input_file>
      <input_file id="fl-52">
         <path>C:\ti\ccs1230\ccs\tools\compiler\ti-cgt-msp430_21.6.1.LTS\lib\</path>
         <kind>archive</kind>
         <file>rts430x_lc_rd_eabi.lib</file>
         <name>mult32.asm.obj</name>
      </input_file>
      <input_file id="fl-53">
         <path>C:\ti\ccs1230\ccs\tools\compiler\ti-cgt-msp430_21.6.1.LTS\lib\</path>
         <kind>archive</kind>
         <file>rts430x_lc_rd_eabi.lib</file>
         <name>mult32_f5hw.asm.obj</name>
      </input_file>
      <input_file id="fl-54">
         <path>C:\ti\ccs1230\ccs\tools\compiler\ti-cgt-msp430_21.6.1.LTS\lib\</path>
         <kind>archive</kind>
         <file>rts430x_lc_rd_eabi.lib</file>
         <name>mult3264_f5hw.asm.obj</name>
      </input_file>
      <input_file id="fl-55">
         <path>C:\ti\ccs1230\ccs\tools\compiler\ti-cgt-msp430_21.6.1.LTS\lib\</path>
         <kind>archive</kind>
         <file>rts430x_lc_rd_eabi.lib</file>
         <name>mult64_f5hw.asm.obj</name>
      </input_file>
      <input_file id="fl-56">
         <path>C:\ti\ccs1230\ccs\tools\compiler\ti-cgt-msp430_21.6.1.LTS\lib\</path>
         <kind>archive</kind>
         <file>rts430x_lc_rd_eabi.lib</file>
         <name>boot.c.obj</name>
      </input_file>
      <input_file id="fl-57">
         <path>C:\ti\ccs1230\ccs\tools\compiler\ti-cgt-msp430_21.6.1.LTS\lib\</path>
         <kind>archive</kind>
         <file>rts430x_lc_rd_eabi.lib</file>
         <name>autoinit.c.obj</name>
      </input_file>
      <input_file id="fl-58">
         <path>C:\ti\ccs1230\ccs\tools\compiler\ti-cgt-msp430_21.6.1.LTS\lib\</path>
         <kind>archive</kind>
         <file>rts430x_lc_rd_eabi.lib</file>
         <name>copy_zero_init.c.obj</name>
      </input_file>
      <input_file id="fl-59">
         <path>C:\ti\ccs1230\ccs\tools\compiler\ti-cgt-msp430_21.6.1.LTS\lib\</path>
         <kind>archive</kind>
         <file>rts430x_lc_rd_eabi.lib</file>
         <name>cpy_tbl.c.obj</name>
      </input_file>
      <input_file id="fl-5a">
         <path>C:\ti\ccs1230\ccs\tools\compiler\ti-cgt-msp430_21.6.1.LTS\lib\</path>
         <kind>archive</kind>
         <file>rts430x_lc_rd_eabi.lib</file>
         <name>mpu_init.c.obj</name>
      </input_file>
      <input_file id="fl-5b">
         <path>C:\ti\ccs1230\ccs\tools\compiler\ti-cgt-msp430_21.6.1.LTS\lib\</path>
         <kind>archive</kind>
         <file>rts430x_lc_rd_eabi.lib</file>
         <name>pre_init.c.obj</name>
      </input_file>
      <input_file id="fl-5c">
         <path>C:\ti\ccs1230\ccs\tools\compiler\ti-cgt-msp430_21.6.1.LTS\lib\</path>
         <kind>archive</kind>
         <file>rts430x_lc_rd_eabi.lib</file>
         <name>startup.c.obj</name>
      </input_file>
      <input_file id="fl-5d">
         <path>C:\ti\ccs1230\ccs\tools\compiler\ti-cgt-msp430_21.6.1.LTS\lib\</path>
         <kind>archive</kind>
         <file>rts430x_lc_rd_eabi.lib</file>
         <name>copy_decompress_none.c.obj</name>
      </input_file>
      <input_file id="fl-5e">
         <path>C:\ti\ccs1230\ccs\tools\compiler\ti-cgt-msp430_21.6.1.LTS\lib\</path>
         <kind>archive</kind>
         <file>rts430x_lc_rd_eabi.lib</file>
         <name>copy_decompress_lzss.c.obj</name>
      </input_file>
      <input_file id="fl-5f">
         <path>C:\ti\ccs1230\ccs\tools\compiler\ti-cgt-msp430_21.6.1.LTS\lib\</path>
         <kind>archive</kind>
         <file>rts430x_lc_rd_eabi.lib</file>
         <name>fixdul.c.obj</name>
      </input_file>
      <input_file id="fl-60">
         <path>C:\ti\ccs1230\ccs\tools\compiler\ti-cgt-msp430_21.6.1.LTS\lib\</path>
         <kind>archive</kind>
         <file>rts430x_lc_rd_eabi.lib</file>
         <name>exit.c.obj</name>
      </input_file>
      <input_file id="fl-61">
         <path>C:\ti\ccs1230\ccs\tools\compiler\ti-cgt-msp430_21.6.1.LTS\lib\</path>
         <kind>archive</kind>
         <file>rts430x_lc_rd_eabi.lib</file>
         <name>_lock.c.obj</name>
      </input_file>
      <input_file id="fl-62">
         <path>C:\ti\ccs1230\ccs\tools\compiler\ti-cgt-msp430_21.6.1.LTS\lib\</path>
         <kind>archive</kind>
         <file>rts430x_lc_rd_eabi.lib</file>
         <name>args_main.c.obj</name>
      </input_file>
      <input_file id="fl-63">
         <path>C:\ti\ccs1230\ccs\tools\compiler\ti-cgt-msp430_21.6.1.LTS\lib\</path>
         <kind>archive</kind>
         <file>rts430x_lc_rd_eabi.lib</file>
         <name>memcpy.c.obj</name>
      </input_file>
      <input_file id="fl-64">
         <path>C:\ti\ccs1230\ccs\tools\compiler\ti-cgt-msp430_21.6.1.LTS\lib\</path>
         <kind>archive</kind>
         <file>rts430x_lc_rd_eabi.lib</file>
         <name>memset.c.obj</name>
      </input_file>
      <input_file id="fl-65">
         <path>C:\ti\ccs1230\ccs\tools\compiler\ti-cgt-msp430_21.6.1.LTS\lib\</path>
         <kind>archive</kind>
         <file>rts430x_lc_rd_eabi.lib</file>
         <name>strcpy.c.obj</name>
      </input_file>
      <input_file id="fl-66">
         <path>C:\ti\ccs1230\ccs\tools\compiler\ti-cgt-msp430_21.6.1.LTS\lib\</path>
         <kind>archive</kind>
         <file>rts430x_lc_rd_eabi.lib</file>
         <name>strlen.c.obj</name>
      </input_file>
      <input_file id="fl-67">
         <path>C:\ti\ccs1230\ccs\tools\compiler\ti-cgt-msp430_21.6.1.LTS\lib\</path>
         <kind>archive</kind>
         <file>rts430x_lc_rd_eabi.lib</file>
         <name>strncmp.c.obj</name>
      </input_file>
      <input_file id="fl-68">
         <path>C:\ti\ccs1230\ccs\tools\compiler\ti-cgt-msp430_21.6.1.LTS\lib\</path>
         <kind>archive</kind>
         <file>rts430x_lc_rd_eabi.lib</file>
         <name>lsl32.asm.obj</name>
      </input_file>
      <input_file id="fl-69">
         <path>C:\ti\ccs1230\ccs\tools\compiler\ti-cgt-msp430_21.6.1.LTS\lib\</path>
         <kind>archive</kind>
         <file>rts430x_lc_rd_eabi.lib</file>
         <name>exit_gvars.c.obj</name>
      </input_file>
      <input_file id="fl-6a">
         <path>C:\ti\ccs1230\ccs\tools\compiler\ti-cgt-msp430_21.6.1.LTS\lib\</path>
         <kind>archive</kind>
         <file>rts430x_lc_rd_eabi.lib</file>
         <name>lsr64.c.obj</name>
      </input_file>
   </input_file_list>
   <object_component_list>
      <object_component id="oc-4e0">
         <name>.bss:pxReadyTasksLists</name>
         <uninitialized>true</uninitialized>
         <run_address>0x406c</run_address>
         <size>0x80</size>
         <input_file_ref idref="fl-a"/>
      </object_component>
      <object_component id="oc-983">
         <name>.bss:xDelayedTaskList1</name>
         <uninitialized>true</uninitialized>
         <run_address>0x41ac</run_address>
         <size>0x10</size>
         <input_file_ref idref="fl-a"/>
      </object_component>
      <object_component id="oc-986">
         <name>.bss:xDelayedTaskList2</name>
         <uninitialized>true</uninitialized>
         <run_address>0x41bc</run_address>
         <size>0x10</size>
         <input_file_ref idref="fl-a"/>
      </object_component>
      <object_component id="oc-653">
         <name>.bss</name>
         <uninitialized>true</uninitialized>
         <run_address>0x41f4</run_address>
         <size>0x8</size>
         <input_file_ref idref="fl-a"/>
      </object_component>
      <object_component id="oc-4e9">
         <name>.bss:xPendingReadyList</name>
         <uninitialized>true</uninitialized>
         <run_address>0x41cc</run_address>
         <size>0x10</size>
         <input_file_ref idref="fl-a"/>
      </object_component>
      <object_component id="oc-959">
         <name>.bss:xSuspendedTaskList</name>
         <uninitialized>true</uninitialized>
         <run_address>0x41dc</run_address>
         <size>0x10</size>
         <input_file_ref idref="fl-a"/>
      </object_component>
      <object_component id="oc-9b2">
         <name>.bss:xActiveTimerList1</name>
         <uninitialized>true</uninitialized>
         <run_address>0x418c</run_address>
         <size>0x10</size>
         <input_file_ref idref="fl-b"/>
      </object_component>
      <object_component id="oc-9b5">
         <name>.bss:xActiveTimerList2</name>
         <uninitialized>true</uninitialized>
         <run_address>0x419c</run_address>
         <size>0x10</size>
         <input_file_ref idref="fl-b"/>
      </object_component>
      <object_component id="oc-9b8">
         <name>.bss</name>
         <uninitialized>true</uninitialized>
         <run_address>0x41fc</run_address>
         <size>0x8</size>
         <input_file_ref idref="fl-b"/>
      </object_component>
      <object_component id="oc-861">
         <name>.bss:ucHeap</name>
         <uninitialized>true</uninitialized>
         <run_address>0x2400</run_address>
         <size>0x1400</size>
         <input_file_ref idref="fl-e"/>
      </object_component>
      <object_component id="oc-4b4">
         <name>.bss:isrstack</name>
         <uninitialized>true</uninitialized>
         <run_address>0x41ec</run_address>
         <size>0x8</size>
         <input_file_ref idref="fl-11"/>
      </object_component>
      <object_component id="oc-73e">
         <name>.bss</name>
         <uninitialized>true</uninitialized>
         <run_address>0x4204</run_address>
         <size>0x4</size>
         <input_file_ref idref="fl-11"/>
      </object_component>
      <object_component id="oc-417">
         <name>.common:xADC0Mailbox</name>
         <uninitialized>true</uninitialized>
         <run_address>0x4218</run_address>
         <size>0x4</size>
      </object_component>
      <object_component id="oc-57c">
         <name>.common:xTask1Mailbox</name>
         <uninitialized>true</uninitialized>
         <run_address>0x4228</run_address>
         <size>0x4</size>
      </object_component>
      <object_component id="oc-57d">
         <name>.common:xTask3Mailbox</name>
         <uninitialized>true</uninitialized>
         <run_address>0x4230</run_address>
         <size>0x4</size>
      </object_component>
      <object_component id="oc-56f">
         <name>.common:xADCTaskHandle</name>
         <uninitialized>true</uninitialized>
         <run_address>0x421c</run_address>
         <size>0x4</size>
      </object_component>
      <object_component id="oc-54f">
         <name>.common:xTask1Handle</name>
         <uninitialized>true</uninitialized>
         <run_address>0x4224</run_address>
         <size>0x4</size>
      </object_component>
      <object_component id="oc-3fb">
         <name>.common:xTask2Handle</name>
         <uninitialized>true</uninitialized>
         <run_address>0x422c</run_address>
         <size>0x4</size>
      </object_component>
      <object_component id="oc-584">
         <name>.common:buttonCommand</name>
         <uninitialized>true</uninitialized>
         <run_address>0x4238</run_address>
         <size>0x2</size>
      </object_component>
      <object_component id="oc-413">
         <name>.common:PORT1Handle</name>
         <uninitialized>true</uninitialized>
         <run_address>0x423d</run_address>
         <size>0x1</size>
      </object_component>
      <object_component id="oc-3f2">
         <name>.common:PORT2Handle</name>
         <uninitialized>true</uninitialized>
         <run_address>0x423e</run_address>
         <size>0x1</size>
      </object_component>
      <object_component id="oc-416">
         <name>.common:ADCHandle</name>
         <uninitialized>true</uninitialized>
         <run_address>0x423c</run_address>
         <size>0x1</size>
      </object_component>
      <object_component id="oc-597">
         <name>.common:ue1</name>
         <uninitialized>true</uninitialized>
         <run_address>0x4214</run_address>
         <size>0x4</size>
      </object_component>
      <object_component id="oc-7f8">
         <name>.common:xKernelPortDataBuffer</name>
         <uninitialized>true</uninitialized>
         <run_address>0x4220</run_address>
         <size>0x4</size>
      </object_component>
      <object_component id="oc-613">
         <name>.common:init_hwtc_count</name>
         <uninitialized>true</uninitialized>
         <run_address>0x420c</run_address>
         <size>0x4</size>
      </object_component>
      <object_component id="oc-4ca">
         <name>.common:CurrentFilterMask</name>
         <uninitialized>true</uninitialized>
         <run_address>0x4236</run_address>
         <size>0x2</size>
      </object_component>
      <object_component id="oc-7f4">
         <name>.common:CurrentFilterGroup</name>
         <uninitialized>true</uninitialized>
         <run_address>0x4234</run_address>
         <size>0x2</size>
      </object_component>
      <object_component id="oc-73d">
         <name>.common:objectHandleStacks</name>
         <uninitialized>true</uninitialized>
         <run_address>0x40ec</run_address>
         <size>0x68</size>
      </object_component>
      <object_component id="oc-5ed">
         <name>.common:traceErrorMessage</name>
         <uninitialized>true</uninitialized>
         <run_address>0x4210</run_address>
         <size>0x4</size>
      </object_component>
      <object_component id="oc-7f6">
         <name>.common:tasksInStackMonitor</name>
         <uninitialized>true</uninitialized>
         <run_address>0x4154</run_address>
         <size>0x38</size>
      </object_component>
      <object_component id="oc-7f5">
         <name>.common:tasksNotIncluded</name>
         <uninitialized>true</uninitialized>
         <run_address>0x423a</run_address>
         <size>0x2</size>
      </object_component>
      <object_component id="oc-7f7">
         <name>.common:RecorderData</name>
         <uninitialized>true</uninitialized>
         <run_address>0x3800</run_address>
         <size>0x86c</size>
      </object_component>
      <object_component id="oc-4ae">
         <name>.common:RecorderDataPtr</name>
         <uninitialized>true</uninitialized>
         <run_address>0x4208</run_address>
         <size>0x4</size>
      </object_component>
      <object_component id="oc-4d1">
         <name>.data</name>
         <load_address>0x4276</load_address>
         <run_address>0x4276</run_address>
         <size>0x1c</size>
         <input_file_ref idref="fl-a"/>
      </object_component>
      <object_component id="oc-8dc">
         <name>.data</name>
         <load_address>0x4292</load_address>
         <run_address>0x4292</run_address>
         <size>0xa</size>
         <input_file_ref idref="fl-b"/>
      </object_component>
      <object_component id="oc-4ab">
         <name>.data</name>
         <load_address>0x42ae</load_address>
         <run_address>0x42ae</run_address>
         <size>0x2</size>
         <input_file_ref idref="fl-c"/>
      </object_component>
      <object_component id="oc-85e">
         <name>.data</name>
         <load_address>0x429c</load_address>
         <run_address>0x429c</run_address>
         <size>0x6</size>
         <input_file_ref idref="fl-e"/>
      </object_component>
      <object_component id="oc-80c">
         <name>.data</name>
         <load_address>0x42a2</load_address>
         <run_address>0x42a2</run_address>
         <size>0x6</size>
         <input_file_ref idref="fl-10"/>
      </object_component>
      <object_component id="oc-519">
         <name>.data:TraceQueueClassTable</name>
         <load_address>0x42a8</load_address>
         <run_address>0x42a8</run_address>
         <size>0x5</size>
         <input_file_ref idref="fl-10"/>
      </object_component>
      <object_component id="oc-495">
         <name>.data</name>
         <load_address>0x4240</load_address>
         <run_address>0x4240</run_address>
         <size>0x36</size>
         <input_file_ref idref="fl-11"/>
      </object_component>
      <object_component id="oc-36b">
         <name>.stack</name>
         <uninitialized>true</uninitialized>
         <run_address>0x4360</run_address>
         <size>0x4</size>
         <input_file_ref idref="fl-56"/>
      </object_component>
      <object_component id="oc-af5">
         <name>.stack</name>
         <uninitialized>true</uninitialized>
         <run_address>0x4360</run_address>
         <size>0x0</size>
      </object_component>
      <object_component id="oc-6d7">
         <name>.text:xQueueGenericSend</name>
         <load_address>0x10000</load_address>
         <run_address>0x10000</run_address>
         <size>0x3f8</size>
         <input_file_ref idref="fl-9"/>
      </object_component>
      <object_component id="oc-6d1">
         <name>.text:xQueueReceive</name>
         <load_address>0x103f8</load_address>
         <run_address>0x103f8</run_address>
         <size>0x3c0</size>
         <input_file_ref idref="fl-9"/>
      </object_component>
      <object_component id="oc-6b2">
         <name>.text:xTraceInitialize</name>
         <load_address>0x107b8</load_address>
         <run_address>0x107b8</run_address>
         <size>0x280</size>
         <input_file_ref idref="fl-11"/>
      </object_component>
      <object_component id="oc-a38">
         <name>.text:xTimerGenericCommand</name>
         <load_address>0x10a38</load_address>
         <run_address>0x10a38</run_address>
         <size>0x202</size>
         <input_file_ref idref="fl-b"/>
      </object_component>
      <object_component id="oc-418">
         <name>.text:xQueueGenericSendFromISR</name>
         <load_address>0x10c3a</load_address>
         <run_address>0x10c3a</run_address>
         <size>0x1e2</size>
         <input_file_ref idref="fl-9"/>
      </object_component>
      <object_component id="oc-4b1">
         <name>.text:prvTraceGetDTS</name>
         <load_address>0x10e1c</load_address>
         <run_address>0x10e1c</run_address>
         <size>0x1ca</size>
         <input_file_ref idref="fl-11"/>
      </object_component>
      <object_component id="oc-703">
         <name>.text:xTaskGenericNotify</name>
         <load_address>0x10fe6</load_address>
         <run_address>0x10fe6</run_address>
         <size>0x1ca</size>
         <input_file_ref idref="fl-a"/>
      </object_component>
      <object_component id="oc-6cb">
         <name>.text:xTaskNotifyWait</name>
         <load_address>0x111b0</load_address>
         <run_address>0x111b0</run_address>
         <size>0x1a4</size>
         <input_file_ref idref="fl-a"/>
      </object_component>
      <object_component id="oc-9cd">
         <name>.text:prvProcessReceivedCommands</name>
         <load_address>0x11354</load_address>
         <run_address>0x11354</run_address>
         <size>0x194</size>
         <input_file_ref idref="fl-b"/>
      </object_component>
      <object_component id="oc-6f0">
         <name>.text:prvAddNewTaskToReadyList</name>
         <load_address>0x114e8</load_address>
         <run_address>0x114e8</run_address>
         <size>0x192</size>
         <input_file_ref idref="fl-a"/>
      </object_component>
      <object_component id="oc-6f7">
         <name>.text:ulTaskNotifyTake</name>
         <load_address>0x1167a</load_address>
         <run_address>0x1167a</run_address>
         <size>0x192</size>
         <input_file_ref idref="fl-a"/>
      </object_component>
      <object_component id="oc-4f3">
         <name>.text:xTaskIncrementTick</name>
         <load_address>0x1180c</load_address>
         <run_address>0x1180c</run_address>
         <size>0x186</size>
         <input_file_ref idref="fl-a"/>
      </object_component>
      <object_component id="oc-6ea">
         <name>.text:prvInitialiseNewTask</name>
         <load_address>0x11992</load_address>
         <run_address>0x11992</run_address>
         <size>0x174</size>
         <input_file_ref idref="fl-a"/>
      </object_component>
      <object_component id="oc-7ff">
         <name>.text:xTraceKernelPortInitObjectPropertyTable</name>
         <load_address>0x11b06</load_address>
         <run_address>0x11b06</run_address>
         <size>0x172</size>
         <input_file_ref idref="fl-10"/>
      </object_component>
      <object_component id="oc-432">
         <name>.text:main</name>
         <load_address>0x11c78</load_address>
         <run_address>0x11c78</run_address>
         <size>0x16e</size>
         <input_file_ref idref="fl-2"/>
      </object_component>
      <object_component id="oc-99e">
         <name>.text:prvTraceCreateSymbolTableEntry</name>
         <load_address>0x11de6</load_address>
         <run_address>0x11de6</run_address>
         <size>0x16c</size>
         <input_file_ref idref="fl-11"/>
      </object_component>
      <object_component id="oc-563">
         <name>.text:prvxTask3Function</name>
         <load_address>0x11f52</load_address>
         <run_address>0x11f52</run_address>
         <size>0x15a</size>
         <input_file_ref idref="fl-2"/>
      </object_component>
      <object_component id="oc-864">
         <name>.text:vTraceStoreMemMangEvent</name>
         <load_address>0x120ac</load_address>
         <run_address>0x120ac</run_address>
         <size>0x158</size>
         <input_file_ref idref="fl-11"/>
      </object_component>
      <object_component id="oc-69b">
         <name>.text:xTaskPriorityDisinherit</name>
         <load_address>0x12204</load_address>
         <run_address>0x12204</run_address>
         <size>0x13c</size>
         <input_file_ref idref="fl-a"/>
      </object_component>
      <object_component id="oc-93d">
         <name>.text:UCS_initFLL</name>
         <load_address>0x12340</load_address>
         <run_address>0x12340</run_address>
         <size>0x12e</size>
         <input_file_ref idref="fl-15"/>
      </object_component>
      <object_component id="oc-4f9">
         <name>.text:vTaskSwitchContext</name>
         <load_address>0x1246e</load_address>
         <run_address>0x1246e</run_address>
         <size>0x12c</size>
         <input_file_ref idref="fl-a"/>
      </object_component>
      <object_component id="oc-3fc">
         <name>.text:vTaskNotifyGiveFromISR</name>
         <load_address>0x1259a</load_address>
         <run_address>0x1259a</run_address>
         <size>0x126</size>
         <input_file_ref idref="fl-a"/>
      </object_component>
      <object_component id="oc-72f">
         <name>.text:prvInitialiseNewQueue</name>
         <load_address>0x126c0</load_address>
         <run_address>0x126c0</run_address>
         <size>0x124</size>
         <input_file_ref idref="fl-9"/>
      </object_component>
      <object_component id="oc-850">
         <name>.text:xTaskResumeAll</name>
         <load_address>0x127e4</load_address>
         <run_address>0x127e4</run_address>
         <size>0x124</size>
         <input_file_ref idref="fl-a"/>
      </object_component>
      <object_component id="oc-628">
         <name>.text:prvCheckDataToBeOverwrittenForMultiEntryEvents</name>
         <load_address>0x12908</load_address>
         <run_address>0x12908</run_address>
         <size>0x11e</size>
         <input_file_ref idref="fl-11"/>
      </object_component>
      <object_component id="oc-407">
         <name>.text:xTraceISREnd</name>
         <load_address>0x12a26</load_address>
         <run_address>0x12a26</run_address>
         <size>0x118</size>
         <input_file_ref idref="fl-11"/>
      </object_component>
      <object_component id="oc-805">
         <name>.text:xTraceKernelPortInitObjectHandleStack</name>
         <load_address>0x12b3e</load_address>
         <run_address>0x12b3e</run_address>
         <size>0x114</size>
         <input_file_ref idref="fl-10"/>
      </object_component>
      <object_component id="oc-930">
         <name>.text:PMM_setVCoreUp</name>
         <load_address>0x12c52</load_address>
         <run_address>0x12c52</run_address>
         <size>0x10e</size>
         <input_file_ref idref="fl-14"/>
      </object_component>
      <object_component id="oc-727">
         <name>.text:vTaskDelayUntil</name>
         <load_address>0x12d60</load_address>
         <run_address>0x12d60</run_address>
         <size>0x108</size>
         <input_file_ref idref="fl-a"/>
      </object_component>
      <object_component id="oc-614">
         <name>.text:prvTracePortGetTimeStamp</name>
         <load_address>0x12e68</load_address>
         <run_address>0x12e68</run_address>
         <size>0x106</size>
         <input_file_ref idref="fl-11"/>
      </object_component>
      <object_component id="oc-a48">
         <name>.text:prvSwitchTimerLists</name>
         <load_address>0x12f6e</load_address>
         <run_address>0x12f6e</run_address>
         <size>0x104</size>
         <input_file_ref idref="fl-b"/>
      </object_component>
      <object_component id="oc-998">
         <name>.text:prvTraceLookupSymbolTableEntry</name>
         <load_address>0x13072</load_address>
         <run_address>0x13072</run_address>
         <size>0x100</size>
         <input_file_ref idref="fl-11"/>
      </object_component>
      <object_component id="oc-8b3">
         <name>.text:xQueueGenericReset</name>
         <load_address>0x13172</load_address>
         <run_address>0x13172</run_address>
         <size>0xf8</size>
         <input_file_ref idref="fl-9"/>
      </object_component>
      <object_component id="oc-84a">
         <name>.text:prvUnlockQueue</name>
         <load_address>0x1326a</load_address>
         <run_address>0x1326a</run_address>
         <size>0xe2</size>
         <input_file_ref idref="fl-9"/>
      </object_component>
      <object_component id="oc-522">
         <name>.text:prvCopyDataToQueue</name>
         <load_address>0x1334c</load_address>
         <run_address>0x1334c</run_address>
         <size>0xd6</size>
         <input_file_ref idref="fl-9"/>
      </object_component>
      <object_component id="oc-3f5">
         <name>.text:xTraceISRBegin</name>
         <load_address>0x13422</load_address>
         <run_address>0x13422</run_address>
         <size>0xd4</size>
         <input_file_ref idref="fl-11"/>
      </object_component>
      <object_component id="oc-7d5">
         <name>.text:prvTraceStoreKernelCallWithParam</name>
         <load_address>0x134f6</load_address>
         <run_address>0x134f6</run_address>
         <size>0xd0</size>
         <input_file_ref idref="fl-11"/>
      </object_component>
      <object_component id="oc-585">
         <name>.text:prvTraceGetObjectHandle</name>
         <load_address>0x135c6</load_address>
         <run_address>0x135c6</run_address>
         <size>0xce</size>
         <input_file_ref idref="fl-11"/>
      </object_component>
      <object_component id="oc-936">
         <name>.text:PMM_setVCoreDown</name>
         <load_address>0x13694</load_address>
         <run_address>0x13694</run_address>
         <size>0xc8</size>
         <input_file_ref idref="fl-14"/>
      </object_component>
      <object_component id="oc-6de">
         <name>.text:pvPortMalloc</name>
         <load_address>0x1375c</load_address>
         <run_address>0x1375c</run_address>
         <size>0xc4</size>
         <input_file_ref idref="fl-e"/>
      </object_component>
      <object_component id="oc-528">
         <name>.text:xTaskRemoveFromEventList</name>
         <load_address>0x13820</load_address>
         <run_address>0x13820</run_address>
         <size>0xc4</size>
         <input_file_ref idref="fl-a"/>
      </object_component>
      <object_component id="oc-a19">
         <name>.text:prvProcessExpiredTimer</name>
         <load_address>0x138e4</load_address>
         <run_address>0x138e4</run_address>
         <size>0xbe</size>
         <input_file_ref idref="fl-b"/>
      </object_component>
      <object_component id="oc-950">
         <name>.text:prvReportStackUsage</name>
         <load_address>0x139a2</load_address>
         <run_address>0x139a2</run_address>
         <size>0xbe</size>
         <input_file_ref idref="fl-11"/>
      </object_component>
      <object_component id="oc-8ac">
         <name>.text:prvTraceStoreKernelCallWithNumericParamOnly</name>
         <load_address>0x13a60</load_address>
         <run_address>0x13a60</run_address>
         <size>0xbc</size>
         <input_file_ref idref="fl-11"/>
      </object_component>
      <object_component id="oc-576">
         <name>.text:xQueueGenericCreate</name>
         <load_address>0x13b1c</load_address>
         <run_address>0x13b1c</run_address>
         <size>0xb8</size>
         <input_file_ref idref="fl-9"/>
      </object_component>
      <object_component id="oc-557">
         <name>.text:xTaskCreate</name>
         <load_address>0x13bd4</load_address>
         <run_address>0x13bd4</run_address>
         <size>0xb0</size>
         <input_file_ref idref="fl-a"/>
      </object_component>
      <object_component id="oc-4cb">
         <name>.text:prvTraceStoreKernelCall</name>
         <load_address>0x13c84</load_address>
         <run_address>0x13c84</run_address>
         <size>0xae</size>
         <input_file_ref idref="fl-11"/>
      </object_component>
      <object_component id="oc-a65">
         <name>.text:prvTraceStoreObjectPropertiesOnCloseEvent</name>
         <load_address>0x13d32</load_address>
         <run_address>0x13d32</run_address>
         <size>0xac</size>
         <input_file_ref idref="fl-11"/>
      </object_component>
      <object_component id="oc-6aa">
         <name>.text:hal430SetSystemClock</name>
         <load_address>0x13dde</load_address>
         <run_address>0x13dde</run_address>
         <size>0xaa</size>
         <input_file_ref idref="fl-5"/>
      </object_component>
      <object_component id="oc-53d">
         <name>.text:prvSetupHardware</name>
         <load_address>0x13e88</load_address>
         <run_address>0x13e88</run_address>
         <size>0xa8</size>
         <input_file_ref idref="fl-2"/>
      </object_component>
      <object_component id="oc-838">
         <name>.text:xTaskCheckForTimeOut</name>
         <load_address>0x13f30</load_address>
         <run_address>0x13f30</run_address>
         <size>0xa8</size>
         <input_file_ref idref="fl-a"/>
      </object_component>
      <object_component id="oc-402">
         <name>.text</name>
         <load_address>0x13fd8</load_address>
         <run_address>0x13fd8</run_address>
         <size>0xa6</size>
         <input_file_ref idref="fl-d"/>
      </object_component>
      <object_component id="oc-66f">
         <name>.text:prvTraceStoreTaskswitch</name>
         <load_address>0x1407e</load_address>
         <run_address>0x1407e</run_address>
         <size>0xa6</size>
         <input_file_ref idref="fl-11"/>
      </object_component>
      <object_component id="oc-550">
         <name>.text:prvxTask1Function</name>
         <load_address>0x14124</load_address>
         <run_address>0x14124</run_address>
         <size>0xa4</size>
         <input_file_ref idref="fl-2"/>
      </object_component>
      <object_component id="oc-6c4">
         <name>.text:prvTraceStart</name>
         <load_address>0x141c8</load_address>
         <run_address>0x141c8</run_address>
         <size>0xa2</size>
         <input_file_ref idref="fl-11"/>
      </object_component>
      <object_component id="oc-4da">
         <name>.text:prvTraceStoreTaskReady</name>
         <load_address>0x1426a</load_address>
         <run_address>0x1426a</run_address>
         <size>0xa2</size>
         <input_file_ref idref="fl-11"/>
      </object_component>
      <object_component id="oc-55d">
         <name>.text:prvxTask2Function</name>
         <load_address>0x1430c</load_address>
         <run_address>0x1430c</run_address>
         <size>0xa2</size>
         <input_file_ref idref="fl-2"/>
      </object_component>
      <object_component id="oc-6fd">
         <name>.text:xTracePrint</name>
         <load_address>0x143ae</load_address>
         <run_address>0x143ae</run_address>
         <size>0xa2</size>
         <input_file_ref idref="fl-11"/>
      </object_component>
      <object_component id="oc-894">
         <name>.text:prvTraceOpenSymbol</name>
         <load_address>0x14450</load_address>
         <run_address>0x14450</run_address>
         <size>0x9e</size>
         <input_file_ref idref="fl-11"/>
      </object_component>
      <object_component id="oc-928">
         <name>.text:prvTraceGetParam</name>
         <load_address>0x144ee</load_address>
         <run_address>0x144ee</run_address>
         <size>0x9c</size>
         <input_file_ref idref="fl-11"/>
      </object_component>
      <object_component id="oc-736">
         <name>.text:prvTraceSetObjectName</name>
         <load_address>0x1458a</load_address>
         <run_address>0x1458a</run_address>
         <size>0x9c</size>
         <input_file_ref idref="fl-11"/>
      </object_component>
      <object_component id="oc-598">
         <name>.text:vTaskStartScheduler</name>
         <load_address>0x14626</load_address>
         <run_address>0x14626</run_address>
         <size>0x98</size>
         <input_file_ref idref="fl-a"/>
      </object_component>
      <object_component id="oc-95c">
         <name>.text:vListInsert</name>
         <load_address>0x146be</load_address>
         <run_address>0x146be</run_address>
         <size>0x94</size>
         <input_file_ref idref="fl-8"/>
      </object_component>
      <object_component id="oc-819">
         <name>.text:prvAddCurrentTaskToDelayedList</name>
         <load_address>0x14752</load_address>
         <run_address>0x14752</run_address>
         <size>0x92</size>
         <input_file_ref idref="fl-a"/>
      </object_component>
      <object_component id="oc-a4f">
         <name>.text:vTaskPlaceOnEventListRestricted</name>
         <load_address>0x147e4</load_address>
         <run_address>0x147e4</run_address>
         <size>0x92</size>
         <input_file_ref idref="fl-a"/>
      </object_component>
      <object_component id="oc-952">
         <name>.text:vTaskDelay</name>
         <load_address>0x14876</load_address>
         <run_address>0x14876</run_address>
         <size>0x90</size>
         <input_file_ref idref="fl-a"/>
      </object_component>
      <object_component id="oc-a26">
         <name>.text:prvInsertTimerInActiveList</name>
         <load_address>0x14906</load_address>
         <run_address>0x14906</run_address>
         <size>0x8c</size>
         <input_file_ref idref="fl-b"/>
      </object_component>
      <object_component id="oc-7e2">
         <name>.text:PMM_setVCore</name>
         <load_address>0x14992</load_address>
         <run_address>0x14992</run_address>
         <size>0x88</size>
         <input_file_ref idref="fl-14"/>
      </object_component>
      <object_component id="oc-9c7">
         <name>.text:prvProcessTimerOrBlockTask</name>
         <load_address>0x14a1a</load_address>
         <run_address>0x14a1a</run_address>
         <size>0x84</size>
         <input_file_ref idref="fl-b"/>
      </object_component>
      <object_component id="oc-549">
         <name>.text:xTraceEnable</name>
         <load_address>0x14a9e</load_address>
         <run_address>0x14a9e</run_address>
         <size>0x84</size>
         <input_file_ref idref="fl-11"/>
      </object_component>
      <object_component id="oc-a5f">
         <name>.text:prvTraceStoreObjectNameOnCloseEvent</name>
         <load_address>0x14b22</load_address>
         <run_address>0x14b22</run_address>
         <size>0x82</size>
         <input_file_ref idref="fl-11"/>
      </object_component>
      <object_component id="oc-879">
         <name>.text:pxPortInitialiseStack</name>
         <load_address>0x14ba4</load_address>
         <run_address>0x14ba4</run_address>
         <size>0x80</size>
         <input_file_ref idref="fl-c"/>
      </object_component>
      <object_component id="oc-a1f">
         <name>.text:vQueueWaitForMessageRestricted</name>
         <load_address>0x14c24</load_address>
         <run_address>0x14c24</run_address>
         <size>0x80</size>
         <input_file_ref idref="fl-9"/>
      </object_component>
      <object_component id="oc-73f">
         <name>.text:pszTraceGetErrorNotEnoughHandles</name>
         <load_address>0x14ca4</load_address>
         <run_address>0x14ca4</run_address>
         <size>0x7c</size>
         <input_file_ref idref="fl-10"/>
      </object_component>
      <object_component id="oc-6d">
         <name>.text:decompress:lzss:__TI_decompress_lzss</name>
         <load_address>0x14d20</load_address>
         <run_address>0x14d20</run_address>
         <size>0x76</size>
         <input_file_ref idref="fl-5e"/>
      </object_component>
      <object_component id="oc-5ee">
         <name>.text:prvStrncpy</name>
         <load_address>0x14d96</load_address>
         <run_address>0x14d96</run_address>
         <size>0x74</size>
         <input_file_ref idref="fl-11"/>
      </object_component>
      <object_component id="oc-694">
         <name>.text:uiIndexOfObject</name>
         <load_address>0x14e0a</load_address>
         <run_address>0x14e0a</run_address>
         <size>0x6e</size>
         <input_file_ref idref="fl-11"/>
      </object_component>
      <object_component id="oc-570">
         <name>.text:prvADCTaskFunction</name>
         <load_address>0x14e78</load_address>
         <run_address>0x14e78</run_address>
         <size>0x6a</size>
         <input_file_ref idref="fl-2"/>
      </object_component>
      <object_component id="oc-88c">
         <name>.text:prvAddTaskToStackMonitor</name>
         <load_address>0x14ee2</load_address>
         <run_address>0x14ee2</run_address>
         <size>0x64</size>
         <input_file_ref idref="fl-11"/>
      </object_component>
      <object_component id="oc-4d4">
         <name>.text:uxListRemove</name>
         <load_address>0x14f46</load_address>
         <run_address>0x14f46</run_address>
         <size>0x64</size>
         <input_file_ref idref="fl-8"/>
      </object_component>
      <object_component id="oc-4e3">
         <name>.text:vListInsertEnd</name>
         <load_address>0x14faa</load_address>
         <run_address>0x14faa</run_address>
         <size>0x62</size>
         <input_file_ref idref="fl-8"/>
      </object_component>
      <object_component id="oc-992">
         <name>.text:prvTraceGetChecksum</name>
         <load_address>0x1500c</load_address>
         <run_address>0x1500c</run_address>
         <size>0x5e</size>
         <input_file_ref idref="fl-11"/>
      </object_component>
      <object_component id="oc-8d6">
         <name>.text:prvCheckForValidListAndQueue</name>
         <load_address>0x1506a</load_address>
         <run_address>0x1506a</run_address>
         <size>0x58</size>
         <input_file_ref idref="fl-b"/>
      </object_component>
      <object_component id="oc-880">
         <name>.text:prvInitialiseTaskLists</name>
         <load_address>0x150c2</load_address>
         <run_address>0x150c2</run_address>
         <size>0x58</size>
         <input_file_ref idref="fl-a"/>
      </object_component>
      <object_component id="oc-616">
         <name>.text</name>
         <load_address>0x1511a</load_address>
         <run_address>0x1511a</run_address>
         <size>0x58</size>
         <input_file_ref idref="fl-39"/>
      </object_component>
      <object_component id="oc-5c3">
         <name>.text:__TI_auto_init_nobinit_nopinit_hold_wdt:__TI_auto_init_nobinit_nopinit_hold_wdt</name>
         <load_address>0x15172</load_address>
         <run_address>0x15172</run_address>
         <size>0x54</size>
         <input_file_ref idref="fl-57"/>
      </object_component>
      <object_component id="oc-4a5">
         <name>.text:prvTraceError</name>
         <load_address>0x151c6</load_address>
         <run_address>0x151c6</run_address>
         <size>0x54</size>
         <input_file_ref idref="fl-11"/>
      </object_component>
      <object_component id="oc-a6b">
         <name>.text:prvTraceFreeObjectHandle</name>
         <load_address>0x1521a</load_address>
         <run_address>0x1521a</run_address>
         <size>0x52</size>
         <input_file_ref idref="fl-11"/>
      </object_component>
      <object_component id="oc-97d">
         <name>.text:vListInitialise</name>
         <load_address>0x1526c</load_address>
         <run_address>0x1526c</run_address>
         <size>0x50</size>
         <input_file_ref idref="fl-8"/>
      </object_component>
      <object_component id="oc-757">
         <name>.text:xTimerCreateTimerTask</name>
         <load_address>0x152bc</load_address>
         <run_address>0x152bc</run_address>
         <size>0x50</size>
         <input_file_ref idref="fl-b"/>
      </object_component>
      <object_component id="oc-7e8">
         <name>.text:UCS_initFLLSettle</name>
         <load_address>0x1530c</load_address>
         <run_address>0x1530c</run_address>
         <size>0x4e</size>
         <input_file_ref idref="fl-15"/>
      </object_component>
      <object_component id="oc-4bd">
         <name>.text:prvTraceUpdateCounters</name>
         <load_address>0x1535a</load_address>
         <run_address>0x1535a</run_address>
         <size>0x4e</size>
         <input_file_ref idref="fl-11"/>
      </object_component>
      <object_component id="oc-826">
         <name>.text:prvCopyDataFromQueue</name>
         <load_address>0x153a8</load_address>
         <run_address>0x153a8</run_address>
         <size>0x4a</size>
         <input_file_ref idref="fl-9"/>
      </object_component>
      <object_component id="oc-a72">
         <name>.text:prvTaskCheckFreeStackSpace</name>
         <load_address>0x153f2</load_address>
         <run_address>0x153f2</run_address>
         <size>0x48</size>
         <input_file_ref idref="fl-a"/>
      </object_component>
      <object_component id="oc-746">
         <name>.text:xTraceISRRegister</name>
         <load_address>0x1543a</load_address>
         <run_address>0x1543a</run_address>
         <size>0x48</size>
         <input_file_ref idref="fl-11"/>
      </object_component>
      <object_component id="oc-9c1">
         <name>.text:prvGetNextExpireTime</name>
         <load_address>0x15482</load_address>
         <run_address>0x15482</run_address>
         <size>0x42</size>
         <input_file_ref idref="fl-b"/>
      </object_component>
      <object_component id="oc-857">
         <name>.text:prvIsQueueFull</name>
         <load_address>0x154c4</load_address>
         <run_address>0x154c4</run_address>
         <size>0x42</size>
         <input_file_ref idref="fl-9"/>
      </object_component>
      <object_component id="oc-4b7">
         <name>.text:prvTraceNextFreeEventBufferSlot</name>
         <load_address>0x15506</load_address>
         <run_address>0x15506</run_address>
         <size>0x42</size>
         <input_file_ref idref="fl-11"/>
      </object_component>
      <object_component id="oc-83e">
         <name>.text:prvIsQueueEmpty</name>
         <load_address>0x15548</load_address>
         <run_address>0x15548</run_address>
         <size>0x40</size>
         <input_file_ref idref="fl-9"/>
      </object_component>
      <object_component id="oc-61b">
         <name>.text:l_lsr_const</name>
         <load_address>0x15588</load_address>
         <run_address>0x15588</run_address>
         <size>0x3e</size>
         <input_file_ref idref="fl-4e"/>
      </object_component>
      <object_component id="oc-656">
         <name>.text:prvResetNextTaskUnblockTime</name>
         <load_address>0x155c6</load_address>
         <run_address>0x155c6</run_address>
         <size>0x3e</size>
         <input_file_ref idref="fl-a"/>
      </object_component>
      <object_component id="oc-a17">
         <name>.text:prvSampleTimeNow</name>
         <load_address>0x15604</load_address>
         <run_address>0x15604</run_address>
         <size>0x3e</size>
         <input_file_ref idref="fl-b"/>
      </object_component>
      <object_component id="oc-7db">
         <name>.text:prvTraceSetPriorityProperty</name>
         <load_address>0x15642</load_address>
         <run_address>0x15642</run_address>
         <size>0x3e</size>
         <input_file_ref idref="fl-11"/>
      </object_component>
      <object_component id="oc-51c">
         <name>.text:prvTraceSetObjectState</name>
         <load_address>0x15680</load_address>
         <run_address>0x15680</run_address>
         <size>0x3c</size>
         <input_file_ref idref="fl-11"/>
      </object_component>
      <object_component id="oc-844">
         <name>.text:vTaskPlaceOnEventList</name>
         <load_address>0x156bc</load_address>
         <run_address>0x156bc</run_address>
         <size>0x3a</size>
         <input_file_ref idref="fl-a"/>
      </object_component>
      <object_component id="oc-7cf">
         <name>.text:prvTraceGetPriorityProperty</name>
         <load_address>0x156f6</load_address>
         <run_address>0x156f6</run_address>
         <size>0x34</size>
         <input_file_ref idref="fl-11"/>
      </object_component>
      <object_component id="oc-6b8">
         <name>.text:xTraceKernelPortEnable</name>
         <load_address>0x1572a</load_address>
         <run_address>0x1572a</run_address>
         <size>0x34</size>
         <input_file_ref idref="fl-10"/>
      </object_component>
      <object_component id="oc-7bd">
         <name>.text:prvTraceGetObjectState</name>
         <load_address>0x1575e</load_address>
         <run_address>0x1575e</run_address>
         <size>0x32</size>
         <input_file_ref idref="fl-11"/>
      </object_component>
      <object_component id="oc-a3f">
         <name>.text:uxTaskGetStackHighWaterMark</name>
         <load_address>0x15790</load_address>
         <run_address>0x15790</run_address>
         <size>0x32</size>
         <input_file_ref idref="fl-a"/>
      </object_component>
      <object_component id="oc-62f">
         <name>.text:uxTaskGetTaskNumber</name>
         <load_address>0x157c2</load_address>
         <run_address>0x157c2</run_address>
         <size>0x32</size>
         <input_file_ref idref="fl-a"/>
      </object_component>
      <object_component id="oc-676">
         <name>.text:vApplicationSetupTimerInterrupt</name>
         <load_address>0x157f4</load_address>
         <run_address>0x157f4</run_address>
         <size>0x30</size>
         <input_file_ref idref="fl-3"/>
      </object_component>
      <object_component id="oc-9fb">
         <name>.text:strncmp</name>
         <load_address>0x15824</load_address>
         <run_address>0x15824</run_address>
         <size>0x2e</size>
         <input_file_ref idref="fl-67"/>
      </object_component>
      <object_component id="oc-716">
         <name>.text</name>
         <load_address>0x15852</load_address>
         <run_address>0x15852</run_address>
         <size>0x2c</size>
         <input_file_ref idref="fl-36"/>
      </object_component>
      <object_component id="oc-98a">
         <name>.text:vTaskSetTaskNumber</name>
         <load_address>0x1587e</load_address>
         <run_address>0x1587e</run_address>
         <size>0x2c</size>
         <input_file_ref idref="fl-a"/>
      </object_component>
      <object_component id="oc-721">
         <name>.text:xTaskGetTickCount</name>
         <load_address>0x158aa</load_address>
         <run_address>0x158aa</run_address>
         <size>0x2c</size>
         <input_file_ref idref="fl-a"/>
      </object_component>
      <object_component id="oc-8c5">
         <name>.text:prvMarkObjectAsUsed</name>
         <load_address>0x158d6</load_address>
         <run_address>0x158d6</run_address>
         <size>0x2a</size>
         <input_file_ref idref="fl-11"/>
      </object_component>
      <object_component id="oc-749">
         <name>.text:xTraceStringRegister</name>
         <load_address>0x15900</load_address>
         <run_address>0x15900</run_address>
         <size>0x2a</size>
         <input_file_ref idref="fl-11"/>
      </object_component>
      <object_component id="oc-81f">
         <name>.text:prvTraceSetTaskInstanceFinished</name>
         <load_address>0x1592a</load_address>
         <run_address>0x1592a</run_address>
         <size>0x28</size>
         <input_file_ref idref="fl-11"/>
      </object_component>
      <object_component id="oc-94a">
         <name>.text:xTraceIsRecorderEnabled</name>
         <load_address>0x15952</load_address>
         <run_address>0x15952</run_address>
         <size>0x28</size>
         <input_file_ref idref="fl-11"/>
      </object_component>
      <object_component id="oc-8e2">
         <name>.text:prvTimerTask</name>
         <load_address>0x1597a</load_address>
         <run_address>0x1597a</run_address>
         <size>0x26</size>
         <input_file_ref idref="fl-b"/>
      </object_component>
      <object_component id="oc-569">
         <name>.text:prvxTaskTimerFunction</name>
         <load_address>0x159a0</load_address>
         <run_address>0x159a0</run_address>
         <size>0x26</size>
         <input_file_ref idref="fl-2"/>
      </object_component>
      <object_component id="oc-6e4">
         <name>.text:vPortFree</name>
         <load_address>0x159c6</load_address>
         <run_address>0x159c6</run_address>
         <size>0x26</size>
         <input_file_ref idref="fl-e"/>
      </object_component>
      <object_component id="oc-591">
         <name>.text:xTraceRegisterString</name>
         <load_address>0x159ec</load_address>
         <run_address>0x159ec</run_address>
         <size>0x26</size>
         <input_file_ref idref="fl-11"/>
      </object_component>
      <object_component id="oc-58b">
         <name>.text:xTraceSetISRProperties</name>
         <load_address>0x15a12</load_address>
         <run_address>0x15a12</run_address>
         <size>0x26</size>
         <input_file_ref idref="fl-11"/>
      </object_component>
      <object_component id="oc-80f">
         <name>.text:TzCtrl</name>
         <load_address>0x15a38</load_address>
         <run_address>0x15a38</run_address>
         <size>0x24</size>
         <input_file_ref idref="fl-10"/>
      </object_component>
      <object_component id="oc-3aa">
         <name>.text:decompress:ZI:__TI_zero_init</name>
         <load_address>0x15a5c</load_address>
         <run_address>0x15a5c</run_address>
         <size>0x24</size>
         <input_file_ref idref="fl-58"/>
      </object_component>
      <object_component id="oc-8b9">
         <name>.text:prvTraceSetQueueNumberLow16</name>
         <load_address>0x15a80</load_address>
         <run_address>0x15a80</run_address>
         <size>0x24</size>
         <input_file_ref idref="fl-10"/>
      </object_component>
      <object_component id="oc-886">
         <name>.text:prvTraceSetTaskNumberLow16</name>
         <load_address>0x15aa4</load_address>
         <run_address>0x15aa4</run_address>
         <size>0x24</size>
         <input_file_ref idref="fl-10"/>
      </object_component>
      <object_component id="oc-79b">
         <name>.text</name>
         <load_address>0x15ac8</load_address>
         <run_address>0x15ac8</run_address>
         <size>0x24</size>
         <input_file_ref idref="fl-53"/>
      </object_component>
      <object_component id="oc-67d">
         <name>.text:xTaskGetSchedulerState</name>
         <load_address>0x15aec</load_address>
         <run_address>0x15aec</run_address>
         <size>0x24</size>
         <input_file_ref idref="fl-a"/>
      </object_component>
      <object_component id="oc-9e9">
         <name>.text:xTraceKernelPortGetUnusedStack</name>
         <load_address>0x15b10</load_address>
         <run_address>0x15b10</run_address>
         <size>0x24</size>
         <input_file_ref idref="fl-10"/>
      </object_component>
      <object_component id="oc-8bf">
         <name>.text:prvTraceSetQueueNumberHigh16</name>
         <load_address>0x15b34</load_address>
         <run_address>0x15b34</run_address>
         <size>0x22</size>
         <input_file_ref idref="fl-10"/>
      </object_component>
      <object_component id="oc-57e">
         <name>.text:vTraceSetQueueName</name>
         <load_address>0x15b56</load_address>
         <run_address>0x15b56</run_address>
         <size>0x22</size>
         <input_file_ref idref="fl-10"/>
      </object_component>
      <object_component id="oc-791">
         <name>.text:prvTraceStop</name>
         <load_address>0x15b78</load_address>
         <run_address>0x15b78</run_address>
         <size>0x20</size>
         <input_file_ref idref="fl-11"/>
      </object_component>
      <object_component id="oc-82c">
         <name>.text:vTaskInternalSetTimeOutState</name>
         <load_address>0x15b98</load_address>
         <run_address>0x15b98</run_address>
         <size>0x1e</size>
         <input_file_ref idref="fl-a"/>
      </object_component>
      <object_component id="oc-543">
         <name>.text:vTraceSetFrequency</name>
         <load_address>0x15bb6</load_address>
         <run_address>0x15bb6</run_address>
         <size>0x1c</size>
         <input_file_ref idref="fl-11"/>
      </object_component>
      <object_component id="oc-750">
         <name>.text:prvIdleTask</name>
         <load_address>0x15bd2</load_address>
         <run_address>0x15bd2</run_address>
         <size>0x1a</size>
         <input_file_ref idref="fl-a"/>
      </object_component>
      <object_component id="oc-71b">
         <name>.text</name>
         <load_address>0x15bec</load_address>
         <run_address>0x15bec</run_address>
         <size>0x18</size>
         <input_file_ref idref="fl-50"/>
      </object_component>
      <object_component id="oc-9a8">
         <name>.text:vQueueSetQueueNumber</name>
         <load_address>0x15c04</load_address>
         <run_address>0x15c04</run_address>
         <size>0x18</size>
         <input_file_ref idref="fl-9"/>
      </object_component>
      <object_component id="oc-7a3">
         <name>.text:memset</name>
         <load_address>0x15c1c</load_address>
         <run_address>0x15c1c</run_address>
         <size>0x16</size>
         <input_file_ref idref="fl-64"/>
      </object_component>
      <object_component id="oc-8a4">
         <name>.text</name>
         <load_address>0x15c32</load_address>
         <run_address>0x15c32</run_address>
         <size>0x16</size>
         <input_file_ref idref="fl-37"/>
      </object_component>
      <object_component id="oc-663">
         <name>.text:vApplicationStackOverflowHook</name>
         <load_address>0x15c48</load_address>
         <run_address>0x15c48</run_address>
         <size>0x16</size>
         <input_file_ref idref="fl-3"/>
      </object_component>
      <object_component id="oc-7b6">
         <name>.text:xTaskGetCurrentTaskHandle</name>
         <load_address>0x15c5e</load_address>
         <run_address>0x15c5e</run_address>
         <size>0x16</size>
         <input_file_ref idref="fl-a"/>
      </object_component>
      <object_component id="oc-37a">
         <name>.text:memcpy</name>
         <load_address>0x15c74</load_address>
         <run_address>0x15c74</run_address>
         <size>0x14</size>
         <input_file_ref idref="fl-63"/>
      </object_component>
      <object_component id="oc-684">
         <name>.text:prvTraceGetQueueNumber</name>
         <load_address>0x15c88</load_address>
         <run_address>0x15c88</run_address>
         <size>0x14</size>
         <input_file_ref idref="fl-10"/>
      </object_component>
      <object_component id="oc-a2c">
         <name>.text:prvTraceGetTimerNumberHigh16</name>
         <load_address>0x15c9c</load_address>
         <run_address>0x15c9c</run_address>
         <size>0x14</size>
         <input_file_ref idref="fl-10"/>
      </object_component>
      <object_component id="oc-873">
         <name>.text:vListInitialiseItem</name>
         <load_address>0x15cb0</load_address>
         <run_address>0x15cb0</run_address>
         <size>0x14</size>
         <input_file_ref idref="fl-8"/>
      </object_component>
      <object_component id="oc-506">
         <name>.text:xTraceKernelPortIsSchedulerSuspended</name>
         <load_address>0x15cc4</load_address>
         <run_address>0x15cc4</run_address>
         <size>0x14</size>
         <input_file_ref idref="fl-10"/>
      </object_component>
      <object_component id="oc-73">
         <name>.text:decompress:none:__TI_decompress_none</name>
         <load_address>0x15cd8</load_address>
         <run_address>0x15cd8</run_address>
         <size>0x12</size>
         <input_file_ref idref="fl-5d"/>
      </object_component>
      <object_component id="oc-50d">
         <name>.text:prvTraceGetQueueNumberLow16</name>
         <load_address>0x15cea</load_address>
         <run_address>0x15cea</run_address>
         <size>0x12</size>
         <input_file_ref idref="fl-10"/>
      </object_component>
      <object_component id="oc-513">
         <name>.text:prvTraceGetQueueType</name>
         <load_address>0x15cfc</load_address>
         <run_address>0x15cfc</run_address>
         <size>0x12</size>
         <input_file_ref idref="fl-10"/>
      </object_component>
      <object_component id="oc-4c4">
         <name>.text:prvTraceGetTaskNumberLow16</name>
         <load_address>0x15d0e</load_address>
         <run_address>0x15d0e</run_address>
         <size>0x12</size>
         <input_file_ref idref="fl-10"/>
      </object_component>
      <object_component id="oc-a32">
         <name>.text:prvTraceGetTimerNumberLow16</name>
         <load_address>0x15d20</load_address>
         <run_address>0x15d20</run_address>
         <size>0x12</size>
         <input_file_ref idref="fl-10"/>
      </object_component>
      <object_component id="oc-68b">
         <name>.text:ucQueueGetQueueType</name>
         <load_address>0x15d32</load_address>
         <run_address>0x15d32</run_address>
         <size>0x12</size>
         <input_file_ref idref="fl-9"/>
      </object_component>
      <object_component id="oc-7c6">
         <name>.text:uxQueueGetQueueNumber</name>
         <load_address>0x15d44</load_address>
         <run_address>0x15d44</run_address>
         <size>0x12</size>
         <input_file_ref idref="fl-9"/>
      </object_component>
      <object_component id="oc-a57">
         <name>.text:uxTimerGetTimerNumber</name>
         <load_address>0x15d56</load_address>
         <run_address>0x15d56</run_address>
         <size>0x12</size>
         <input_file_ref idref="fl-b"/>
      </object_component>
      <object_component id="oc-7f9">
         <name>.text:xTraceKernelPortInitialize</name>
         <load_address>0x15d68</load_address>
         <run_address>0x15d68</run_address>
         <size>0x12</size>
         <input_file_ref idref="fl-10"/>
      </object_component>
      <object_component id="oc-620">
         <name>.text:l_lsr</name>
         <load_address>0x15d7a</load_address>
         <run_address>0x15d7a</run_address>
         <size>0x10</size>
         <input_file_ref idref="fl-4e"/>
      </object_component>
      <object_component id="oc-6be">
         <name>.text:prvTraceInitTimestamps</name>
         <load_address>0x15d8a</load_address>
         <run_address>0x15d8a</run_address>
         <size>0xa</size>
         <input_file_ref idref="fl-11"/>
      </object_component>
      <object_component id="oc-86a">
         <name>.text:vApplicationMallocFailedHook</name>
         <load_address>0x15d94</load_address>
         <run_address>0x15d94</run_address>
         <size>0xa</size>
         <input_file_ref idref="fl-3"/>
      </object_component>
      <object_component id="oc-5e7">
         <name>.text:xTraceDisable</name>
         <load_address>0x15d9e</load_address>
         <run_address>0x15d9e</run_address>
         <size>0xa</size>
         <input_file_ref idref="fl-11"/>
      </object_component>
      <object_component id="oc-59f">
         <name>.text:abort</name>
         <load_address>0x15da8</load_address>
         <run_address>0x15da8</run_address>
         <size>0x6</size>
         <input_file_ref idref="fl-60"/>
      </object_component>
      <object_component id="oc-669">
         <name>.text:prvTraceGetCurrentTaskHandle</name>
         <load_address>0x15dae</load_address>
         <run_address>0x15dae</run_address>
         <size>0x6</size>
         <input_file_ref idref="fl-10"/>
      </object_component>
      <object_component id="oc-4ff">
         <name>.text:vPortSetupTimerInterrupt</name>
         <load_address>0x15db4</load_address>
         <run_address>0x15db4</run_address>
         <size>0x6</size>
         <input_file_ref idref="fl-c"/>
      </object_component>
      <object_component id="oc-96a">
         <name>.text:vTaskMissedYield</name>
         <load_address>0x15dba</load_address>
         <run_address>0x15dba</run_address>
         <size>0x6</size>
         <input_file_ref idref="fl-a"/>
      </object_component>
      <object_component id="oc-832">
         <name>.text:vTaskSuspendAll</name>
         <load_address>0x15dc0</load_address>
         <run_address>0x15dc0</run_address>
         <size>0x6</size>
         <input_file_ref idref="fl-a"/>
      </object_component>
      <object_component id="oc-42c">
         <name>.text:_system_pre_init</name>
         <load_address>0x15dc6</load_address>
         <run_address>0x15dc6</run_address>
         <size>0x4</size>
         <input_file_ref idref="fl-5b"/>
      </object_component>
      <object_component id="oc-770">
         <name>.text:_system_post_cinit</name>
         <load_address>0x15dca</load_address>
         <run_address>0x15dca</run_address>
         <size>0x2</size>
         <input_file_ref idref="fl-5c"/>
      </object_component>
      <object_component id="oc-8cf">
         <name>.text:prvCheckTasksWaitingTermination</name>
         <load_address>0x15dcc</load_address>
         <run_address>0x15dcc</run_address>
         <size>0x2</size>
         <input_file_ref idref="fl-a"/>
      </object_component>
      <object_component id="oc-65c">
         <name>.text:vApplicationTickHook</name>
         <load_address>0x15dce</load_address>
         <run_address>0x15dce</run_address>
         <size>0x2</size>
         <input_file_ref idref="fl-3"/>
      </object_component>
      <object_component id="oc-39e">
         <name>.text:_isr:vADC12ISR</name>
         <load_address>0x4400</load_address>
         <run_address>0x4400</run_address>
         <size>0xaa</size>
         <input_file_ref idref="fl-2"/>
      </object_component>
      <object_component id="oc-392">
         <name>.text:_isr:vPORT1ISR</name>
         <load_address>0x44aa</load_address>
         <run_address>0x44aa</run_address>
         <size>0x36</size>
         <input_file_ref idref="fl-2"/>
      </object_component>
      <object_component id="oc-38c">
         <name>.text:_isr:vPORT2ISR</name>
         <load_address>0x44e0</load_address>
         <run_address>0x44e0</run_address>
         <size>0x34</size>
         <input_file_ref idref="fl-2"/>
      </object_component>
      <object_component id="oc-3b6">
         <name>.text:_isr:_c_int00_noargs</name>
         <load_address>0x4514</load_address>
         <run_address>0x4514</run_address>
         <size>0x1c</size>
         <input_file_ref idref="fl-56"/>
      </object_component>
      <object_component id="oc-398">
         <name>.text:_isr:vTickISREntry</name>
         <load_address>0x4530</load_address>
         <run_address>0x4530</run_address>
         <size>0x10</size>
         <input_file_ref idref="fl-c"/>
      </object_component>
      <object_component id="oc-387">
         <name>.text:_isr:__TI_ISR_TRAP</name>
         <load_address>0x4540</load_address>
         <run_address>0x4540</run_address>
         <size>0x8</size>
         <input_file_ref idref="fl-4c"/>
      </object_component>
      <object_component id="oc-af4">
         <name>.cinit..data.load</name>
         <load_address>0x4cee</load_address>
         <run_address>0x4cee</run_address>
         <size>0x15</size>
      </object_component>
      <object_component id="oc-af1">
         <name>__TI_handler_table</name>
         <load_address>0x4d04</load_address>
         <run_address>0x4d04</run_address>
         <size>0xc</size>
      </object_component>
      <object_component id="oc-af3">
         <name>.cinit..bss.load</name>
         <load_address>0x4d10</load_address>
         <run_address>0x4d10</run_address>
         <size>0x6</size>
      </object_component>
      <object_component id="oc-af2">
         <name>__TI_cinit_table</name>
         <load_address>0x4d16</load_address>
         <run_address>0x4d16</run_address>
         <size>0x10</size>
      </object_component>
      <object_component id="oc-4a4">
         <name>.const:.string</name>
         <load_address>0x4548</load_address>
         <run_address>0x4548</run_address>
         <size>0x40e</size>
         <input_file_ref idref="fl-11"/>
      </object_component>
      <object_component id="oc-815">
         <name>.const:.string</name>
         <load_address>0x4956</load_address>
         <run_address>0x4956</run_address>
         <size>0x2fa</size>
         <input_file_ref idref="fl-10"/>
      </object_component>
      <object_component id="oc-556">
         <name>.const:.string</name>
         <load_address>0x4c50</load_address>
         <run_address>0x4c50</run_address>
         <size>0x74</size>
         <input_file_ref idref="fl-2"/>
      </object_component>
      <object_component id="oc-70d">
         <name>.const:.string:$P$T1$2</name>
         <load_address>0x4cc4</load_address>
         <run_address>0x4cc4</run_address>
         <size>0xa</size>
         <input_file_ref idref="fl-2"/>
      </object_component>
      <object_component id="oc-710">
         <name>.const:.string:$P$T2$3</name>
         <load_address>0x4cce</load_address>
         <run_address>0x4cce</run_address>
         <size>0xa</size>
         <input_file_ref idref="fl-2"/>
      </object_component>
      <object_component id="oc-8e8">
         <name>.const:.string</name>
         <load_address>0x4cd8</load_address>
         <run_address>0x4cd8</run_address>
         <size>0x8</size>
         <input_file_ref idref="fl-b"/>
      </object_component>
      <object_component id="oc-756">
         <name>.const:.string</name>
         <load_address>0x4ce0</load_address>
         <run_address>0x4ce0</run_address>
         <size>0x6</size>
         <input_file_ref idref="fl-a"/>
      </object_component>
      <object_component id="oc-70a">
         <name>.const:.string:$P$T0$1</name>
         <load_address>0x4ce6</load_address>
         <run_address>0x4ce6</run_address>
         <size>0x4</size>
         <input_file_ref idref="fl-2"/>
      </object_component>
      <object_component id="oc-713">
         <name>.const:.string:$P$T3$4</name>
         <load_address>0x4cea</load_address>
         <run_address>0x4cea</run_address>
         <size>0x3</size>
         <input_file_ref idref="fl-2"/>
      </object_component>
      <object_component id="oc-a83">
         <name>.binit</name>
         <load_address>0x4400</load_address>
         <run_address>0x4400</run_address>
         <size>0x0</size>
      </object_component>
      <object_component id="oc-79">
         <name>.int41</name>
         <load_address>0xffd2</load_address>
         <run_address>0xffd2</run_address>
         <size>0x2</size>
         <input_file_ref idref="fl-3a"/>
      </object_component>
      <object_component id="oc-7a">
         <name>.int42</name>
         <load_address>0xffd4</load_address>
         <run_address>0xffd4</run_address>
         <size>0x2</size>
         <input_file_ref idref="fl-2"/>
      </object_component>
      <object_component id="oc-7b">
         <name>.int43</name>
         <load_address>0xffd6</load_address>
         <run_address>0xffd6</run_address>
         <size>0x2</size>
         <input_file_ref idref="fl-3b"/>
      </object_component>
      <object_component id="oc-7c">
         <name>.int44</name>
         <load_address>0xffd8</load_address>
         <run_address>0xffd8</run_address>
         <size>0x2</size>
         <input_file_ref idref="fl-3c"/>
      </object_component>
      <object_component id="oc-7d">
         <name>.int45</name>
         <load_address>0xffda</load_address>
         <run_address>0xffda</run_address>
         <size>0x2</size>
         <input_file_ref idref="fl-3d"/>
      </object_component>
      <object_component id="oc-7e">
         <name>.int46</name>
         <load_address>0xffdc</load_address>
         <run_address>0xffdc</run_address>
         <size>0x2</size>
         <input_file_ref idref="fl-3e"/>
      </object_component>
      <object_component id="oc-7f">
         <name>.int47</name>
         <load_address>0xffde</load_address>
         <run_address>0xffde</run_address>
         <size>0x2</size>
[...]
      </symbol>
      <symbol id="sm-9f8">
         <name>prvTraceGetTaskNumberLow16</name>
         <value>0x15d0e</value>
         <object_component_ref idref="oc-4c4"/>
      </symbol>
      <symbol id="sm-9f9">
         <name>prvTraceGetTimerNumberHigh16</name>
         <value>0x15c9c</value>
         <object_component_ref idref="oc-a2c"/>
      </symbol>
      <symbol id="sm-9fa">
         <name>prvTraceSetQueueNumberHigh16</name>
         <value>0x15b34</value>
         <object_component_ref idref="oc-8bf"/>
      </symbol>
      <symbol id="sm-9fb">
         <name>xTraceKernelPortInitialize</name>
         <value>0x15d68</value>
         <object_component_ref idref="oc-7f9"/>
      </symbol>
      <symbol id="sm-9fc">
         <name>prvTraceGetTimerNumberLow16</name>
         <value>0x15d20</value>
         <object_component_ref idref="oc-a32"/>
      </symbol>
      <symbol id="sm-9fd">
         <name>pszTraceGetErrorNotEnoughHandles</name>
         <value>0x14ca4</value>
         <object_component_ref idref="oc-73f"/>
      </symbol>
      <symbol id="sm-9fe">
         <name>uiInEventGroupSetBitsFromISR</name>
         <value>0x42a6</value>
         <object_component_ref idref="oc-80c"/>
      </symbol>
      <symbol id="sm-9ff">
         <name>xTraceKernelPortGetUnusedStack</name>
         <value>0x15b10</value>
         <object_component_ref idref="oc-9e9"/>
      </symbol>
      <symbol id="sm-a00">
         <name>xTraceKernelPortEnable</name>
         <value>0x1572a</value>
         <object_component_ref idref="oc-6b8"/>
      </symbol>
      <symbol id="sm-a01">
         <name>prvTraceSetTaskNumberLow16</name>
         <value>0x15aa4</value>
         <object_component_ref idref="oc-886"/>
      </symbol>
      <symbol id="sm-c31">
         <name>xKernelPortDataBuffer</name>
         <value>0x4220</value>
      </symbol>
      <symbol id="sm-c32">
         <name>init_hwtc_count</name>
         <value>0x420c</value>
      </symbol>
      <symbol id="sm-c33">
         <name>CurrentFilterMask</name>
         <value>0x4236</value>
      </symbol>
      <symbol id="sm-c34">
         <name>CurrentFilterGroup</name>
         <value>0x4234</value>
      </symbol>
      <symbol id="sm-c35">
         <name>objectHandleStacks</name>
         <value>0x40ec</value>
      </symbol>
      <symbol id="sm-c36">
         <name>traceErrorMessage</name>
         <value>0x4210</value>
      </symbol>
      <symbol id="sm-c37">
         <name>tasksInStackMonitor</name>
         <value>0x4154</value>
      </symbol>
      <symbol id="sm-c38">
         <name>tasksNotIncluded</name>
         <value>0x423a</value>
      </symbol>
      <symbol id="sm-c39">
         <name>RecorderData</name>
         <value>0x3800</value>
      </symbol>
      <symbol id="sm-c3a">
         <name>RecorderDataPtr</name>
         <value>0x4208</value>
      </symbol>
      <symbol id="sm-c3b">
         <name>xTraceEnable</name>
         <value>0x14a9e</value>
         <object_component_ref idref="oc-549"/>
      </symbol>
      <symbol id="sm-c3c">
         <name>prvReportStackUsage</name>
         <value>0x139a2</value>
         <object_component_ref idref="oc-950"/>
      </symbol>
      <symbol id="sm-c3d">
         <name>xTraceStringRegister</name>
         <value>0x15900</value>
         <object_component_ref idref="oc-749"/>
      </symbol>
      <symbol id="sm-c3e">
         <name>prvTraceSetObjectState</name>
         <value>0x15680</value>
         <object_component_ref idref="oc-51c"/>
      </symbol>
      <symbol id="sm-c3f">
         <name>prvTraceSetObjectName</name>
         <value>0x1458a</value>
         <object_component_ref idref="oc-736"/>
      </symbol>
      <symbol id="sm-c40">
         <name>prvTraceError</name>
         <value>0x151c6</value>
         <object_component_ref idref="oc-4a5"/>
      </symbol>
      <symbol id="sm-c41">
         <name>xTraceSetISRProperties</name>
         <value>0x15a12</value>
         <object_component_ref idref="oc-58b"/>
      </symbol>
      <symbol id="sm-c42">
         <name>xTraceDisable</name>
         <value>0x15d9e</value>
         <object_component_ref idref="oc-5e7"/>
      </symbol>
      <symbol id="sm-c43">
         <name>xTraceIsRecorderEnabled</name>
         <value>0x15952</value>
         <object_component_ref idref="oc-94a"/>
      </symbol>
      <symbol id="sm-c44">
         <name>uiTraceTickCount</name>
         <value>0x4246</value>
         <object_component_ref idref="oc-495"/>
      </symbol>
      <symbol id="sm-c45">
         <name>RecorderInitialized</name>
         <value>0x4262</value>
         <object_component_ref idref="oc-495"/>
      </symbol>
      <symbol id="sm-c46">
         <name>prvTraceStoreObjectPropertiesOnCloseEvent</name>
         <value>0x13d32</value>
         <object_component_ref idref="oc-a65"/>
      </symbol>
      <symbol id="sm-c47">
         <name>prvTraceGetPriorityProperty</name>
         <value>0x156f6</value>
         <object_component_ref idref="oc-7cf"/>
      </symbol>
      <symbol id="sm-c48">
         <name>prvTraceSetPriorityProperty</name>
         <value>0x15642</value>
         <object_component_ref idref="oc-7db"/>
      </symbol>
      <symbol id="sm-c49">
         <name>prvTraceStoreKernelCall</name>
         <value>0x13c84</value>
         <object_component_ref idref="oc-4cb"/>
      </symbol>
      <symbol id="sm-c4a">
         <name>xTraceInitialize</name>
         <value>0x107b8</value>
         <object_component_ref idref="oc-6b2"/>
      </symbol>
      <symbol id="sm-c4b">
         <name>uiTraceSystemState</name>
         <value>0x4252</value>
         <object_component_ref idref="oc-495"/>
      </symbol>
      <symbol id="sm-c4c">
         <name>xTraceISREnd</name>
         <value>0x12a26</value>
         <object_component_ref idref="oc-407"/>
      </symbol>
      <symbol id="sm-c4d">
         <name>prvAddTaskToStackMonitor</name>
         <value>0x14ee2</value>
         <object_component_ref idref="oc-88c"/>
      </symbol>
      <symbol id="sm-c4e">
         <name>vTraceStoreMemMangEvent</name>
         <value>0x120ac</value>
         <object_component_ref idref="oc-864"/>
      </symbol>
      <symbol id="sm-c4f">
         <name>prvTracePortGetTimeStamp</name>
         <value>0x12e68</value>
         <object_component_ref idref="oc-614"/>
      </symbol>
      <symbol id="sm-c50">
         <name>prvTraceStoreTaskswitch</name>
         <value>0x1407e</value>
         <object_component_ref idref="oc-66f"/>
      </symbol>
      <symbol id="sm-c51">
         <name>nISRactive</name>
         <value>0x425c</value>
         <object_component_ref idref="oc-495"/>
      </symbol>
      <symbol id="sm-c52">
         <name>prvMarkObjectAsUsed</name>
         <value>0x158d6</value>
         <object_component_ref idref="oc-8c5"/>
      </symbol>
      <symbol id="sm-c53">
         <name>prvTraceStoreObjectNameOnCloseEvent</name>
         <value>0x14b22</value>
         <object_component_ref idref="oc-a5f"/>
      </symbol>
      <symbol id="sm-c54">
         <name>prvTraceStoreKernelCallWithNumericParamOnly</name>
         <value>0x13a60</value>
         <object_component_ref idref="oc-8ac"/>
      </symbol>
      <symbol id="sm-c55">
         <name>timestampFrequency</name>
         <value>0x4258</value>
         <object_component_ref idref="oc-495"/>
      </symbol>
      <symbol id="sm-c56">
         <name>xTraceISRRegister</name>
         <value>0x1543a</value>
         <object_component_ref idref="oc-746"/>
      </symbol>
      <symbol id="sm-c57">
         <name>xTraceISRBegin</name>
         <value>0x13422</value>
         <object_component_ref idref="oc-3f5"/>
      </symbol>
      <symbol id="sm-c58">
         <name>prvTraceGetObjectHandle</name>
         <value>0x135c6</value>
         <object_component_ref idref="oc-585"/>
      </symbol>
      <symbol id="sm-c59">
         <name>vTraceSetFrequency</name>
         <value>0x15bb6</value>
         <object_component_ref idref="oc-543"/>
      </symbol>
      <symbol id="sm-c5a">
         <name>uiIndexOfObject</name>
         <value>0x14e0a</value>
         <object_component_ref idref="oc-694"/>
      </symbol>
      <symbol id="sm-c5b">
         <name>vTraceStopHookPtr</name>
         <value>0x425e</value>
         <object_component_ref idref="oc-495"/>
      </symbol>
      <symbol id="sm-c5c">
         <name>recorder_busy</name>
         <value>0x4256</value>
         <object_component_ref idref="oc-495"/>
      </symbol>
      <symbol id="sm-c5d">
         <name>isPendingContextSwitch</name>
         <value>0x4240</value>
         <object_component_ref idref="oc-495"/>
      </symbol>
      <symbol id="sm-c5e">
         <name>prvTraceFreeObjectHandle</name>
         <value>0x1521a</value>
         <object_component_ref idref="oc-a6b"/>
      </symbol>
      <symbol id="sm-c5f">
         <name>xTraceRegisterString</name>
         <value>0x159ec</value>
         <object_component_ref idref="oc-591"/>
      </symbol>
      <symbol id="sm-c60">
         <name>handle_of_last_logged_task</name>
         <value>0x425d</value>
         <object_component_ref idref="oc-495"/>
      </symbol>
      <symbol id="sm-c61">
         <name>xTracePrint</name>
         <value>0x143ae</value>
         <object_component_ref idref="oc-6fd"/>
      </symbol>
      <symbol id="sm-c62">
         <name>trace_disable_timestamp</name>
         <value>0x424a</value>
         <object_component_ref idref="oc-495"/>
      </symbol>
      <symbol id="sm-c63">
         <name>prvTraceSetTaskInstanceFinished</name>
         <value>0x1592a</value>
         <object_component_ref idref="oc-81f"/>
      </symbol>
      <symbol id="sm-c64">
         <name>prvTraceStoreKernelCallWithParam</name>
         <value>0x134f6</value>
         <object_component_ref idref="oc-7d5"/>
      </symbol>
      <symbol id="sm-c65">
         <name>prvTraceStoreTaskReady</name>
         <value>0x1426a</value>
         <object_component_ref idref="oc-4da"/>
      </symbol>
      <symbol id="sm-c8e">
         <name>PMM_setVCore</name>
         <value>0x14992</value>
         <object_component_ref idref="oc-7e2"/>
      </symbol>
      <symbol id="sm-c8f">
         <name>PMM_setVCoreDown</name>
         <value>0x13694</value>
         <object_component_ref idref="oc-936"/>
      </symbol>
      <symbol id="sm-c90">
         <name>PMM_setVCoreUp</name>
         <value>0x12c52</value>
         <object_component_ref idref="oc-930"/>
      </symbol>
      <symbol id="sm-cb6">
         <name>UCS_initFLLSettle</name>
         <value>0x1530c</value>
         <object_component_ref idref="oc-7e8"/>
      </symbol>
      <symbol id="sm-cb7">
         <name>UCS_initFLL</name>
         <value>0x12340</value>
         <object_component_ref idref="oc-93d"/>
      </symbol>
      <symbol id="sm-cc3">
         <name>__mspabi_remi</name>
         <value>0x15852</value>
         <object_component_ref idref="oc-716"/>
      </symbol>
      <symbol id="sm-cc4">
         <name>__mspabi_divi</name>
         <value>0x15852</value>
         <object_component_ref idref="oc-716"/>
      </symbol>
      <symbol id="sm-cce">
         <name>__mspabi_remu</name>
         <value>0x15c32</value>
         <object_component_ref idref="oc-8a4"/>
      </symbol>
      <symbol id="sm-ccf">
         <name>__mspabi_divu</name>
         <value>0x15c32</value>
         <object_component_ref idref="oc-8a4"/>
      </symbol>
      <symbol id="sm-cde">
         <name>__mspabi_remul</name>
         <value>0x1511a</value>
         <object_component_ref idref="oc-616"/>
      </symbol>
      <symbol id="sm-cdf">
         <name>__mspabi_divul</name>
         <value>0x1511a</value>
         <object_component_ref idref="oc-616"/>
      </symbol>
      <symbol id="sm-ce2">
         <name>__TI_int41</name>
         <value>0xffd2</value>
         <object_component_ref idref="oc-79"/>
      </symbol>
      <symbol id="sm-ce5">
         <name>__TI_int43</name>
         <value>0xffd6</value>
         <object_component_ref idref="oc-7b"/>
      </symbol>
      <symbol id="sm-ce8">
         <name>__TI_int44</name>
         <value>0xffd8</value>
         <object_component_ref idref="oc-7c"/>
      </symbol>
      <symbol id="sm-ceb">
         <name>__TI_int45</name>
         <value>0xffda</value>
         <object_component_ref idref="oc-7d"/>
      </symbol>
      <symbol id="sm-cee">
         <name>__TI_int46</name>
         <value>0xffdc</value>
         <object_component_ref idref="oc-7e"/>
      </symbol>
      <symbol id="sm-cf1">
         <name>__TI_int48</name>
         <value>0xffe0</value>
         <object_component_ref idref="oc-80"/>
      </symbol>
      <symbol id="sm-cf4">
         <name>__TI_int49</name>
         <value>0xffe2</value>
         <object_component_ref idref="oc-81"/>
      </symbol>
      <symbol id="sm-cf7">
         <name>__TI_int50</name>
         <value>0xffe4</value>
         <object_component_ref idref="oc-82"/>
      </symbol>
      <symbol id="sm-cfa">
         <name>__TI_int51</name>
         <value>0xffe6</value>
         <object_component_ref idref="oc-83"/>
      </symbol>
      <symbol id="sm-cfd">
         <name>__TI_int52</name>
         <value>0xffe8</value>
         <object_component_ref idref="oc-84"/>
      </symbol>
      <symbol id="sm-d00">
         <name>__TI_int55</name>
         <value>0xffee</value>
         <object_component_ref idref="oc-87"/>
      </symbol>
      <symbol id="sm-d03">
         <name>__TI_int56</name>
         <value>0xfff0</value>
         <object_component_ref idref="oc-88"/>
      </symbol>
      <symbol id="sm-d06">
         <name>__TI_int57</name>
         <value>0xfff2</value>
         <object_component_ref idref="oc-89"/>
      </symbol>
      <symbol id="sm-d09">
         <name>__TI_int58</name>
         <value>0xfff4</value>
         <object_component_ref idref="oc-8a"/>
      </symbol>
      <symbol id="sm-d0c">
         <name>__TI_int59</name>
         <value>0xfff6</value>
         <object_component_ref idref="oc-8b"/>
      </symbol>
      <symbol id="sm-d0f">
         <name>__TI_int60</name>
         <value>0xfff8</value>
         <object_component_ref idref="oc-8c"/>
      </symbol>
      <symbol id="sm-d12">
         <name>__TI_int61</name>
         <value>0xfffa</value>
         <object_component_ref idref="oc-8d"/>
      </symbol>
      <symbol id="sm-d15">
         <name>__TI_int62</name>
         <value>0xfffc</value>
         <object_component_ref idref="oc-8e"/>
      </symbol>
      <symbol id="sm-d1d">
         <name>__TI_ISR_TRAP</name>
         <value>0x4540</value>
         <object_component_ref idref="oc-387"/>
      </symbol>
      <symbol id="sm-d2e">
         <name>__mspabi_srll_8</name>
         <value>0x155a4</value>
         <object_component_ref idref="oc-61b"/>
      </symbol>
      <symbol id="sm-d2f">
         <name>__mspabi_srll_9</name>
         <value>0x155a0</value>
         <object_component_ref idref="oc-61b"/>
      </symbol>
      <symbol id="sm-d30">
         <name>__mspabi_srll_6</name>
         <value>0x155ac</value>
         <object_component_ref idref="oc-61b"/>
      </symbol>
      <symbol id="sm-d31">
         <name>__mspabi_srll_7</name>
         <value>0x155a8</value>
         <object_component_ref idref="oc-61b"/>
      </symbol>
      <symbol id="sm-d32">
         <name>__mspabi_srll_4</name>
         <value>0x155b4</value>
         <object_component_ref idref="oc-61b"/>
      </symbol>
      <symbol id="sm-d33">
         <name>__mspabi_srll_5</name>
         <value>0x155b0</value>
         <object_component_ref idref="oc-61b"/>
      </symbol>
      <symbol id="sm-d34">
         <name>__mspabi_srll_2</name>
         <value>0x155bc</value>
         <object_component_ref idref="oc-61b"/>
      </symbol>
      <symbol id="sm-d35">
         <name>__mspabi_srll_3</name>
         <value>0x155b8</value>
         <object_component_ref idref="oc-61b"/>
      </symbol>
      <symbol id="sm-d36">
         <name>__mspabi_srll_1</name>
         <value>0x155c0</value>
         <object_component_ref idref="oc-61b"/>
      </symbol>
      <symbol id="sm-d37">
         <name>__mspabi_srll_15</name>
         <value>0x15588</value>
         <object_component_ref idref="oc-61b"/>
      </symbol>
      <symbol id="sm-d38">
         <name>__mspabi_srll_14</name>
         <value>0x1558c</value>
         <object_component_ref idref="oc-61b"/>
      </symbol>
      <symbol id="sm-d39">
         <name>__mspabi_srll_13</name>
         <value>0x15590</value>
         <object_component_ref idref="oc-61b"/>
      </symbol>
      <symbol id="sm-d3a">
         <name>__mspabi_srll_12</name>
         <value>0x15594</value>
         <object_component_ref idref="oc-61b"/>
      </symbol>
      <symbol id="sm-d3b">
         <name>__mspabi_srll_11</name>
         <value>0x15598</value>
         <object_component_ref idref="oc-61b"/>
      </symbol>
      <symbol id="sm-d3c">
         <name>__mspabi_srll_10</name>
         <value>0x1559c</value>
         <object_component_ref idref="oc-61b"/>
      </symbol>
      <symbol id="sm-d3d">
         <name>__mspabi_srll</name>
         <value>0x15d7a</value>
         <object_component_ref idref="oc-620"/>
      </symbol>
      <symbol id="sm-d46">
         <name>__mspabi_mpyi_f5hw</name>
         <value>0x15bec</value>
         <object_component_ref idref="oc-71b"/>
      </symbol>
      <symbol id="sm-d50">
         <name>__mspabi_mpyl_f5hw</name>
         <value>0x15ac8</value>
         <object_component_ref idref="oc-79b"/>
      </symbol>
      <symbol id="sm-d62">
         <name>_stack</name>
         <value>0x4360</value>
         <object_component_ref idref="oc-36b"/>
      </symbol>
      <symbol id="sm-d63">
         <name>_c_int00_noargs</name>
         <value>0x4514</value>
         <object_component_ref idref="oc-3b6"/>
      </symbol>
      <symbol id="sm-d64">
         <name>_reset_vector</name>
         <value>0xfffe</value>
         <object_component_ref idref="oc-36e"/>
      </symbol>
      <symbol id="sm-d87">
         <name>__TI_auto_init_nobinit_nopinit_hold_wdt</name>
         <value>0x15172</value>
         <object_component_ref idref="oc-5c3"/>
      </symbol>
      <symbol id="sm-d9a">
         <name>__TI_zero_init</name>
         <value>0x15a5c</value>
         <object_component_ref idref="oc-3aa"/>
      </symbol>
      <symbol id="sm-da5">
         <name>_system_pre_init</name>
         <value>0x15dc6</value>
         <object_component_ref idref="oc-42c"/>
      </symbol>
      <symbol id="sm-dae">
         <name>_system_post_cinit</name>
         <value>0x15dca</value>
         <object_component_ref idref="oc-770"/>
      </symbol>
      <symbol id="sm-dbf">
         <name>__TI_decompress_none</name>
         <value>0x15cd8</value>
         <object_component_ref idref="oc-73"/>
      </symbol>
      <symbol id="sm-de2">
         <name>__TI_decompress_lzss</name>
         <value>0x14d20</value>
         <object_component_ref idref="oc-6d"/>
      </symbol>
      <symbol id="sm-ded">
         <name>C$$EXIT</name>
         <value>0x15da8</value>
         <object_component_ref idref="oc-59f"/>
      </symbol>
      <symbol id="sm-dee">
         <name>abort</name>
         <value>0x15da8</value>
         <object_component_ref idref="oc-59f"/>
      </symbol>
      <symbol id="sm-dfe">
         <name>memcpy</name>
         <value>0x15c74</value>
         <object_component_ref idref="oc-37a"/>
      </symbol>
      <symbol id="sm-e0c">
         <name>memset</name>
         <value>0x15c1c</value>
         <object_component_ref idref="oc-7a3"/>
      </symbol>
      <symbol id="sm-e1e">
         <name>strncmp</name>
         <value>0x15824</value>
         <object_component_ref idref="oc-9fb"/>
      </symbol>
   </symbol_table>
   <title>Link successful</title>
</link_info>
